Component: ARM Compiler 5.05 update 1 (build 106) Tool: armlink [4d0efa]

==============================================================================

Section Cross References

    main.o(.text) refers to _printf_percent.o(.ARM.Collect$$_printf_percent$$00000000) for _printf_percent
    main.o(.text) refers to _printf_c.o(.ARM.Collect$$_printf_percent$$00000013) for _printf_c
    main.o(.text) refers to _printf_str.o(.text) for _printf_str
    main.o(.text) refers to _scanf_int.o(.text) for _scanf_int
    main.o(.text) refers to stm32f10x_gpio.o(.text) for GPIO_ReadInputDataBit
    main.o(.text) refers to stm32f10x_tim.o(.text) for TIM_Cmd
    main.o(.text) refers to hmi_driver.o(.text) for DelayMS
    main.o(.text) refers to cabinet.o(.text) for Button_Scan
    main.o(.text) refers to fmul.o(x$fpl$fmul) for __aeabi_fmul
    main.o(.text) refers to fdiv.o(x$fpl$fdiv) for __aeabi_fdiv
    main.o(.text) refers to main.o(.data) for GATE_STATE
    main.o(.text) refers to cabinet.o(.data) for ENERGY_STATE
    main.o(.text) refers to rt_memcpy_w.o(.text) for __aeabi_memcpy4
    main.o(.text) refers to noretval__2sprintf.o(.text) for __2sprintf
    main.o(.text) refers to __0sscanf.o(.text) for __0sscanf
    main.o(.text) refers to main.o(.conststring) for .conststring
    main.o(.text) refers to main.o(.constdata) for .constdata
    main.o(.text) refers to delay.o(.text) for delay_ms
    main.o(.text) refers to misc.o(.text) for NVIC_PriorityGroupConfig
    main.o(.text) refers to hmi_user_uart.o(.text) for UartInit
    main.o(.text) refers to tim3.o(.text) for TIM3_Init
    main.o(.text) refers to dac.o(.text) for Dac_Init
    main.o(.text) refers to cmd_queue.o(.text) for queue_reset
    main.o(.text) refers to main.o(.bss) for cmd_buffer
    stm32f10x_it.o(.text) refers to main.o(.data) for timer_tick_count
    system_stm32f10x.o(.text) refers to system_stm32f10x.o(.data) for SystemCoreClock
    key.o(.text) refers to stm32f10x_rcc.o(.text) for RCC_APB2PeriphClockCmd
    key.o(.text) refers to stm32f10x_gpio.o(.text) for GPIO_Init
    key.o(.text) refers to delay.o(.text) for delay_ms
    key.o(.text) refers to key.o(.data) for key_up
    adc.o(.text) refers to stm32f10x_rcc.o(.text) for RCC_APB2PeriphClockCmd
    adc.o(.text) refers to stm32f10x_gpio.o(.text) for GPIO_Init
    adc.o(.text) refers to stm32f10x_adc.o(.text) for ADC_DeInit
    adc.o(.text) refers to delay.o(.text) for delay_ms
    dac.o(.text) refers to stm32f10x_rcc.o(.text) for RCC_APB2PeriphClockCmd
    dac.o(.text) refers to stm32f10x_gpio.o(.text) for GPIO_Init
    dac.o(.text) refers to stm32f10x_dac.o(.text) for DAC_Init
    dac.o(.text) refers to f2d.o(x$fpl$f2d) for __aeabi_f2d
    dac.o(.text) refers to ddiv.o(x$fpl$ddiv) for __aeabi_ddiv
    dac.o(.text) refers to dmul.o(x$fpl$dmul) for __aeabi_dmul
    dac.o(.text) refers to dfixu.o(x$fpl$dfixu) for __aeabi_d2uiz
    cabinet.o(.text) refers to stm32f10x_rcc.o(.text) for RCC_APB2PeriphClockCmd
    cabinet.o(.text) refers to stm32f10x_gpio.o(.text) for GPIO_Init
    cabinet.o(.text) refers to delay.o(.text) for delay_ms
    cabinet.o(.text) refers to cabinet.o(.data) for key_up
    cmd_queue.o(.text) refers to cmd_queue.o(.bss) for que
    cmd_queue.o(.text) refers to cmd_queue.o(.data) for cmd_state
    hmi_driver.o(.text) refers to hmi_user_uart.o(.text) for SendChar
    hmi_user_uart.o(.text) refers (Special) to use_no_semi_2.o(.text) for __use_no_semihosting
    hmi_user_uart.o(.text) refers to stm32f10x_rcc.o(.text) for RCC_APB2PeriphClockCmd
    hmi_user_uart.o(.text) refers to stm32f10x_gpio.o(.text) for GPIO_Init
    hmi_user_uart.o(.text) refers to misc.o(.text) for NVIC_Init
    hmi_user_uart.o(.text) refers to stm32f10x_usart.o(.text) for USART_Init
    hmi_user_uart.o(.text) refers to cmd_queue.o(.text) for queue_push
    hmi_user_uart.o(.data) refers (Special) to use_no_semi_2.o(.text) for __use_no_semihosting
    tim3.o(.text) refers to stm32f10x_rcc.o(.text) for RCC_APB1PeriphClockCmd
    tim3.o(.text) refers to stm32f10x_tim.o(.text) for TIM_TimeBaseInit
    tim3.o(.text) refers to misc.o(.text) for NVIC_Init
    tim3.o(.text) refers to cabinet.o(.data) for ENERGY_STATE
    delay.o(.text) refers to misc.o(.text) for SysTick_CLKSourceConfig
    delay.o(.text) refers to main.o(.data) for timer_tick_count
    startup_stm32f10x_hd.o(STACK) refers (Special) to heapauxi.o(.text) for __use_two_region_memory
    startup_stm32f10x_hd.o(HEAP) refers (Special) to heapauxi.o(.text) for __use_two_region_memory
    startup_stm32f10x_hd.o(RESET) refers (Special) to heapauxi.o(.text) for __use_two_region_memory
    startup_stm32f10x_hd.o(RESET) refers to startup_stm32f10x_hd.o(STACK) for __initial_sp
    startup_stm32f10x_hd.o(RESET) refers to startup_stm32f10x_hd.o(.text) for Reset_Handler
    startup_stm32f10x_hd.o(RESET) refers to stm32f10x_it.o(.text) for NMI_Handler
    startup_stm32f10x_hd.o(RESET) refers to tim3.o(.text) for TIM3_IRQHandler
[...]
    ..\STM32F10x_FWLib\src\misc.c            0x00000000   Number         0  misc.o ABSOLUTE
    ..\STM32F10x_FWLib\src\stm32f10x_adc.c   0x00000000   Number         0  stm32f10x_adc.o ABSOLUTE
    ..\STM32F10x_FWLib\src\stm32f10x_dac.c   0x00000000   Number         0  stm32f10x_dac.o ABSOLUTE
    ..\STM32F10x_FWLib\src\stm32f10x_fsmc.c  0x00000000   Number         0  stm32f10x_fsmc.o ABSOLUTE
    ..\STM32F10x_FWLib\src\stm32f10x_gpio.c  0x00000000   Number         0  stm32f10x_gpio.o ABSOLUTE
    ..\STM32F10x_FWLib\src\stm32f10x_rcc.c   0x00000000   Number         0  stm32f10x_rcc.o ABSOLUTE
    ..\STM32F10x_FWLib\src\stm32f10x_tim.c   0x00000000   Number         0  stm32f10x_tim.o ABSOLUTE
    ..\STM32F10x_FWLib\src\stm32f10x_usart.c 0x00000000   Number         0  stm32f10x_usart.o ABSOLUTE
    ..\SYSTEM\delay\delay.c                  0x00000000   Number         0  delay.o ABSOLUTE
    ..\SYSTEM\sys\sys.c                      0x00000000   Number         0  sys.o ABSOLUTE
    ..\\CORE\\core_cm3.c                     0x00000000   Number         0  core_cm3.o ABSOLUTE
    ..\\SYSTEM\\sys\\sys.c                   0x00000000   Number         0  sys.o ABSOLUTE
    dc.s                                     0x00000000   Number         0  dc.o ABSOLUTE
    main.c                                   0x00000000   Number         0  main.o ABSOLUTE
    stm32f10x_it.c                           0x00000000   Number         0  stm32f10x_it.o ABSOLUTE
    system_stm32f10x.c                       0x00000000   Number         0  system_stm32f10x.o ABSOLUTE
    RESET                                    0x08000000   Section      304  startup_stm32f10x_hd.o(RESET)
    !!!main                                  0x08000130   Section        8  __main.o(!!!main)
    !!!scatter                               0x08000138   Section       52  __scatter.o(!!!scatter)
    !!handler_copy                           0x0800016c   Section       26  __scatter_copy.o(!!handler_copy)
    !!handler_zi                             0x08000188   Section       28  __scatter_zi.o(!!handler_zi)
    .ARM.Collect$$_printf_percent$$00000000  0x080001a4   Section        0  _printf_percent.o(.ARM.Collect$$_printf_percent$$00000000)
    .ARM.Collect$$_printf_percent$$00000013  0x080001a4   Section        6  _printf_c.o(.ARM.Collect$$_printf_percent$$00000013)
    .ARM.Collect$$_printf_percent$$00000017  0x080001aa   Section        4  _printf_percent_end.o(.ARM.Collect$$_printf_percent$$00000017)
    .ARM.Collect$$libinit$$00000000          0x080001ae   Section        2  libinit.o(.ARM.Collect$$libinit$$00000000)
    .ARM.Collect$$libinit$$00000002          0x080001b0   Section        0  libinit2.o(.ARM.Collect$$libinit$$00000002)
    .ARM.Collect$$libinit$$00000004          0x080001b0   Section        0  libinit2.o(.ARM.Collect$$libinit$$00000004)
    .ARM.Collect$$libinit$$0000000A          0x080001b0   Section        0  libinit2.o(.ARM.Collect$$libinit$$0000000A)
    .ARM.Collect$$libinit$$0000000C          0x080001b0   Section        0  libinit2.o(.ARM.Collect$$libinit$$0000000C)
    .ARM.Collect$$libinit$$0000000E          0x080001b0   Section        0  libinit2.o(.ARM.Collect$$libinit$$0000000E)
    .ARM.Collect$$libinit$$0000000F          0x080001b0   Section        6  libinit2.o(.ARM.Collect$$libinit$$0000000F)
    .ARM.Collect$$libinit$$00000011          0x080001b6   Section        0  libinit2.o(.ARM.Collect$$libinit$$00000011)
    .ARM.Collect$$libinit$$00000012          0x080001b6   Section       12  libinit2.o(.ARM.Collect$$libinit$$00000012)
    .ARM.Collect$$libinit$$00000013          0x080001c2   Section        0  libinit2.o(.ARM.Collect$$libinit$$00000013)
    .ARM.Collect$$libinit$$00000015          0x080001c2   Section        0  libinit2.o(.ARM.Collect$$libinit$$00000015)
    .ARM.Collect$$libinit$$00000017          0x080001c2   Section        0  libinit2.o(.ARM.Collect$$libinit$$00000017)
    .ARM.Collect$$libinit$$00000019          0x080001c2   Section        0  libinit2.o(.ARM.Collect$$libinit$$00000019)
    .ARM.Collect$$libinit$$0000001B          0x080001c2   Section        0  libinit2.o(.ARM.Collect$$libinit$$0000001B)
    .ARM.Collect$$libinit$$0000001D          0x080001c2   Section        0  libinit2.o(.ARM.Collect$$libinit$$0000001D)
    .ARM.Collect$$libinit$$0000001F          0x080001c2   Section        0  libinit2.o(.ARM.Collect$$libinit$$0000001F)
    .ARM.Collect$$libinit$$00000021          0x080001c2   Section        0  libinit2.o(.ARM.Collect$$libinit$$00000021)
    .ARM.Collect$$libinit$$00000023          0x080001c2   Section        0  libinit2.o(.ARM.Collect$$libinit$$00000023)
    .ARM.Collect$$libinit$$00000025          0x080001c2   Section        0  libinit2.o(.ARM.Collect$$libinit$$00000025)
    .ARM.Collect$$libinit$$0000002C          0x080001c2   Section        0  libinit2.o(.ARM.Collect$$libinit$$0000002C)
    .ARM.Collect$$libinit$$0000002E          0x080001c2   Section        0  libinit2.o(.ARM.Collect$$libinit$$0000002E)
    .ARM.Collect$$libinit$$00000030          0x080001c2   Section        0  libinit2.o(.ARM.Collect$$libinit$$00000030)
    .ARM.Collect$$libinit$$00000032          0x080001c2   Section        0  libinit2.o(.ARM.Collect$$libinit$$00000032)
    .ARM.Collect$$libinit$$00000033          0x080001c2   Section        2  libinit2.o(.ARM.Collect$$libinit$$00000033)
    .ARM.Collect$$libshutdown$$00000000      0x080001c4   Section        2  libshutdown.o(.ARM.Collect$$libshutdown$$00000000)
    .ARM.Collect$$libshutdown$$00000003      0x080001c6   Section        0  libshutdown2.o(.ARM.Collect$$libshutdown$$00000003)
    .ARM.Collect$$libshutdown$$00000006      0x080001c6   Section        0  libshutdown2.o(.ARM.Collect$$libshutdown$$00000006)
    .ARM.Collect$$libshutdown$$00000009      0x080001c6   Section        0  libshutdown2.o(.ARM.Collect$$libshutdown$$00000009)
    .ARM.Collect$$libshutdown$$0000000B      0x080001c6   Section        0  libshutdown2.o(.ARM.Collect$$libshutdown$$0000000B)
    .ARM.Collect$$libshutdown$$0000000E      0x080001c6   Section        0  libshutdown2.o(.ARM.Collect$$libshutdown$$0000000E)
    .ARM.Collect$$libshutdown$$0000000F      0x080001c6   Section        2  libshutdown2.o(.ARM.Collect$$libshutdown$$0000000F)
    .ARM.Collect$$rtentry$$00000000          0x080001c8   Section        0  __rtentry.o(.ARM.Collect$$rtentry$$00000000)
    .ARM.Collect$$rtentry$$00000002          0x080001c8   Section        0  __rtentry2.o(.ARM.Collect$$rtentry$$00000002)
    .ARM.Collect$$rtentry$$00000004          0x080001c8   Section        6  __rtentry4.o(.ARM.Collect$$rtentry$$00000004)
    .ARM.Collect$$rtentry$$00000009          0x080001ce   Section        0  __rtentry2.o(.ARM.Collect$$rtentry$$00000009)
    .ARM.Collect$$rtentry$$0000000A          0x080001ce   Section        4  __rtentry2.o(.ARM.Collect$$rtentry$$0000000A)
    .ARM.Collect$$rtentry$$0000000C          0x080001d2   Section        0  __rtentry2.o(.ARM.Collect$$rtentry$$0000000C)
    .ARM.Collect$$rtentry$$0000000D          0x080001d2   Section        8  __rtentry2.o(.ARM.Collect$$rtentry$$0000000D)
    .ARM.Collect$$rtexit$$00000000           0x080001da   Section        2  rtexit.o(.ARM.Collect$$rtexit$$00000000)
    .ARM.Collect$$rtexit$$00000002           0x080001dc   Section        0  rtexit2.o(.ARM.Collect$$rtexit$$00000002)
    .ARM.Collect$$rtexit$$00000003           0x080001dc   Section        4  rtexit2.o(.ARM.Collect$$rtexit$$00000003)
    .ARM.Collect$$rtexit$$00000004           0x080001e0   Section        6  rtexit2.o(.ARM.Collect$$rtexit$$00000004)
    .text                                    0x080001e8   Section        0  main.o(.text)
    .text                                    0x08001428   Section        0  stm32f10x_it.o(.text)
    .text                                    0x08001450   Section        0  system_stm32f10x.o(.text)
    SetSysClockTo72                          0x08001451   Thumb Code   214  system_stm32f10x.o(.text)
    SetSysClock                              0x08001527   Thumb Code     8  system_stm32f10x.o(.text)
    .text                                    0x08001630   Section        0  dac.o(.text)
    .text                                    0x08001768   Section        0  cabinet.o(.text)
    .text                                    0x08001908   Section        0  cmd_queue.o(.text)
    queue_pop                                0x08001947   Thumb Code    48  cmd_queue.o(.text)
    queue_size                               0x08001977   Thumb Code    30  cmd_queue.o(.text)
    .text                                    0x08001a1c   Section        0  hmi_driver.o(.text)
    .text                                    0x08003d70   Section        0  hmi_user_uart.o(.text)
    .text                                    0x08003e78   Section        0  tim3.o(.text)
    .text                                    0x08003f04   Section        0  delay.o(.text)
    .text                                    0x08003f84   Section       64  startup_stm32f10x_hd.o(.text)
    .text                                    0x08003fc4   Section        0  misc.o(.text)
    .text                                    0x080040a0   Section        0  stm32f10x_gpio.o(.text)
    .text                                    0x080043fc   Section        0  stm32f10x_usart.o(.text)
    .text                                    0x08004804   Section        0  stm32f10x_dac.o(.text)
    .text                                    0x08004990   Section        0  stm32f10x_rcc.o(.text)
    .text                                    0x08004d34   Section        0  stm32f10x_tim.o(.text)
    TI4_Config                               0x080051db   Thumb Code   130  stm32f10x_tim.o(.text)
    TI3_Config                               0x0800526f   Thumb Code   122  stm32f10x_tim.o(.text)
    TI2_Config                               0x08005303   Thumb Code   130  stm32f10x_tim.o(.text)
    TI1_Config                               0x08005397   Thumb Code   108  stm32f10x_tim.o(.text)
    .text                                    0x08005b4e   Section        2  use_no_semi_2.o(.text)
    .text                                    0x08005b50   Section        0  noretval__2sprintf.o(.text)
    .text                                    0x08005b78   Section        0  __printf.o(.text)
    .text                                    0x08005be0   Section        0  _printf_str.o(.text)
    .text                                    0x08005c34   Section        0  __0sscanf.o(.text)
    .text                                    0x08005c70   Section        0  _scanf_int.o(.text)
    .text                                    0x08005dbc   Section      100  rt_memcpy_w.o(.text)
    .text                                    0x08005e20   Section        0  heapauxi.o(.text)
    .text                                    0x08005e26   Section        2  use_no_semi.o(.text)
    .text                                    0x08005e28   Section        0  _printf_char_common.o(.text)
    _printf_input_char                       0x08005e29   Thumb Code    10  _printf_char_common.o(.text)
    .text                                    0x08005e58   Section        0  _sputc.o(.text)
    .text                                    0x08005e62   Section        0  _printf_char.o(.text)
    .text                                    0x08005e8e   Section        0  _chval.o(.text)
    .text                                    0x08005eac   Section        0  scanf_char.o(.text)
    _scanf_char_input                        0x08005ead   Thumb Code    12  scanf_char.o(.text)
    .text                                    0x08005ed8   Section        0  _sgetc.o(.text)
    .text                                    0x08005f18   Section        0  isspace.o(.text)
    .text                                    0x08005f2c   Section        0  _scanf.o(.text)
    .text                                    0x080062a0   Section       74  sys_stackheap_outer.o(.text)
    .text                                    0x080062ec   Section       16  rt_ctype_table.o(.text)
    .text                                    0x080062fc   Section        0  exit.o(.text)
    .text                                    0x08006308   Section        8  libspace.o(.text)
    .text                                    0x08006310   Section        8  rt_locale_intlibspace.o(.text)
    .text                                    0x08006318   Section      128  strcmpv7m.o(.text)
    locale$$code                             0x08006398   Section       44  lc_ctype_c.o(locale$$code)
    x$fpl$ddiv                               0x080063c4   Section      688  ddiv.o(x$fpl$ddiv)
    ddiv_entry                               0x080063cb   Thumb Code     0  ddiv.o(x$fpl$ddiv)
    x$fpl$dfixu                              0x08006674   Section       90  dfixu.o(x$fpl$dfixu)
    x$fpl$dmul                               0x080066d0   Section      340  dmul.o(x$fpl$dmul)
    x$fpl$dnaninf                            0x08006824   Section      156  dnaninf.o(x$fpl$dnaninf)
    x$fpl$dretinf                            0x080068c0   Section       12  dretinf.o(x$fpl$dretinf)
    x$fpl$f2d                                0x080068cc   Section       86  f2d.o(x$fpl$f2d)
    x$fpl$fdiv                               0x08006924   Section      388  fdiv.o(x$fpl$fdiv)
    _fdiv1                                   0x08006925   Thumb Code     0  fdiv.o(x$fpl$fdiv)
    x$fpl$fmul                               0x08006aa8   Section      258  fmul.o(x$fpl$fmul)
    x$fpl$fnaninf                            0x08006baa   Section      140  fnaninf.o(x$fpl$fnaninf)
    x$fpl$fretinf                            0x08006c36   Section       10  fretinf.o(x$fpl$fretinf)
    .constdata                               0x08006c40   Section      368  main.o(.constdata)
    x$fpl$usenofp                            0x08006c40   Section        0  usenofp.o(x$fpl$usenofp)
    .conststring                             0x08006db0   Section      268  main.o(.conststring)
    locale$$data                             0x08006edc   Section      272  lc_ctype_c.o(locale$$data)
    __lcctype_c_name                         0x08006ee0   Data           2  lc_ctype_c.o(locale$$data)
    __lcctype_c_start                        0x08006ee8   Data           0  lc_ctype_c.o(locale$$data)
    __lcctype_c_end                          0x08006fec   Data           0  lc_ctype_c.o(locale$$data)
    .data                                    0x20000000   Section      100  main.o(.data)
    current_screen_id                        0x20000030   Data           2  main.o(.data)
    progress_value                           0x20000034   Data           4  main.o(.data)
    test_value                               0x20000038   Data           4  main.o(.data)
    update_en                                0x2000003c   Data           1  main.o(.data)
    meter_flag                               0x20000040   Data           4  main.o(.data)
    num                                      0x20000044   Data           4  main.o(.data)
    sec                                      0x20000048   Data           4  main.o(.data)
    curves_type                              0x2000004c   Data           4  main.o(.data)
    second_flag                              0x20000050   Data           4  main.o(.data)
    icon_flag                                0x20000054   Data           4  main.o(.data)
    Select_H                                 0x20000058   Data           1  main.o(.data)
    Select_M                                 0x20000059   Data           1  main.o(.data)
    Last_H                                   0x2000005a   Data           1  main.o(.data)
    Last_M                                   0x2000005b   Data           1  main.o(.data)
    Progress_Value                           0x2000005c   Data           4  main.o(.data)
    UI_DEBUG                                 0x20000060   Data           1  main.o(.data)
    simulation                               0x20000061   Data           1  main.o(.data)
    energy_t                                 0x20000062   Data           1  main.o(.data)
    GATE_STATE                               0x20000063   Data           1  main.o(.data)
    .data                                    0x20000064   Section       20  system_stm32f10x.o(.data)
    .data                                    0x20000078   Section        2  cabinet.o(.data)
    key_up                                   0x20000079   Data           1  cabinet.o(.data)
    .data                                    0x2000007c   Section        6  cmd_queue.o(.data)
    cmd_state                                0x2000007c   Data           4  cmd_queue.o(.data)
    cmd_pos                                  0x20000080   Data           2  cmd_queue.o(.data)
    .data                                    0x20000082   Section       20  stm32f10x_rcc.o(.data)
    APBAHBPrescTable                         0x20000082   Data          16  stm32f10x_rcc.o(.data)
    ADCPrescTable                            0x20000092   Data           4  stm32f10x_rcc.o(.data)
    .bss                                     0x20000098   Section       64  main.o(.bss)
    .bss                                     0x200000d8   Section      516  cmd_queue.o(.bss)
    que                                      0x200000d8   Data         516  cmd_queue.o(.bss)
    .bss                                     0x200002dc   Section       96  libspace.o(.bss)
    HEAP                                     0x20000340   Section      512  startup_stm32f10x_hd.o(HEAP)
    Heap_Mem                                 0x20000340   Data         512  startup_stm32f10x_hd.o(HEAP)
    STACK                                    0x20000540   Section     1024  startup_stm32f10x_hd.o(STACK)
    Stack_Mem                                0x20000540   Data        1024  startup_stm32f10x_hd.o(STACK)
    __initial_sp                             0x20000940   Data           0  startup_stm32f10x_hd.o(STACK)

    Global Symbols

    Symbol Name                              Value     Ov Type        Size  Object(Section)

    BuildAttributes$$THM_ISAv4$P$D$K$B$S$PE$A:L22UL41UL21$X:L11$S22US41US21$IEEE1$IW$USESV6$~STKCKD$USESV7$~SHL$OSPACE$ROPI$EBA8$UX$STANDARDLIB$REQ8$PRES8$EABIv2 0x00000000   Number         0  anon$$obj.o ABSOLUTE
    __ARM_use_no_argv                        0x00000000   Number         0  main.o ABSOLUTE
    __ARM_exceptions_init                     - Undefined Weak Reference
    __alloca_initialize                       - Undefined Weak Reference
    __arm_preinit_                            - Undefined Weak Reference
    __cpp_initialize__aeabi_                  - Undefined Weak Reference
    __cxa_finalize                            - Undefined Weak Reference
    __sigvec_lookup                           - Undefined Weak Reference
    _atexit_init                              - Undefined Weak Reference
    _call_atexit_fns                          - Undefined Weak Reference
    _clock_init                               - Undefined Weak Reference
    _fp_trap_init                             - Undefined Weak Reference
    _fp_trap_shutdown                         - Undefined Weak Reference
    _get_lc_collate                           - Undefined Weak Reference
    _get_lc_monetary                          - Undefined Weak Reference
    _get_lc_numeric                           - Undefined Weak Reference
    _get_lc_time                              - Undefined Weak Reference
    _getenv_init                              - Undefined Weak Reference
    _handle_redirection                       - Undefined Weak Reference
    _init_alloc                               - Undefined Weak Reference
    _init_user_alloc                          - Undefined Weak Reference
    _initio                                   - Undefined Weak Reference
    _printf_mbtowc                            - Undefined Weak Reference
    _printf_post_padding                      - Undefined Weak Reference
    _printf_pre_padding                       - Undefined Weak Reference
    _rand_init                                - Undefined Weak Reference
    _scanf_longlong                           - Undefined Weak Reference
    _scanf_mbtowc                             - Undefined Weak Reference
    _scanf_real                               - Undefined Weak Reference
    _scanf_string                             - Undefined Weak Reference
    _scanf_wctomb                             - Undefined Weak Reference
    _scanf_wstring                            - Undefined Weak Reference
    _signal_finish                            - Undefined Weak Reference
    _signal_init                              - Undefined Weak Reference
    _terminate_alloc                          - Undefined Weak Reference
    _terminate_user_alloc                     - Undefined Weak Reference
    _terminateio                              - Undefined Weak Reference
    __Vectors_Size                           0x00000130   Number         0  startup_stm32f10x_hd.o ABSOLUTE
    __Vectors                                0x08000000   Data           4  startup_stm32f10x_hd.o(RESET)
    __Vectors_End                            0x08000130   Data           0  startup_stm32f10x_hd.o(RESET)
    __main                                   0x08000131   Thumb Code     8  __main.o(!!!main)
    __scatterload                            0x08000139   Thumb Code     0  __scatter.o(!!!scatter)
    __scatterload_rt2                        0x08000139   Thumb Code    44  __scatter.o(!!!scatter)
    __scatterload_rt2_thumb_only             0x08000139   Thumb Code     0  __scatter.o(!!!scatter)
    __scatterload_null                       0x08000147   Thumb Code     0  __scatter.o(!!!scatter)
    __scatterload_copy                       0x0800016d   Thumb Code    26  __scatter_copy.o(!!handler_copy)
    __scatterload_zeroinit                   0x08000189   Thumb Code    28  __scatter_zi.o(!!handler_zi)
    _printf_c                                0x080001a5   Thumb Code     0  _printf_c.o(.ARM.Collect$$_printf_percent$$00000013)
    _printf_percent                          0x080001a5   Thumb Code     0  _printf_percent.o(.ARM.Collect$$_printf_percent$$00000000)
    _printf_percent_end                      0x080001ab   Thumb Code     0  _printf_percent_end.o(.ARM.Collect$$_printf_percent$$00000017)
    __rt_lib_init                            0x080001af   Thumb Code     0  libinit.o(.ARM.Collect$$libinit$$00000000)
    __rt_lib_init_fp_1                       0x080001b1   Thumb Code     0  libinit2.o(.ARM.Collect$$libinit$$00000002)
    __rt_lib_init_heap_1                     0x080001b1   Thumb Code     0  libinit2.o(.ARM.Collect$$libinit$$0000000A)
    __rt_lib_init_lc_common                  0x080001b1   Thumb Code     0  libinit2.o(.ARM.Collect$$libinit$$0000000F)
    __rt_lib_init_preinit_1                  0x080001b1   Thumb Code     0  libinit2.o(.ARM.Collect$$libinit$$00000004)
    __rt_lib_init_rand_1                     0x080001b1   Thumb Code     0  libinit2.o(.ARM.Collect$$libinit$$0000000E)
    __rt_lib_init_user_alloc_1               0x080001b1   Thumb Code     0  libinit2.o(.ARM.Collect$$libinit$$0000000C)
    __rt_lib_init_lc_collate_1               0x080001b7   Thumb Code     0  libinit2.o(.ARM.Collect$$libinit$$00000011)
    __rt_lib_init_lc_ctype_2                 0x080001b7   Thumb Code     0  libinit2.o(.ARM.Collect$$libinit$$00000012)
    __rt_lib_init_alloca_1                   0x080001c3   Thumb Code     0  libinit2.o(.ARM.Collect$$libinit$$0000002E)
    __rt_lib_init_argv_1                     0x080001c3   Thumb Code     0  libinit2.o(.ARM.Collect$$libinit$$0000002C)
    __rt_lib_init_atexit_1                   0x080001c3   Thumb Code     0  libinit2.o(.ARM.Collect$$libinit$$0000001B)
    __rt_lib_init_clock_1                    0x080001c3   Thumb Code     0  libinit2.o(.ARM.Collect$$libinit$$00000021)
    __rt_lib_init_cpp_1                      0x080001c3   Thumb Code     0  libinit2.o(.ARM.Collect$$libinit$$00000032)
    __rt_lib_init_exceptions_1               0x080001c3   Thumb Code     0  libinit2.o(.ARM.Collect$$libinit$$00000030)
    __rt_lib_init_fp_trap_1                  0x080001c3   Thumb Code     0  libinit2.o(.ARM.Collect$$libinit$$0000001F)
    __rt_lib_init_getenv_1                   0x080001c3   Thumb Code     0  libinit2.o(.ARM.Collect$$libinit$$00000023)
    __rt_lib_init_lc_ctype_1                 0x080001c3   Thumb Code     0  libinit2.o(.ARM.Collect$$libinit$$00000013)
    __rt_lib_init_lc_monetary_1              0x080001c3   Thumb Code     0  libinit2.o(.ARM.Collect$$libinit$$00000015)
    __rt_lib_init_lc_numeric_1               0x080001c3   Thumb Code     0  libinit2.o(.ARM.Collect$$libinit$$00000017)
    __rt_lib_init_lc_time_1                  0x080001c3   Thumb Code     0  libinit2.o(.ARM.Collect$$libinit$$00000019)
    __rt_lib_init_return                     0x080001c3   Thumb Code     0  libinit2.o(.ARM.Collect$$libinit$$00000033)
    __rt_lib_init_signal_1                   0x080001c3   Thumb Code     0  libinit2.o(.ARM.Collect$$libinit$$0000001D)
    __rt_lib_init_stdio_1                    0x080001c3   Thumb Code     0  libinit2.o(.ARM.Collect$$libinit$$00000025)
    __rt_lib_shutdown                        0x080001c5   Thumb Code     0  libshutdown.o(.ARM.Collect$$libshutdown$$00000000)
    __rt_lib_shutdown_fp_trap_1              0x080001c7   Thumb Code     0  libshutdown2.o(.ARM.Collect$$libshutdown$$00000006)
    __rt_lib_shutdown_heap_1                 0x080001c7   Thumb Code     0  libshutdown2.o(.ARM.Collect$$libshutdown$$0000000E)
    __rt_lib_shutdown_return                 0x080001c7   Thumb Code     0  libshutdown2.o(.ARM.Collect$$libshutdown$$0000000F)
    __rt_lib_shutdown_signal_1               0x080001c7   Thumb Code     0  libshutdown2.o(.ARM.Collect$$libshutdown$$00000009)
    __rt_lib_shutdown_stdio_1                0x080001c7   Thumb Code     0  libshutdown2.o(.ARM.Collect$$libshutdown$$00000003)
    __rt_lib_shutdown_user_alloc_1           0x080001c7   Thumb Code     0  libshutdown2.o(.ARM.Collect$$libshutdown$$0000000B)
    __rt_entry                               0x080001c9   Thumb Code     0  __rtentry.o(.ARM.Collect$$rtentry$$00000000)
    __rt_entry_presh_1                       0x080001c9   Thumb Code     0  __rtentry2.o(.ARM.Collect$$rtentry$$00000002)
    __rt_entry_sh                            0x080001c9   Thumb Code     0  __rtentry4.o(.ARM.Collect$$rtentry$$00000004)
    __rt_entry_li                            0x080001cf   Thumb Code     0  __rtentry2.o(.ARM.Collect$$rtentry$$0000000A)
    __rt_entry_postsh_1                      0x080001cf   Thumb Code     0  __rtentry2.o(.ARM.Collect$$rtentry$$00000009)
    __rt_entry_main                          0x080001d3   Thumb Code     0  __rtentry2.o(.ARM.Collect$$rtentry$$0000000D)
    __rt_entry_postli_1                      0x080001d3   Thumb Code     0  __rtentry2.o(.ARM.Collect$$rtentry$$0000000C)
    __rt_exit                                0x080001db   Thumb Code     0  rtexit.o(.ARM.Collect$$rtexit$$00000000)
    __rt_exit_ls                             0x080001dd   Thumb Code     0  rtexit2.o(.ARM.Collect$$rtexit$$00000003)
    __rt_exit_prels_1                        0x080001dd   Thumb Code     0  rtexit2.o(.ARM.Collect$$rtexit$$00000002)
    __rt_exit_exit                           0x080001e1   Thumb Code     0  rtexit2.o(.ARM.Collect$$rtexit$$00000004)
    OPERATION_LOCAL_MODLE                    0x080001e9   Thumb Code   352  main.o(.text)
    OPERATION_DISTANCE_MODLE                 0x08000349   Thumb Code   482  main.o(.text)
    UpdateUI                                 0x0800052b   Thumb Code   830  main.o(.text)
    NOTIFYHandShake                          0x08000869   Thumb Code    14  main.o(.text)
    NotifyTimer                              0x08000877   Thumb Code    22  main.o(.text)
    NotifySelector                           0x0800088d   Thumb Code    26  main.o(.text)
    NotifyMenu                               0x080008a7   Thumb Code     2  main.o(.text)
    NotifyMeter                              0x080008a9   Thumb Code     2  main.o(.text)
    NotifySlider                             0x080008ab   Thumb Code   116  main.o(.text)
    NotifyProgress                           0x0800091f   Thumb Code    36  main.o(.text)
    NotifyText                               0x08000943   Thumb Code   102  main.o(.text)
    NotifyButton                             0x080009a9   Thumb Code   726  main.o(.text)
    NotifyScreen                             0x08000c7f   Thumb Code   270  main.o(.text)
    NotifyReadRTC                            0x08000d8d   Thumb Code   436  main.o(.text)
    NotifyReadFlash                          0x08000f41   Thumb Code     2  main.o(.text)
    NotifyWriteFlash                         0x08000f43   Thumb Code     2  main.o(.text)
    NotifyTouchXY                            0x08000f45   Thumb Code     2  main.o(.text)
    ProcessMessage                           0x08000f47   Thumb Code   384  main.o(.text)
    main                                     0x080010c7   Thumb Code   844  main.o(.text)
    NMI_Handler                              0x08001429   Thumb Code     2  stm32f10x_it.o(.text)
    HardFault_Handler                        0x0800142b   Thumb Code     4  stm32f10x_it.o(.text)
    MemManage_Handler                        0x0800142f   Thumb Code     4  stm32f10x_it.o(.text)
    BusFault_Handler                         0x08001433   Thumb Code     4  stm32f10x_it.o(.text)
    UsageFault_Handler                       0x08001437   Thumb Code     4  stm32f10x_it.o(.text)
    SVC_Handler                              0x0800143b   Thumb Code     2  stm32f10x_it.o(.text)
    DebugMon_Handler                         0x0800143d   Thumb Code     2  stm32f10x_it.o(.text)
    PendSV_Handler                           0x0800143f   Thumb Code     2  stm32f10x_it.o(.text)
    SysTick_Handler                          0x08001441   Thumb Code    12  stm32f10x_it.o(.text)
    SystemInit                               0x0800152f   Thumb Code    78  system_stm32f10x.o(.text)
    SystemCoreClockUpdate                    0x0800157d   Thumb Code   142  system_stm32f10x.o(.text)
    Dac_Init                                 0x08001631   Thumb Code   126  dac.o(.text)
    Dac1_Set_Vol                             0x080016af   Thumb Code    82  dac.o(.text)
    Dac2_Set_Vol                             0x08001701   Thumb Code    82  dac.o(.text)
    led_init                                 0x08001769   Thumb Code    82  cabinet.o(.text)
    control_key_init                         0x080017bb   Thumb Code    56  cabinet.o(.text)
    knob_sw_init                             0x080017f3   Thumb Code    86  cabinet.o(.text)
    cabinet_gpio_init                        0x08001849   Thumb Code    16  cabinet.o(.text)
    cabinet_parameter_init                   0x08001859   Thumb Code     2  cabinet.o(.text)
    Button_Scan                              0x0800185b   Thumb Code   152  cabinet.o(.text)
    queue_reset                              0x08001909   Thumb Code    18  cmd_queue.o(.text)
    queue_push                               0x0800191b   Thumb Code    44  cmd_queue.o(.text)
    queue_find_cmd                           0x08001995   Thumb Code   122  cmd_queue.o(.text)
    DelayMS                                  0x08001a1d   Thumb Code    24  hmi_driver.o(.text)
    SendStrings                              0x08001a35   Thumb Code    22  hmi_driver.o(.text)
    SendNU8                                  0x08001a4b   Thumb Code    26  hmi_driver.o(.text)
    SendNU16                                 0x08001a65   Thumb Code    38  hmi_driver.o(.text)
    SetHandShake                             0x08001a8b   Thumb Code    40  hmi_driver.o(.text)
    SetFcolor                                0x08001ab3   Thumb Code    54  hmi_driver.o(.text)
    SetBcolor                                0x08001ae9   Thumb Code    54  hmi_driver.o(.text)
    ColorPicker                              0x08001b1f   Thumb Code    76  hmi_driver.o(.text)
    GUI_CleanScreen                          0x08001b6b   Thumb Code    40  hmi_driver.o(.text)
    SetTextSpace                             0x08001b93   Thumb Code    56  hmi_driver.o(.text)
    SetFont_Region                           0x08001bcb   Thumb Code    76  hmi_driver.o(.text)
    SetFilterColor                           0x08001c17   Thumb Code    68  hmi_driver.o(.text)
    DisText                                  0x08001c5b   Thumb Code    98  hmi_driver.o(.text)
    DisCursor                                0x08001cbd   Thumb Code   100  hmi_driver.o(.text)
    DisFull_Image                            0x08001d21   Thumb Code    62  hmi_driver.o(.text)
    DisArea_Image                            0x08001d5f   Thumb Code    94  hmi_driver.o(.text)
    DisCut_Image                             0x08001dbd   Thumb Code   164  hmi_driver.o(.text)
    DisFlashImage                            0x08001e61   Thumb Code   106  hmi_driver.o(.text)
    GUI_Dot                                  0x08001ecb   Thumb Code    68  hmi_driver.o(.text)
    GUI_Line                                 0x08001f0f   Thumb Code   100  hmi_driver.o(.text)
    GUI_ConDots                              0x08001f73   Thumb Code    66  hmi_driver.o(.text)
    GUI_ConSpaceDots                         0x08001fb5   Thumb Code    84  hmi_driver.o(.text)
    GUI_FcolorConOffsetDots                  0x08002009   Thumb Code    84  hmi_driver.o(.text)
    GUI_BcolorConOffsetDots                  0x0800205d   Thumb Code    84  hmi_driver.o(.text)
    SetPowerSaving                           0x080020b1   Thumb Code    76  hmi_driver.o(.text)
    GUI_FcolorConDots                        0x080020fd   Thumb Code    58  hmi_driver.o(.text)
    GUI_BcolorConDots                        0x08002137   Thumb Code    58  hmi_driver.o(.text)
    GUI_Circle                               0x08002171   Thumb Code    82  hmi_driver.o(.text)
    GUI_CircleFill                           0x080021c3   Thumb Code    82  hmi_driver.o(.text)
    GUI_Arc                                  0x08002215   Thumb Code   120  hmi_driver.o(.text)
    GUI_Rectangle                            0x0800228d   Thumb Code   100  hmi_driver.o(.text)
    GUI_RectangleFill                        0x080022f1   Thumb Code   100  hmi_driver.o(.text)
    GUI_Ellipse                              0x08002355   Thumb Code   100  hmi_driver.o(.text)
    GUI_EllipseFill                          0x080023b9   Thumb Code   100  hmi_driver.o(.text)
    SetBackLight                             0x0800241d   Thumb Code    48  hmi_driver.o(.text)
    SetBuzzer                                0x0800244d   Thumb Code    48  hmi_driver.o(.text)
    GUI_AreaInycolor                         0x0800247d   Thumb Code   100  hmi_driver.o(.text)
    SetTouchPaneOption                       0x080024e1   Thumb Code    92  hmi_driver.o(.text)
    CalibrateTouchPane                       0x0800253d   Thumb Code    40  hmi_driver.o(.text)
    TestTouchPane                            0x08002565   Thumb Code    40  hmi_driver.o(.text)
    LockDeviceConfig                         0x0800258d   Thumb Code    64  hmi_driver.o(.text)
    UnlockDeviceConfig                       0x080025cd   Thumb Code    64  hmi_driver.o(.text)
    SetCommBps                               0x0800260d   Thumb Code    48  hmi_driver.o(.text)
    WriteLayer                               0x0800263d   Thumb Code    48  hmi_driver.o(.text)
    DisplyLayer                              0x0800266d   Thumb Code    48  hmi_driver.o(.text)
    CopyLayer                                0x0800269d   Thumb Code    56  hmi_driver.o(.text)
    ClearLayer                               0x080026d5   Thumb Code    48  hmi_driver.o(.text)
    GUI_DispRTC                              0x08002705   Thumb Code   118  hmi_driver.o(.text)
    WriteUserFlash                           0x0800277b   Thumb Code    82  hmi_driver.o(.text)
    ReadUserFlash                            0x080027cd   Thumb Code    84  hmi_driver.o(.text)
    GetScreen                                0x08002821   Thumb Code    48  hmi_driver.o(.text)
    SetScreen                                0x08002851   Thumb Code    60  hmi_driver.o(.text)
    SetScreenUpdateEnable                    0x0800288d   Thumb Code    48  hmi_driver.o(.text)
    SetControlFocus                          0x080028bd   Thumb Code    82  hmi_driver.o(.text)
    SetControlVisiable                       0x0800290f   Thumb Code    82  hmi_driver.o(.text)
    SetControlEnable                         0x08002961   Thumb Code    82  hmi_driver.o(.text)
    SetButtonValue                           0x080029b3   Thumb Code    82  hmi_driver.o(.text)
    SetTextValue                             0x08002a05   Thumb Code    82  hmi_driver.o(.text)
    SetTextInt32                             0x08002a57   Thumb Code   140  hmi_driver.o(.text)
    SetTextFloat                             0x08002ae3   Thumb Code   140  hmi_driver.o(.text)
    SetProgressValue                         0x08002b6f   Thumb Code   104  hmi_driver.o(.text)
    SetMeterValue                            0x08002bd7   Thumb Code   104  hmi_driver.o(.text)
    Set_picMeterValue                        0x08002c3f   Thumb Code    88  hmi_driver.o(.text)
    SetSliderValue                           0x08002c97   Thumb Code   104  hmi_driver.o(.text)
    SetSelectorValue                         0x08002cff   Thumb Code    82  hmi_driver.o(.text)
    GetControlValue                          0x08002d51   Thumb Code    74  hmi_driver.o(.text)
    AnimationStart                           0x08002d9b   Thumb Code    74  hmi_driver.o(.text)
    AnimationStop                            0x08002de5   Thumb Code    74  hmi_driver.o(.text)
    AnimationPause                           0x08002e2f   Thumb Code    74  hmi_driver.o(.text)
    AnimationPlayFrame                       0x08002e79   Thumb Code    82  hmi_driver.o(.text)
    AnimationPlayPrev                        0x08002ecb   Thumb Code    74  hmi_driver.o(.text)
    AnimationPlayNext                        0x08002f15   Thumb Code    74  hmi_driver.o(.text)
    GraphChannelAdd                          0x08002f5f   Thumb Code   100  hmi_driver.o(.text)
    GraphChannelDel                          0x08002fc3   Thumb Code    82  hmi_driver.o(.text)
    GraphChannelDataAdd                      0x08003015   Thumb Code   110  hmi_driver.o(.text)
    GraphChannelDataClear                    0x08003083   Thumb Code    82  hmi_driver.o(.text)
    GraphSetViewport                         0x080030d5   Thumb Code   144  hmi_driver.o(.text)
    BatchBegin                               0x08003165   Thumb Code    36  hmi_driver.o(.text)
    BatchSetButtonValue                      0x08003189   Thumb Code    38  hmi_driver.o(.text)
    BatchSetProgressValue                    0x080031af   Thumb Code    60  hmi_driver.o(.text)
    BatchSetSliderValue                      0x080031eb   Thumb Code    60  hmi_driver.o(.text)
    BatchSetMeterValue                       0x08003227   Thumb Code    60  hmi_driver.o(.text)
    GetStringLen                             0x08003263   Thumb Code    18  hmi_driver.o(.text)
    BatchSetText                             0x08003275   Thumb Code    56  hmi_driver.o(.text)
    BatchSetFrame                            0x080032ad   Thumb Code    44  hmi_driver.o(.text)
    BatchSetVisible                          0x080032d9   Thumb Code    32  hmi_driver.o(.text)
    BatchSetEnable                           0x080032f9   Thumb Code    32  hmi_driver.o(.text)
    BatchEnd                                 0x08003319   Thumb Code    28  hmi_driver.o(.text)
    SeTimer                                  0x08003335   Thumb Code   104  hmi_driver.o(.text)
    StartTimer                               0x0800339d   Thumb Code    74  hmi_driver.o(.text)
    StopTimer                                0x080033e7   Thumb Code    74  hmi_driver.o(.text)
    PauseTimer                               0x08003431   Thumb Code    74  hmi_driver.o(.text)
    SetControlBackColor                      0x0800347b   Thumb Code    88  hmi_driver.o(.text)
    SetControlForeColor                      0x080034d3   Thumb Code    88  hmi_driver.o(.text)
    ShowPopupMenu                            0x0800352b   Thumb Code   100  hmi_driver.o(.text)
    ShowKeyboard                             0x0800358f   Thumb Code   108  hmi_driver.o(.text)
    SetLanguage                              0x080035fb   Thumb Code    68  hmi_driver.o(.text)
    FlashBeginSaveControl                    0x0800363f   Thumb Code    82  hmi_driver.o(.text)
    FlashSaveControl                         0x08003691   Thumb Code    32  hmi_driver.o(.text)
    FlashEndSaveControl                      0x080036b1   Thumb Code    28  hmi_driver.o(.text)
    FlashRestoreControl                      0x080036cd   Thumb Code   106  hmi_driver.o(.text)
    HistoryGraph_SetValueInt8                0x08003737   Thumb Code    90  hmi_driver.o(.text)
    HistoryGraph_SetValueInt16               0x08003791   Thumb Code    90  hmi_driver.o(.text)
    HistoryGraph_SetValueInt32               0x080037eb   Thumb Code   136  hmi_driver.o(.text)
    HistoryGraph_SetValueFloat               0x08003873   Thumb Code   128  hmi_driver.o(.text)
    HistoryGraph_EnableSampling              0x080038f3   Thumb Code    82  hmi_driver.o(.text)
    HistoryGraph_ShowChannel                 0x08003945   Thumb Code    94  hmi_driver.o(.text)
    HistoryGraph_SetTimeLength               0x080039a3   Thumb Code    94  hmi_driver.o(.text)
    HistoryGraph_SetTimeFullScreen           0x08003a01   Thumb Code    80  hmi_driver.o(.text)
    HistoryGraph_SetTimeZoom                 0x08003a51   Thumb Code   132  hmi_driver.o(.text)
    Record_SetEvent                          0x08003ad5   Thumb Code   126  hmi_driver.o(.text)
    Record_ResetEvent                        0x08003b53   Thumb Code   126  hmi_driver.o(.text)
    Record_Add                               0x08003bd1   Thumb Code    82  hmi_driver.o(.text)
    Record_Clear                             0x08003c23   Thumb Code    74  hmi_driver.o(.text)
    Record_SetOffset                         0x08003c6d   Thumb Code    88  hmi_driver.o(.text)
    Record_GetCount                          0x08003cc5   Thumb Code    74  hmi_driver.o(.text)
    ReadRTC                                  0x08003d0f   Thumb Code    40  hmi_driver.o(.text)
    PlayMusic                                0x08003d37   Thumb Code    58  hmi_driver.o(.text)
    _sys_exit                                0x08003d71   Thumb Code     4  hmi_user_uart.o(.text)
    fputc                                    0x08003d75   Thumb Code    24  hmi_user_uart.o(.text)
    UartInit                                 0x08003d8d   Thumb Code   152  hmi_user_uart.o(.text)
    SendChar                                 0x08003e25   Thumb Code    42  hmi_user_uart.o(.text)
    USART1_IRQHandler                        0x08003e4f   Thumb Code    32  hmi_user_uart.o(.text)
    TIM3_Init                                0x08003e79   Thumb Code   102  tim3.o(.text)
    TIM3_IRQHandler                          0x08003edf   Thumb Code    28  tim3.o(.text)
    delay_ms                                 0x08003f05   Thumb Code    30  delay.o(.text)
    systicket_init                           0x08003f23   Thumb Code    82  delay.o(.text)
    Reset_Handler                            0x08003f85   Thumb Code     8  startup_stm32f10x_hd.o(.text)
    ADC1_2_IRQHandler                        0x08003f9f   Thumb Code     0  startup_stm32f10x_hd.o(.text)
    ADC3_IRQHandler                          0x08003f9f   Thumb Code     0  startup_stm32f10x_hd.o(.text)
    CAN1_RX1_IRQHandler                      0x08003f9f   Thumb Code     0  startup_stm32f10x_hd.o(.text)
    CAN1_SCE_IRQHandler                      0x08003f9f   Thumb Code     0  startup_stm32f10x_hd.o(.text)
    DMA1_Channel1_IRQHandler                 0x08003f9f   Thumb Code     0  startup_stm32f10x_hd.o(.text)
    DMA1_Channel2_IRQHandler                 0x08003f9f   Thumb Code     0  startup_stm32f10x_hd.o(.text)
    DMA1_Channel3_IRQHandler                 0x08003f9f   Thumb Code     0  startup_stm32f10x_hd.o(.text)
    DMA1_Channel4_IRQHandler                 0x08003f9f   Thumb Code     0  startup_stm32f10x_hd.o(.text)
    DMA1_Channel5_IRQHandler                 0x08003f9f   Thumb Code     0  startup_stm32f10x_hd.o(.text)
    DMA1_Channel6_IRQHandler                 0x08003f9f   Thumb Code     0  startup_stm32f10x_hd.o(.text)
    DMA1_Channel7_IRQHandler                 0x08003f9f   Thumb Code     0  startup_stm32f10x_hd.o(.text)
    DMA2_Channel1_IRQHandler                 0x08003f9f   Thumb Code     0  startup_stm32f10x_hd.o(.text)
    DMA2_Channel2_IRQHandler                 0x08003f9f   Thumb Code     0  startup_stm32f10x_hd.o(.text)
    DMA2_Channel3_IRQHandler                 0x08003f9f   Thumb Code     0  startup_stm32f10x_hd.o(.text)
    DMA2_Channel4_5_IRQHandler               0x08003f9f   Thumb Code     0  startup_stm32f10x_hd.o(.text)
    EXTI0_IRQHandler                         0x08003f9f   Thumb Code     0  startup_stm32f10x_hd.o(.text)
    EXTI15_10_IRQHandler                     0x08003f9f   Thumb Code     0  startup_stm32f10x_hd.o(.text)
    EXTI1_IRQHandler                         0x08003f9f   Thumb Code     0  startup_stm32f10x_hd.o(.text)
    EXTI2_IRQHandler                         0x08003f9f   Thumb Code     0  startup_stm32f10x_hd.o(.text)
    EXTI3_IRQHandler                         0x08003f9f   Thumb Code     0  startup_stm32f10x_hd.o(.text)
    EXTI4_IRQHandler                         0x08003f9f   Thumb Code     0  startup_stm32f10x_hd.o(.text)
    EXTI9_5_IRQHandler                       0x08003f9f   Thumb Code     0  startup_stm32f10x_hd.o(.text)
    FLASH_IRQHandler                         0x08003f9f   Thumb Code     0  startup_stm32f10x_hd.o(.text)
    FSMC_IRQHandler                          0x08003f9f   Thumb Code     0  startup_stm32f10x_hd.o(.text)
    I2C1_ER_IRQHandler                       0x08003f9f   Thumb Code     0  startup_stm32f10x_hd.o(.text)
    I2C1_EV_IRQHandler                       0x08003f9f   Thumb Code     0  startup_stm32f10x_hd.o(.text)
    I2C2_ER_IRQHandler                       0x08003f9f   Thumb Code     0  startup_stm32f10x_hd.o(.text)
    I2C2_EV_IRQHandler                       0x08003f9f   Thumb Code     0  startup_stm32f10x_hd.o(.text)
    PVD_IRQHandler                           0x08003f9f   Thumb Code     0  startup_stm32f10x_hd.o(.text)
    RCC_IRQHandler                           0x08003f9f   Thumb Code     0  startup_stm32f10x_hd.o(.text)
    RTCAlarm_IRQHandler                      0x08003f9f   Thumb Code     0  startup_stm32f10x_hd.o(.text)
    RTC_IRQHandler                           0x08003f9f   Thumb Code     0  startup_stm32f10x_hd.o(.text)
    SDIO_IRQHandler                          0x08003f9f   Thumb Code     0  startup_stm32f10x_hd.o(.text)
    SPI1_IRQHandler                          0x08003f9f   Thumb Code     0  startup_stm32f10x_hd.o(.text)
    SPI2_IRQHandler                          0x08003f9f   Thumb Code     0  startup_stm32f10x_hd.o(.text)
    SPI3_IRQHandler                          0x08003f9f   Thumb Code     0  startup_stm32f10x_hd.o(.text)
    TAMPER_IRQHandler                        0x08003f9f   Thumb Code     0  startup_stm32f10x_hd.o(.text)
    TIM1_BRK_IRQHandler                      0x08003f9f   Thumb Code     0  startup_stm32f10x_hd.o(.text)
    TIM1_CC_IRQHandler                       0x08003f9f   Thumb Code     0  startup_stm32f10x_hd.o(.text)
    TIM1_TRG_COM_IRQHandler                  0x08003f9f   Thumb Code     0  startup_stm32f10x_hd.o(.text)
    TIM1_UP_IRQHandler                       0x08003f9f   Thumb Code     0  startup_stm32f10x_hd.o(.text)
    TIM2_IRQHandler                          0x08003f9f   Thumb Code     0  startup_stm32f10x_hd.o(.text)
    TIM4_IRQHandler                          0x08003f9f   Thumb Code     0  startup_stm32f10x_hd.o(.text)
    TIM5_IRQHandler                          0x08003f9f   Thumb Code     0  startup_stm32f10x_hd.o(.text)
    TIM6_IRQHandler                          0x08003f9f   Thumb Code     0  startup_stm32f10x_hd.o(.text)
    TIM7_IRQHandler                          0x08003f9f   Thumb Code     0  startup_stm32f10x_hd.o(.text)
    TIM8_BRK_IRQHandler                      0x08003f9f   Thumb Code     0  startup_stm32f10x_hd.o(.text)
    TIM8_CC_IRQHandler                       0x08003f9f   Thumb Code     0  startup_stm32f10x_hd.o(.text)
    TIM8_TRG_COM_IRQHandler                  0x08003f9f   Thumb Code     0  startup_stm32f10x_hd.o(.text)
    TIM8_UP_IRQHandler                       0x08003f9f   Thumb Code     0  startup_stm32f10x_hd.o(.text)
    UART4_IRQHandler                         0x08003f9f   Thumb Code     0  startup_stm32f10x_hd.o(.text)
    UART5_IRQHandler                         0x08003f9f   Thumb Code     0  startup_stm32f10x_hd.o(.text)
    USART2_IRQHandler                        0x08003f9f   Thumb Code     0  startup_stm32f10x_hd.o(.text)
    USART3_IRQHandler                        0x08003f9f   Thumb Code     0  startup_stm32f10x_hd.o(.text)
    USBWakeUp_IRQHandler                     0x08003f9f   Thumb Code     0  startup_stm32f10x_hd.o(.text)
    USB_HP_CAN1_TX_IRQHandler                0x08003f9f   Thumb Code     0  startup_stm32f10x_hd.o(.text)
    USB_LP_CAN1_RX0_IRQHandler               0x08003f9f   Thumb Code     0  startup_stm32f10x_hd.o(.text)
    WWDG_IRQHandler                          0x08003f9f   Thumb Code     0  startup_stm32f10x_hd.o(.text)
    __user_initial_stackheap                 0x08003fa1   Thumb Code     0  startup_stm32f10x_hd.o(.text)
    NVIC_PriorityGroupConfig                 0x08003fc5   Thumb Code    10  misc.o(.text)
    NVIC_Init                                0x08003fcf   Thumb Code   100  misc.o(.text)
    NVIC_SetVectorTable                      0x08004033   Thumb Code    14  misc.o(.text)
    NVIC_SystemLPConfig                      0x08004041   Thumb Code    34  misc.o(.text)
    SysTick_CLKSourceConfig                  0x08004063   Thumb Code    40  misc.o(.text)
    GPIO_DeInit                              0x080040a1   Thumb Code   172  stm32f10x_gpio.o(.text)
    GPIO_AFIODeInit                          0x0800414d   Thumb Code    20  stm32f10x_gpio.o(.text)
    GPIO_Init                                0x08004161   Thumb Code   278  stm32f10x_gpio.o(.text)
    GPIO_StructInit                          0x08004277   Thumb Code    16  stm32f10x_gpio.o(.text)
    GPIO_ReadInputDataBit                    0x08004287   Thumb Code    18  stm32f10x_gpio.o(.text)
    GPIO_ReadInputData                       0x08004299   Thumb Code     8  stm32f10x_gpio.o(.text)
    GPIO_ReadOutputDataBit                   0x080042a1   Thumb Code    18  stm32f10x_gpio.o(.text)
    GPIO_ReadOutputData                      0x080042b3   Thumb Code     8  stm32f10x_gpio.o(.text)
    GPIO_SetBits                             0x080042bb   Thumb Code     4  stm32f10x_gpio.o(.text)
    GPIO_ResetBits                           0x080042bf   Thumb Code     4  stm32f10x_gpio.o(.text)
    GPIO_WriteBit                            0x080042c3   Thumb Code    10  stm32f10x_gpio.o(.text)
    GPIO_Write                               0x080042cd   Thumb Code     4  stm32f10x_gpio.o(.text)
    GPIO_PinLockConfig                       0x080042d1   Thumb Code    18  stm32f10x_gpio.o(.text)
    GPIO_EventOutputConfig                   0x080042e3   Thumb Code    26  stm32f10x_gpio.o(.text)
    GPIO_EventOutputCmd                      0x080042fd   Thumb Code     6  stm32f10x_gpio.o(.text)
    GPIO_PinRemapConfig                      0x08004303   Thumb Code   138  stm32f10x_gpio.o(.text)
    GPIO_EXTILineConfig                      0x0800438d   Thumb Code    66  stm32f10x_gpio.o(.text)
    GPIO_ETH_MediaInterfaceConfig            0x080043cf   Thumb Code     8  stm32f10x_gpio.o(.text)
    USART_DeInit                             0x080043fd   Thumb Code   134  stm32f10x_usart.o(.text)
    USART_Init                               0x08004483   Thumb Code   210  stm32f10x_usart.o(.text)
    USART_StructInit                         0x08004555   Thumb Code    24  stm32f10x_usart.o(.text)
    USART_ClockInit                          0x0800456d   Thumb Code    34  stm32f10x_usart.o(.text)
    USART_ClockStructInit                    0x0800458f   Thumb Code    12  stm32f10x_usart.o(.text)
    USART_Cmd                                0x0800459b   Thumb Code    24  stm32f10x_usart.o(.text)
    USART_ITConfig                           0x080045b3   Thumb Code    74  stm32f10x_usart.o(.text)
    USART_DMACmd                             0x080045fd   Thumb Code    18  stm32f10x_usart.o(.text)
    USART_SetAddress                         0x0800460f   Thumb Code    18  stm32f10x_usart.o(.text)
    USART_WakeUpConfig                       0x08004621   Thumb Code    18  stm32f10x_usart.o(.text)
    USART_ReceiverWakeUpCmd                  0x08004633   Thumb Code    24  stm32f10x_usart.o(.text)
    USART_LINBreakDetectLengthConfig         0x0800464b   Thumb Code    18  stm32f10x_usart.o(.text)
    USART_LINCmd                             0x0800465d   Thumb Code    24  stm32f10x_usart.o(.text)
    USART_SendData                           0x08004675   Thumb Code     8  stm32f10x_usart.o(.text)
    USART_ReceiveData                        0x0800467d   Thumb Code    10  stm32f10x_usart.o(.text)
    USART_SendBreak                          0x08004687   Thumb Code    10  stm32f10x_usart.o(.text)
    USART_SetGuardTime                       0x08004691   Thumb Code    16  stm32f10x_usart.o(.text)
    USART_SetPrescaler                       0x080046a1   Thumb Code    16  stm32f10x_usart.o(.text)
    USART_SmartCardCmd                       0x080046b1   Thumb Code    24  stm32f10x_usart.o(.text)
    USART_SmartCardNACKCmd                   0x080046c9   Thumb Code    24  stm32f10x_usart.o(.text)
    USART_HalfDuplexCmd                      0x080046e1   Thumb Code    24  stm32f10x_usart.o(.text)
    USART_OverSampling8Cmd                   0x080046f9   Thumb Code    22  stm32f10x_usart.o(.text)
    USART_OneBitMethodCmd                    0x0800470f   Thumb Code    24  stm32f10x_usart.o(.text)
    USART_IrDAConfig                         0x08004727   Thumb Code    18  stm32f10x_usart.o(.text)
    USART_IrDACmd                            0x08004739   Thumb Code    24  stm32f10x_usart.o(.text)
    USART_GetFlagStatus                      0x08004751   Thumb Code    26  stm32f10x_usart.o(.text)
    USART_ClearFlag                          0x0800476b   Thumb Code    18  stm32f10x_usart.o(.text)
    USART_GetITStatus                        0x0800477d   Thumb Code    84  stm32f10x_usart.o(.text)
    USART_ClearITPendingBit                  0x080047d1   Thumb Code    52  stm32f10x_usart.o(.text)
    DAC_DeInit                               0x08004805   Thumb Code    22  stm32f10x_dac.o(.text)
    DAC_Init                                 0x0800481b   Thumb Code    46  stm32f10x_dac.o(.text)
    DAC_StructInit                           0x08004849   Thumb Code    12  stm32f10x_dac.o(.text)
    DAC_Cmd                                  0x08004855   Thumb Code    34  stm32f10x_dac.o(.text)
    DAC_DMACmd                               0x08004877   Thumb Code    38  stm32f10x_dac.o(.text)
    DAC_SoftwareTriggerCmd                   0x0800489d   Thumb Code    48  stm32f10x_dac.o(.text)
    DAC_DualSoftwareTriggerCmd               0x080048cd   Thumb Code    38  stm32f10x_dac.o(.text)
    DAC_WaveGenerationCmd                    0x080048f3   Thumb Code    36  stm32f10x_dac.o(.text)
    DAC_SetChannel1Data                      0x08004917   Thumb Code    26  stm32f10x_dac.o(.text)
    DAC_SetChannel2Data                      0x08004931   Thumb Code    26  stm32f10x_dac.o(.text)
    DAC_SetDualChannelData                   0x0800494b   Thumb Code    32  stm32f10x_dac.o(.text)
    DAC_GetDataOutputValue                   0x0800496b   Thumb Code    32  stm32f10x_dac.o(.text)
    RCC_DeInit                               0x08004991   Thumb Code    64  stm32f10x_rcc.o(.text)
    RCC_HSEConfig                            0x080049d1   Thumb Code    70  stm32f10x_rcc.o(.text)
    RCC_GetFlagStatus                        0x08004a17   Thumb Code    56  stm32f10x_rcc.o(.text)
    RCC_WaitForHSEStartUp                    0x08004a4f   Thumb Code    56  stm32f10x_rcc.o(.text)
    RCC_AdjustHSICalibrationValue            0x08004a87   Thumb Code    20  stm32f10x_rcc.o(.text)
    RCC_HSICmd                               0x08004a9b   Thumb Code     6  stm32f10x_rcc.o(.text)
    RCC_PLLConfig                            0x08004aa1   Thumb Code    24  stm32f10x_rcc.o(.text)
    RCC_PLLCmd                               0x08004ab9   Thumb Code     6  stm32f10x_rcc.o(.text)
    RCC_SYSCLKConfig                         0x08004abf   Thumb Code    18  stm32f10x_rcc.o(.text)
    RCC_GetSYSCLKSource                      0x08004ad1   Thumb Code    10  stm32f10x_rcc.o(.text)
    RCC_HCLKConfig                           0x08004adb   Thumb Code    18  stm32f10x_rcc.o(.text)
    RCC_PCLK1Config                          0x08004aed   Thumb Code    18  stm32f10x_rcc.o(.text)
    RCC_PCLK2Config                          0x08004aff   Thumb Code    20  stm32f10x_rcc.o(.text)
    RCC_ITConfig                             0x08004b13   Thumb Code    26  stm32f10x_rcc.o(.text)
    RCC_USBCLKConfig                         0x08004b2d   Thumb Code     8  stm32f10x_rcc.o(.text)
    RCC_ADCCLKConfig                         0x08004b35   Thumb Code    18  stm32f10x_rcc.o(.text)
    RCC_LSEConfig                            0x08004b47   Thumb Code    50  stm32f10x_rcc.o(.text)
    RCC_LSICmd                               0x08004b79   Thumb Code     6  stm32f10x_rcc.o(.text)
    RCC_RTCCLKConfig                         0x08004b7f   Thumb Code    12  stm32f10x_rcc.o(.text)
    RCC_RTCCLKCmd                            0x08004b8b   Thumb Code     8  stm32f10x_rcc.o(.text)
    RCC_GetClocksFreq                        0x08004b93   Thumb Code   192  stm32f10x_rcc.o(.text)
    RCC_AHBPeriphClockCmd                    0x08004c53   Thumb Code    26  stm32f10x_rcc.o(.text)
    RCC_APB2PeriphClockCmd                   0x08004c6d   Thumb Code    26  stm32f10x_rcc.o(.text)
    RCC_APB1PeriphClockCmd                   0x08004c87   Thumb Code    26  stm32f10x_rcc.o(.text)
    RCC_APB2PeriphResetCmd                   0x08004ca1   Thumb Code    26  stm32f10x_rcc.o(.text)
    RCC_APB1PeriphResetCmd                   0x08004cbb   Thumb Code    26  stm32f10x_rcc.o(.text)
    RCC_BackupResetCmd                       0x08004cd5   Thumb Code     8  stm32f10x_rcc.o(.text)
    RCC_ClockSecuritySystemCmd               0x08004cdd   Thumb Code     6  stm32f10x_rcc.o(.text)
    RCC_MCOConfig                            0x08004ce3   Thumb Code     6  stm32f10x_rcc.o(.text)
    RCC_ClearFlag                            0x08004ce9   Thumb Code    14  stm32f10x_rcc.o(.text)
    RCC_GetITStatus                          0x08004cf7   Thumb Code    20  stm32f10x_rcc.o(.text)
    RCC_ClearITPendingBit                    0x08004d0b   Thumb Code     6  stm32f10x_rcc.o(.text)
    TIM_DeInit                               0x08004d35   Thumb Code   424  stm32f10x_tim.o(.text)
    TIM_TimeBaseInit                         0x08004edd   Thumb Code   122  stm32f10x_tim.o(.text)
    TIM_OC1Init                              0x08004f57   Thumb Code   132  stm32f10x_tim.o(.text)
    TIM_OC2Init                              0x08004fdb   Thumb Code   154  stm32f10x_tim.o(.text)
    TIM_OC3Init                              0x08005075   Thumb Code   150  stm32f10x_tim.o(.text)
    TIM_OC4Init                              0x0800510b   Thumb Code   182  stm32f10x_tim.o(.text)
    TIM_SetIC4Prescaler                      0x080051c1   Thumb Code    26  stm32f10x_tim.o(.text)
    TIM_SetIC3Prescaler                      0x0800525d   Thumb Code    18  stm32f10x_tim.o(.text)
    TIM_SetIC2Prescaler                      0x080052e9   Thumb Code    26  stm32f10x_tim.o(.text)
    TIM_SetIC1Prescaler                      0x08005385   Thumb Code    18  stm32f10x_tim.o(.text)
    TIM_ICInit                               0x08005403   Thumb Code   150  stm32f10x_tim.o(.text)
    TIM_PWMIConfig                           0x08005499   Thumb Code   124  stm32f10x_tim.o(.text)
    TIM_BDTRConfig                           0x08005515   Thumb Code    32  stm32f10x_tim.o(.text)
    TIM_TimeBaseStructInit                   0x08005535   Thumb Code    18  stm32f10x_tim.o(.text)
    TIM_OCStructInit                         0x08005547   Thumb Code    20  stm32f10x_tim.o(.text)
    TIM_ICStructInit                         0x0800555b   Thumb Code    18  stm32f10x_tim.o(.text)
    TIM_BDTRStructInit                       0x0800556d   Thumb Code    40  stm32f10x_tim.o(.text)
    TIM_Cmd                                  0x08005595   Thumb Code    24  stm32f10x_tim.o(.text)
    TIM_CtrlPWMOutputs                       0x080055ad   Thumb Code    30  stm32f10x_tim.o(.text)
    TIM_ITConfig                             0x080055cb   Thumb Code    18  stm32f10x_tim.o(.text)
    TIM_GenerateEvent                        0x080055dd   Thumb Code     4  stm32f10x_tim.o(.text)
    TIM_DMAConfig                            0x080055e1   Thumb Code    10  stm32f10x_tim.o(.text)
    TIM_DMACmd                               0x080055eb   Thumb Code    18  stm32f10x_tim.o(.text)
    TIM_InternalClockConfig                  0x080055fd   Thumb Code    12  stm32f10x_tim.o(.text)
    TIM_SelectInputTrigger                   0x08005609   Thumb Code    18  stm32f10x_tim.o(.text)
    TIM_ITRxExternalClockConfig              0x0800561b   Thumb Code    24  stm32f10x_tim.o(.text)
    TIM_TIxExternalClockConfig               0x08005633   Thumb Code    62  stm32f10x_tim.o(.text)
    TIM_ETRConfig                            0x08005671   Thumb Code    28  stm32f10x_tim.o(.text)
    TIM_ETRClockMode1Config                  0x0800568d   Thumb Code    54  stm32f10x_tim.o(.text)
    TIM_ETRClockMode2Config                  0x080056c3   Thumb Code    32  stm32f10x_tim.o(.text)
    TIM_PrescalerConfig                      0x080056e3   Thumb Code     6  stm32f10x_tim.o(.text)
    TIM_CounterModeConfig                    0x080056e9   Thumb Code    18  stm32f10x_tim.o(.text)
    TIM_EncoderInterfaceConfig               0x080056fb   Thumb Code    66  stm32f10x_tim.o(.text)
    TIM_ForcedOC1Config                      0x0800573d   Thumb Code    18  stm32f10x_tim.o(.text)
    TIM_ForcedOC2Config                      0x0800574f   Thumb Code    26  stm32f10x_tim.o(.text)
    TIM_ForcedOC3Config                      0x08005769   Thumb Code    18  stm32f10x_tim.o(.text)
    TIM_ForcedOC4Config                      0x0800577b   Thumb Code    26  stm32f10x_tim.o(.text)
    TIM_ARRPreloadConfig                     0x08005795   Thumb Code    24  stm32f10x_tim.o(.text)
    TIM_SelectCOM                            0x080057ad   Thumb Code    24  stm32f10x_tim.o(.text)
    TIM_SelectCCDMA                          0x080057c5   Thumb Code    24  stm32f10x_tim.o(.text)
    TIM_CCPreloadControl                     0x080057dd   Thumb Code    24  stm32f10x_tim.o(.text)
    TIM_OC1PreloadConfig                     0x080057f5   Thumb Code    18  stm32f10x_tim.o(.text)
    TIM_OC2PreloadConfig                     0x08005807   Thumb Code    26  stm32f10x_tim.o(.text)
    TIM_OC3PreloadConfig                     0x08005821   Thumb Code    18  stm32f10x_tim.o(.text)
    TIM_OC4PreloadConfig                     0x08005833   Thumb Code    26  stm32f10x_tim.o(.text)
    TIM_OC1FastConfig                        0x0800584d   Thumb Code    18  stm32f10x_tim.o(.text)
    TIM_OC2FastConfig                        0x0800585f   Thumb Code    26  stm32f10x_tim.o(.text)
    TIM_OC3FastConfig                        0x08005879   Thumb Code    18  stm32f10x_tim.o(.text)
    TIM_OC4FastConfig                        0x0800588b   Thumb Code    26  stm32f10x_tim.o(.text)
    TIM_ClearOC1Ref                          0x080058a5   Thumb Code    18  stm32f10x_tim.o(.text)
    TIM_ClearOC2Ref                          0x080058b7   Thumb Code    24  stm32f10x_tim.o(.text)
    TIM_ClearOC3Ref                          0x080058cf   Thumb Code    18  stm32f10x_tim.o(.text)
    TIM_ClearOC4Ref                          0x080058e1   Thumb Code    24  stm32f10x_tim.o(.text)
    TIM_OC1PolarityConfig                    0x080058f9   Thumb Code    18  stm32f10x_tim.o(.text)
    TIM_OC1NPolarityConfig                   0x0800590b   Thumb Code    18  stm32f10x_tim.o(.text)
    TIM_OC2PolarityConfig                    0x0800591d   Thumb Code    26  stm32f10x_tim.o(.text)
    TIM_OC2NPolarityConfig                   0x08005937   Thumb Code    26  stm32f10x_tim.o(.text)
    TIM_OC3PolarityConfig                    0x08005951   Thumb Code    26  stm32f10x_tim.o(.text)
    TIM_OC3NPolarityConfig                   0x0800596b   Thumb Code    26  stm32f10x_tim.o(.text)
    TIM_OC4PolarityConfig                    0x08005985   Thumb Code    26  stm32f10x_tim.o(.text)
    TIM_CCxCmd                               0x0800599f   Thumb Code    30  stm32f10x_tim.o(.text)
    TIM_CCxNCmd                              0x080059bd   Thumb Code    30  stm32f10x_tim.o(.text)
    TIM_SelectOCxM                           0x080059db   Thumb Code    82  stm32f10x_tim.o(.text)
    TIM_UpdateDisableConfig                  0x08005a2d   Thumb Code    24  stm32f10x_tim.o(.text)
    TIM_UpdateRequestConfig                  0x08005a45   Thumb Code    24  stm32f10x_tim.o(.text)
    TIM_SelectHallSensor                     0x08005a5d   Thumb Code    24  stm32f10x_tim.o(.text)
    TIM_SelectOnePulseMode                   0x08005a75   Thumb Code    18  stm32f10x_tim.o(.text)
    TIM_SelectOutputTrigger                  0x08005a87   Thumb Code    18  stm32f10x_tim.o(.text)
    TIM_SelectSlaveMode                      0x08005a99   Thumb Code    18  stm32f10x_tim.o(.text)
    TIM_SelectMasterSlaveMode                0x08005aab   Thumb Code    18  stm32f10x_tim.o(.text)
    TIM_SetCounter                           0x08005abd   Thumb Code     4  stm32f10x_tim.o(.text)
    TIM_SetAutoreload                        0x08005ac1   Thumb Code     4  stm32f10x_tim.o(.text)
    TIM_SetCompare1                          0x08005ac5   Thumb Code     4  stm32f10x_tim.o(.text)
    TIM_SetCompare2                          0x08005ac9   Thumb Code     4  stm32f10x_tim.o(.text)
    TIM_SetCompare3                          0x08005acd   Thumb Code     4  stm32f10x_tim.o(.text)
    TIM_SetCompare4                          0x08005ad1   Thumb Code     6  stm32f10x_tim.o(.text)
    TIM_SetClockDivision                     0x08005ad7   Thumb Code    18  stm32f10x_tim.o(.text)
    TIM_GetCapture1                          0x08005ae9   Thumb Code     6  stm32f10x_tim.o(.text)
    TIM_GetCapture2                          0x08005aef   Thumb Code     6  stm32f10x_tim.o(.text)
    TIM_GetCapture3                          0x08005af5   Thumb Code     6  stm32f10x_tim.o(.text)
    TIM_GetCapture4                          0x08005afb   Thumb Code     8  stm32f10x_tim.o(.text)
    TIM_GetCounter                           0x08005b03   Thumb Code     6  stm32f10x_tim.o(.text)
    TIM_GetPrescaler                         0x08005b09   Thumb Code     6  stm32f10x_tim.o(.text)
    TIM_GetFlagStatus                        0x08005b0f   Thumb Code    18  stm32f10x_tim.o(.text)
    TIM_ClearFlag                            0x08005b21   Thumb Code     6  stm32f10x_tim.o(.text)
    TIM_GetITStatus                          0x08005b27   Thumb Code    34  stm32f10x_tim.o(.text)
    TIM_ClearITPendingBit                    0x08005b49   Thumb Code     6  stm32f10x_tim.o(.text)
    __use_no_semihosting                     0x08005b4f   Thumb Code     2  use_no_semi_2.o(.text)
    __2sprintf                               0x08005b51   Thumb Code    34  noretval__2sprintf.o(.text)
    __printf                                 0x08005b79   Thumb Code   104  __printf.o(.text)
    _printf_str                              0x08005be1   Thumb Code    82  _printf_str.o(.text)
    __0sscanf                                0x08005c35   Thumb Code    52  __0sscanf.o(.text)
    _scanf_int                               0x08005c71   Thumb Code   332  _scanf_int.o(.text)
    __aeabi_memcpy4                          0x08005dbd   Thumb Code     0  rt_memcpy_w.o(.text)
    __aeabi_memcpy8                          0x08005dbd   Thumb Code     0  rt_memcpy_w.o(.text)
    __rt_memcpy_w                            0x08005dbd   Thumb Code   100  rt_memcpy_w.o(.text)
    _memcpy_lastbytes_aligned                0x08005e05   Thumb Code     0  rt_memcpy_w.o(.text)
    __use_two_region_memory                  0x08005e21   Thumb Code     2  heapauxi.o(.text)
    __rt_heap_escrow$2region                 0x08005e23   Thumb Code     2  heapauxi.o(.text)
    __rt_heap_expand$2region                 0x08005e25   Thumb Code     2  heapauxi.o(.text)
    __I$use$semihosting                      0x08005e27   Thumb Code     0  use_no_semi.o(.text)
    __use_no_semihosting_swi                 0x08005e27   Thumb Code     2  use_no_semi.o(.text)
    _printf_char_common                      0x08005e33   Thumb Code    32  _printf_char_common.o(.text)
    _sputc                                   0x08005e59   Thumb Code    10  _sputc.o(.text)
    _printf_cs_common                        0x08005e63   Thumb Code    20  _printf_char.o(.text)
    _printf_char                             0x08005e77   Thumb Code    16  _printf_char.o(.text)
    _printf_string                           0x08005e87   Thumb Code     8  _printf_char.o(.text)
    _chval                                   0x08005e8f   Thumb Code    28  _chval.o(.text)
    __vfscanf_char                           0x08005eb9   Thumb Code    24  scanf_char.o(.text)
    _sgetc                                   0x08005ed9   Thumb Code    30  _sgetc.o(.text)
    _sbackspace                              0x08005ef7   Thumb Code    34  _sgetc.o(.text)
    isspace                                  0x08005f19   Thumb Code    18  isspace.o(.text)
    __vfscanf                                0x08005f2d   Thumb Code   878  _scanf.o(.text)
    __user_setup_stackheap                   0x080062a1   Thumb Code    74  sys_stackheap_outer.o(.text)
    __rt_ctype_table                         0x080062ed   Thumb Code    16  rt_ctype_table.o(.text)
    exit                                     0x080062fd   Thumb Code    12  exit.o(.text)
    __user_libspace                          0x08006309   Thumb Code     8  libspace.o(.text)
    __user_perproc_libspace                  0x08006309   Thumb Code     0  libspace.o(.text)
    __user_perthread_libspace                0x08006309   Thumb Code     0  libspace.o(.text)
    __rt_locale                              0x08006311   Thumb Code     8  rt_locale_intlibspace.o(.text)
    strcmp                                   0x08006319   Thumb Code   128  strcmpv7m.o(.text)
    _get_lc_ctype                            0x08006399   Thumb Code    44  lc_ctype_c.o(locale$$code)
    __aeabi_ddiv                             0x080063c5   Thumb Code     0  ddiv.o(x$fpl$ddiv)
    _ddiv                                    0x080063c5   Thumb Code   552  ddiv.o(x$fpl$ddiv)
    __aeabi_d2uiz                            0x08006675   Thumb Code     0  dfixu.o(x$fpl$dfixu)
    _dfixu                                   0x08006675   Thumb Code    90  dfixu.o(x$fpl$dfixu)
    __aeabi_dmul                             0x080066d1   Thumb Code     0  dmul.o(x$fpl$dmul)
    _dmul                                    0x080066d1   Thumb Code   332  dmul.o(x$fpl$dmul)
    __fpl_dnaninf                            0x08006825   Thumb Code   156  dnaninf.o(x$fpl$dnaninf)
    __fpl_dretinf                            0x080068c1   Thumb Code    12  dretinf.o(x$fpl$dretinf)
    __aeabi_f2d                              0x080068cd   Thumb Code     0  f2d.o(x$fpl$f2d)
    _f2d                                     0x080068cd   Thumb Code    86  f2d.o(x$fpl$f2d)
    __aeabi_fdiv                             0x08006925   Thumb Code     0  fdiv.o(x$fpl$fdiv)
    _fdiv                                    0x08006925   Thumb Code   384  fdiv.o(x$fpl$fdiv)
    __aeabi_fmul                             0x08006aa9   Thumb Code     0  fmul.o(x$fpl$fmul)
    _fmul                                    0x08006aa9   Thumb Code   258  fmul.o(x$fpl$fmul)
    __fpl_fnaninf                            0x08006bab   Thumb Code   140  fnaninf.o(x$fpl$fnaninf)
    __fpl_fretinf                            0x08006c37   Thumb Code    10  fretinf.o(x$fpl$fretinf)
    __I$use$fp                               0x08006c40   Number         0  usenofp.o(x$fpl$usenofp)
    Region$$Table$$Base                      0x08006ebc   Number         0  anon$$obj.o(Region$$Table)
    Region$$Table$$Limit                     0x08006edc   Number         0  anon$$obj.o(Region$$Table)
    __ctype                                  0x08006ee9   Data           0  lc_ctype_c.o(locale$$data)
    close_tip                                0x20000000   Data           5  main.o(.data)
    protect_tip                              0x20000005   Data           9  main.o(.data)
    overhaul_tip                             0x2000000e   Data           9  main.o(.data)
    clear_tip                                0x20000017   Data           9  main.o(.data)
    timer_tick_count                         0x20000020   Data           4  main.o(.data)
    bat_val1                                 0x20000024   Data           4  main.o(.data)
    bat_val2                                 0x20000028   Data           4  main.o(.data)
    temperature                              0x2000002c   Data           4  main.o(.data)
    SystemCoreClock                          0x20000064   Data           4  system_stm32f10x.o(.data)
    AHBPrescTable                            0x20000068   Data          16  system_stm32f10x.o(.data)
    ENERGY_STATE                             0x20000078   Data           1  cabinet.o(.data)
    cmd_buffer                               0x20000098   Data          64  main.o(.bss)
    __libspace_start                         0x200002dc   Data          96  libspace.o(.bss)
    __temporary_stack_top$libspace           0x2000033c   Data           0  libspace.o(.bss)



==============================================================================

Memory Map of the image

  Image Entry point : 0x08000131

  Load Region LR_IROM1 (Base: 0x08000000, Size: 0x00007084, Max: 0x00080000, ABSOLUTE)

    Execution Region ER_IROM1 (Base: 0x08000000, Size: 0x00006fec, Max: 0x00080000, ABSOLUTE)

    Base Addr    Size         Type   Attr      Idx    E Section Name        Object

    0x08000000   0x00000130   Data   RO          380    RESET               startup_stm32f10x_hd.o
    0x08000130   0x00000008   Code   RO          525  * !!!main             c_w.l(__main.o)
    0x08000138   0x00000034   Code   RO          737    !!!scatter          c_w.l(__scatter.o)
    0x0800016c   0x0000001a   Code   RO          739    !!handler_copy      c_w.l(__scatter_copy.o)
    0x08000186   0x00000002   PAD
    0x08000188   0x0000001c   Code   RO          741    !!handler_zi        c_w.l(__scatter_zi.o)
    0x080001a4   0x00000000   Code   RO          516    .ARM.Collect$$_printf_percent$$00000000  c_w.l(_printf_percent.o)
    0x080001a4   0x00000006   Code   RO          515    .ARM.Collect$$_printf_percent$$00000013  c_w.l(_printf_c.o)
    0x080001aa   0x00000004   Code   RO          554    .ARM.Collect$$_printf_percent$$00000017  c_w.l(_printf_percent_end.o)
    0x080001ae   0x00000002   Code   RO          602    .ARM.Collect$$libinit$$00000000  c_w.l(libinit.o)
    0x080001b0   0x00000000   Code   RO          617    .ARM.Collect$$libinit$$00000002  c_w.l(libinit2.o)
    0x080001b0   0x00000000   Code   RO          619    .ARM.Collect$$libinit$$00000004  c_w.l(libinit2.o)
    0x080001b0   0x00000000   Code   RO          622    .ARM.Collect$$libinit$$0000000A  c_w.l(libinit2.o)
    0x080001b0   0x00000000   Code   RO          624    .ARM.Collect$$libinit$$0000000C  c_w.l(libinit2.o)
    0x080001b0   0x00000000   Code   RO          626    .ARM.Collect$$libinit$$0000000E  c_w.l(libinit2.o)
    0x080001b0   0x00000006   Code   RO          627    .ARM.Collect$$libinit$$0000000F  c_w.l(libinit2.o)
    0x080001b6   0x00000000   Code   RO          629    .ARM.Collect$$libinit$$00000011  c_w.l(libinit2.o)
    0x080001b6   0x0000000c   Code   RO          630    .ARM.Collect$$libinit$$00000012  c_w.l(libinit2.o)
    0x080001c2   0x00000000   Code   RO          631    .ARM.Collect$$libinit$$00000013  c_w.l(libinit2.o)
    0x080001c2   0x00000000   Code   RO          633    .ARM.Collect$$libinit$$00000015  c_w.l(libinit2.o)
    0x080001c2   0x00000000   Code   RO          635    .ARM.Collect$$libinit$$00000017  c_w.l(libinit2.o)
    0x080001c2   0x00000000   Code   RO          637    .ARM.Collect$$libinit$$00000019  c_w.l(libinit2.o)
    0x080001c2   0x00000000   Code   RO          639    .ARM.Collect$$libinit$$0000001B  c_w.l(libinit2.o)
    0x080001c2   0x00000000   Code   RO          641    .ARM.Collect$$libinit$$0000001D  c_w.l(libinit2.o)
    0x080001c2   0x00000000   Code   RO          643    .ARM.Collect$$libinit$$0000001F  c_w.l(libinit2.o)
    0x080001c2   0x00000000   Code   RO          645    .ARM.Collect$$libinit$$00000021  c_w.l(libinit2.o)
    0x080001c2   0x00000000   Code   RO          647    .ARM.Collect$$libinit$$00000023  c_w.l(libinit2.o)
    0x080001c2   0x00000000   Code   RO          649    .ARM.Collect$$libinit$$00000025  c_w.l(libinit2.o)
    0x080001c2   0x00000000   Code   RO          653    .ARM.Collect$$libinit$$0000002C  c_w.l(libinit2.o)
    0x080001c2   0x00000000   Code   RO          655    .ARM.Collect$$libinit$$0000002E  c_w.l(libinit2.o)
    0x080001c2   0x00000000   Code   RO          657    .ARM.Collect$$libinit$$00000030  c_w.l(libinit2.o)
    0x080001c2   0x00000000   Code   RO          659    .ARM.Collect$$libinit$$00000032  c_w.l(libinit2.o)
    0x080001c2   0x00000002   Code   RO          660    .ARM.Collect$$libinit$$00000033  c_w.l(libinit2.o)
    0x080001c4   0x00000002   Code   RO          680    .ARM.Collect$$libshutdown$$00000000  c_w.l(libshutdown.o)
    0x080001c6   0x00000000   Code   RO          691    .ARM.Collect$$libshutdown$$00000003  c_w.l(libshutdown2.o)
    0x080001c6   0x00000000   Code   RO          694    .ARM.Collect$$libshutdown$$00000006  c_w.l(libshutdown2.o)
    0x080001c6   0x00000000   Code   RO          697    .ARM.Collect$$libshutdown$$00000009  c_w.l(libshutdown2.o)
    0x080001c6   0x00000000   Code   RO          699    .ARM.Collect$$libshutdown$$0000000B  c_w.l(libshutdown2.o)
    0x080001c6   0x00000000   Code   RO          702    .ARM.Collect$$libshutdown$$0000000E  c_w.l(libshutdown2.o)
    0x080001c6   0x00000002   Code   RO          703    .ARM.Collect$$libshutdown$$0000000F  c_w.l(libshutdown2.o)
    0x080001c8   0x00000000   Code   RO          547    .ARM.Collect$$rtentry$$00000000  c_w.l(__rtentry.o)
    0x080001c8   0x00000000   Code   RO          571    .ARM.Collect$$rtentry$$00000002  c_w.l(__rtentry2.o)
    0x080001c8   0x00000006   Code   RO          583    .ARM.Collect$$rtentry$$00000004  c_w.l(__rtentry4.o)
    0x080001ce   0x00000000   Code   RO          573    .ARM.Collect$$rtentry$$00000009  c_w.l(__rtentry2.o)
    0x080001ce   0x00000004   Code   RO          574    .ARM.Collect$$rtentry$$0000000A  c_w.l(__rtentry2.o)
    0x080001d2   0x00000000   Code   RO          576    .ARM.Collect$$rtentry$$0000000C  c_w.l(__rtentry2.o)
    0x080001d2   0x00000008   Code   RO          577    .ARM.Collect$$rtentry$$0000000D  c_w.l(__rtentry2.o)
    0x080001da   0x00000002   Code   RO          606    .ARM.Collect$$rtexit$$00000000  c_w.l(rtexit.o)
    0x080001dc   0x00000000   Code   RO          662    .ARM.Collect$$rtexit$$00000002  c_w.l(rtexit2.o)
    0x080001dc   0x00000004   Code   RO          663    .ARM.Collect$$rtexit$$00000003  c_w.l(rtexit2.o)
    0x080001e0   0x00000006   Code   RO          664    .ARM.Collect$$rtexit$$00000004  c_w.l(rtexit2.o)
    0x080001e6   0x00000002   PAD
    0x080001e8   0x00001240   Code   RO            1    .text               main.o
    0x08001428   0x00000028   Code   RO          151    .text               stm32f10x_it.o
    0x08001450   0x000001e0   Code   RO          193    .text               system_stm32f10x.o
    0x08001630   0x00000138   Code   RO          243    .text               dac.o
    0x08001768   0x000001a0   Code   RO          255    .text               cabinet.o
    0x08001908   0x00000114   Code   RO          273    .text               cmd_queue.o
    0x08001a1c   0x00002354   Code   RO          288    .text               hmi_driver.o
    0x08003d70   0x00000108   Code   RO          300    .text               hmi_user_uart.o
    0x08003e78   0x0000008c   Code   RO          322    .text               tim3.o
    0x08003f04   0x00000080   Code   RO          334    .text               delay.o
    0x08003f84   0x00000040   Code   RO          381    .text               startup_stm32f10x_hd.o
    0x08003fc4   0x000000dc   Code   RO          385    .text               misc.o
    0x080040a0   0x0000035c   Code   RO          421    .text               stm32f10x_gpio.o
    0x080043fc   0x00000408   Code   RO          433    .text               stm32f10x_usart.o
    0x08004804   0x0000018c   Code   RO          445    .text               stm32f10x_dac.o
    0x08004990   0x000003a4   Code   RO          457    .text               stm32f10x_rcc.o
    0x08004d34   0x00000e1a   Code   RO          471    .text               stm32f10x_tim.o
    0x08005b4e   0x00000002   Code   RO          485    .text               c_w.l(use_no_semi_2.o)
    0x08005b50   0x00000028   Code   RO          489    .text               c_w.l(noretval__2sprintf.o)
    0x08005b78   0x00000068   Code   RO          491    .text               c_w.l(__printf.o)
    0x08005be0   0x00000052   Code   RO          493    .text               c_w.l(_printf_str.o)
    0x08005c32   0x00000002   PAD
    0x08005c34   0x0000003c   Code   RO          517    .text               c_w.l(__0sscanf.o)
    0x08005c70   0x0000014c   Code   RO          519    .text               c_w.l(_scanf_int.o)
    0x08005dbc   0x00000064   Code   RO          521    .text               c_w.l(rt_memcpy_w.o)
    0x08005e20   0x00000006   Code   RO          523    .text               c_w.l(heapauxi.o)
    0x08005e26   0x00000002   Code   RO          545    .text               c_w.l(use_no_semi.o)
    0x08005e28   0x00000030   Code   RO          548    .text               c_w.l(_printf_char_common.o)
    0x08005e58   0x0000000a   Code   RO          550    .text               c_w.l(_sputc.o)
    0x08005e62   0x0000002c   Code   RO          552    .text               c_w.l(_printf_char.o)
    0x08005e8e   0x0000001c   Code   RO          555    .text               c_w.l(_chval.o)
    0x08005eaa   0x00000002   PAD
    0x08005eac   0x0000002c   Code   RO          557    .text               c_w.l(scanf_char.o)
    0x08005ed8   0x00000040   Code   RO          559    .text               c_w.l(_sgetc.o)
    0x08005f18   0x00000012   Code   RO          585    .text               c_w.l(isspace.o)
    0x08005f2a   0x00000002   PAD
    0x08005f2c   0x00000374   Code   RO          589    .text               c_w.l(_scanf.o)
    0x080062a0   0x0000004a   Code   RO          591    .text               c_w.l(sys_stackheap_outer.o)
    0x080062ea   0x00000002   PAD
    0x080062ec   0x00000010   Code   RO          593    .text               c_w.l(rt_ctype_table.o)
    0x080062fc   0x0000000c   Code   RO          595    .text               c_w.l(exit.o)
    0x08006308   0x00000008   Code   RO          603    .text               c_w.l(libspace.o)
    0x08006310   0x00000008   Code   RO          611    .text               c_w.l(rt_locale_intlibspace.o)
    0x08006318   0x00000080   Code   RO          668    .text               c_w.l(strcmpv7m.o)
    0x08006398   0x0000002c   Code   RO          614    locale$$code        c_w.l(lc_ctype_c.o)
    0x080063c4   0x000002b0   Code   RO          528    x$fpl$ddiv          fz_ws.l(ddiv.o)
    0x08006674   0x0000005a   Code   RO          531    x$fpl$dfixu         fz_ws.l(dfixu.o)
    0x080066ce   0x00000002   PAD
    0x080066d0   0x00000154   Code   RO          535    x$fpl$dmul          fz_ws.l(dmul.o)
    0x08006824   0x0000009c   Code   RO          561    x$fpl$dnaninf       fz_ws.l(dnaninf.o)
    0x080068c0   0x0000000c   Code   RO          563    x$fpl$dretinf       fz_ws.l(dretinf.o)
    0x080068cc   0x00000056   Code   RO          537    x$fpl$f2d           fz_ws.l(f2d.o)
    0x08006922   0x00000002   PAD
    0x08006924   0x00000184   Code   RO          540    x$fpl$fdiv          fz_ws.l(fdiv.o)
    0x08006aa8   0x00000102   Code   RO          543    x$fpl$fmul          fz_ws.l(fmul.o)
    0x08006baa   0x0000008c   Code   RO          565    x$fpl$fnaninf       fz_ws.l(fnaninf.o)
    0x08006c36   0x0000000a   Code   RO          567    x$fpl$fretinf       fz_ws.l(fretinf.o)
    0x08006c40   0x00000000   Code   RO          569    x$fpl$usenofp       fz_ws.l(usenofp.o)
    0x08006c40   0x00000170   Data   RO            3    .constdata          main.o
    0x08006db0   0x0000010c   Data   RO            4    .conststring        main.o
    0x08006ebc   0x00000020   Data   RO          735    Region$$Table       anon$$obj.o
    0x08006edc   0x00000110   Data   RO          613    locale$$data        c_w.l(lc_ctype_c.o)


    Execution Region RW_IRAM1 (Base: 0x20000000, Size: 0x00000940, Max: 0x00010000, ABSOLUTE)

    Base Addr    Size         Type   Attr      Idx    E Section Name        Object

    0x20000000   0x00000064   Data   RW            5    .data               main.o
    0x20000064   0x00000014   Data   RW          194    .data               system_stm32f10x.o
    0x20000078   0x00000002   Data   RW          256    .data               cabinet.o
    0x2000007a   0x00000002   PAD
    0x2000007c   0x00000006   Data   RW          275    .data               cmd_queue.o
    0x20000082   0x00000014   Data   RW          458    .data               stm32f10x_rcc.o
    0x20000096   0x00000002   PAD
    0x20000098   0x00000040   Zero   RW            2    .bss                main.o
    0x200000d8   0x00000204   Zero   RW          274    .bss                cmd_queue.o
    0x200002dc   0x00000060   Zero   RW          604    .bss                c_w.l(libspace.o)
    0x2000033c   0x00000004   PAD
    0x20000340   0x00000200   Zero   RW          379    HEAP                startup_stm32f10x_hd.o
    0x20000540   0x00000400   Zero   RW          378    STACK               startup_stm32f10x_hd.o


==============================================================================

Image component sizes


      Code (inc. data)   RO Data    RW Data    ZI Data      Debug   Object Name

       416         22          0          2          0       2265   cabinet.o
       276         14          0          6        516       2124   cmd_queue.o
       312         22          0          0          0       1033   dac.o
       128         16          0          0          0      15977   delay.o
      9044          0          0          0          0      30712   hmi_driver.o
       264         10          0          0          0       3145   hmi_user_uart.o
      4672        442        636        100         64     284250   main.o
       220         22          0          0          0       1893   misc.o
        64         26        304          0       1536        824   startup_stm32f10x_hd.o
       396          6          0          0          0       3742   stm32f10x_dac.o
       860         38          0          0          0       5737   stm32f10x_gpio.o
        40          4          0          0          0       1286   stm32f10x_it.o
       932         36          0         20          0       8956   stm32f10x_rcc.o
      3610         88          0          0          0      22224   stm32f10x_tim.o
      1032         22          0          0          0       8464   stm32f10x_usart.o
         0          0          0          0          0         32   sys.o
       480         38          0         20          0       1875   system_stm32f10x.o
       140         10          0          0          0        804   tim3.o

    ----------------------------------------------------------------------
     22886        816        972        152       2116     395343   Object Totals
         0          0         32          0          0          0   (incl. Generated)
         0          0          0          4          0          0   (incl. Padding)

    ----------------------------------------------------------------------

      Code (inc. data)   RO Data    RW Data    ZI Data      Debug   Library Member Name

        60          8          0          0          0         84   __0sscanf.o
         8          0          0          0          0         68   __main.o
       104          0          0          0          0         84   __printf.o
         0          0          0          0          0          0   __rtentry.o
        12          0          0          0          0          0   __rtentry2.o
         6          0          0          0          0          0   __rtentry4.o
        52          8          0          0          0          0   __scatter.o
        26          0          0          0          0          0   __scatter_copy.o
        28          0          0          0          0          0   __scatter_zi.o
        28          0          0          0          0         68   _chval.o
         6          0          0          0          0          0   _printf_c.o
        44          0          0          0          0        108   _printf_char.o
        48          6          0          0          0         96   _printf_char_common.o
         0          0          0          0          0          0   _printf_percent.o
         4          0          0          0          0          0   _printf_percent_end.o
        82          0          0          0          0         80   _printf_str.o
       884          6          0          0          0        100   _scanf.o
       332          0          0          0          0         96   _scanf_int.o
        64          0          0          0          0         84   _sgetc.o
        10          0          0          0          0         68   _sputc.o
        12          0          0          0          0         72   exit.o
         6          0          0          0          0        152   heapauxi.o
        18          0          0          0          0         76   isspace.o
        44         10        272          0          0         76   lc_ctype_c.o
         2          0          0          0          0          0   libinit.o
        20          0          0          0          0          0   libinit2.o
         2          0          0          0          0          0   libshutdown.o
         2          0          0          0          0          0   libshutdown2.o
         8          4          0          0         96         68   libspace.o
        40          6          0          0          0         84   noretval__2sprintf.o
        16          4          0          0          0         76   rt_ctype_table.o
         8          4          0          0          0         68   rt_locale_intlibspace.o
       100          0          0          0          0         80   rt_memcpy_w.o
         2          0          0          0          0          0   rtexit.o
        10          0          0          0          0          0   rtexit2.o
        44          8          0          0          0         84   scanf_char.o
       128          0          0          0          0         68   strcmpv7m.o
        74          0          0          0          0         80   sys_stackheap_outer.o
         2          0          0          0          0         68   use_no_semi.o
         2          0          0          0          0         68   use_no_semi_2.o
       688        140          0          0          0        208   ddiv.o
        90          4          0          0          0         92   dfixu.o
       340         12          0          0          0        104   dmul.o
       156          4          0          0          0         92   dnaninf.o
        12          0          0          0          0         68   dretinf.o
        86          4          0          0          0         84   f2d.o
       388         76          0          0          0         96   fdiv.o
       258          4          0          0          0         84   fmul.o
       140          4          0          0          0         84   fnaninf.o
        10          0          0          0          0         68   fretinf.o
         0          0          0          0          0          0   usenofp.o

    ----------------------------------------------------------------------
      4522        312        272          0        100       3036   Library Totals
        16          0          0          0          4          0   (incl. Padding)

    ----------------------------------------------------------------------

      Code (inc. data)   RO Data    RW Data    ZI Data      Debug   Library Name

      2338         64        272          0         96       2056   c_w.l
      2168        248          0          0          0        980   fz_ws.l

    ----------------------------------------------------------------------
      4522        312        272          0        100       3036   Library Totals

    ----------------------------------------------------------------------

==============================================================================


      Code (inc. data)   RO Data    RW Data    ZI Data      Debug   

     27408       1128       1244        152       2216     395203   Grand Totals
     27408       1128       1244        152       2216     395203   ELF Image Totals
     27408       1128       1244        152          0          0   ROM Totals

==============================================================================

    Total RO  Size (Code + RO Data)                28652 (  27.98kB)
    Total RW  Size (RW Data + ZI Data)              2368 (   2.31kB)
    Total ROM Size (Code + RO Data + RW Data)      28804 (  28.13kB)

==============================================================================

