Component: ARM Compiler 5.06 update 7 (build 960) Tool: armlink [4d3601]

==============================================================================

Section Cross References

    main.o(.text) refers to _printf_percent.o(.ARM.Collect$$_printf_percent$$00000000) for _printf_percent
    main.o(.text) refers to _printf_c.o(.ARM.Collect$$_printf_percent$$00000013) for _printf_c
    main.o(.text) refers to _printf_str.o(.text) for _printf_str
    main.o(.text) refers to _scanf_int.o(.text) for _scanf_int
    main.o(.text) refers to hmi_driver.o(.text) for SetButtonValue
    main.o(.text) refers to dac.o(.text) for Dac1_Set_Vol
    main.o(.text) refers to stm32f4xx_gpio.o(.text) for GPIO_ReadInputDataBit
    main.o(.text) refers to stm32f4xx_tim.o(.text) for TIM_Cmd
    main.o(.text) refers to cabinet.o(.text) for Button_Scan
    main.o(.text) refers to main.o(.data) for bat_val1
    main.o(.text) refers to cabinet.o(.data) for ENERGY_STATE
    main.o(.text) refers to rt_memcpy_w.o(.text) for __aeabi_memcpy4
    main.o(.text) refers to noretval__2sprintf.o(.text) for __2sprintf
    main.o(.text) refers to main.o(.conststring) for .conststring
    main.o(.text) refers to main.o(.constdata) for .constdata
    main.o(.text) refers to __0sscanf.o(.text) for __0sscanf
    main.o(.text) refers to delay.o(.text) for delay_ms
    main.o(.text) refers to misc.o(.text) for NVIC_PriorityGroupConfig
    main.o(.text) refers to hmi_user_uart.o(.text) for UartInit
    main.o(.text) refers to tim9.o(.text) for Tim9_Init
    main.o(.text) refers to main.o(.bss) for cmd_buffer
    main.o(.text) refers to cmd_queue.o(.text) for queue_reset
    stm32f4xx_it.o(.text) refers to main.o(.data) for timer_tick_count
    system_stm32f4xx.o(.text) refers to system_stm32f4xx.o(.data) for SystemCoreClock
    led.o(.text) refers to stm32f4xx_rcc.o(.text) for RCC_AHB1PeriphClockCmd
    led.o(.text) refers to stm32f4xx_gpio.o(.text) for GPIO_Init
    adc.o(.text) refers to stm32f4xx_rcc.o(.text) for RCC_AHB1PeriphClockCmd
    adc.o(.text) refers to stm32f4xx_gpio.o(.text) for GPIO_Init
    adc.o(.text) refers to stm32f4xx_adc.o(.text) for ADC_CommonInit
    adc.o(.text) refers to delay.o(.text) for delay_ms
    dac.o(.text) refers to stm32f4xx_rcc.o(.text) for RCC_AHB1PeriphClockCmd
    dac.o(.text) refers to stm32f4xx_gpio.o(.text) for GPIO_Init
    dac.o(.text) refers to stm32f4xx_dac.o(.text) for DAC_Init
    dac.o(.text) refers to f2d.o(x$fpl$f2d) for __aeabi_f2d
    dac.o(.text) refers to ddiv.o(x$fpl$ddiv) for __aeabi_ddiv
    dac.o(.text) refers to dmul.o(x$fpl$dmul) for __aeabi_dmul
    dac.o(.text) refers to dfixu.o(x$fpl$dfixu) for __aeabi_d2uiz
    cabinet.o(.text) refers to stm32f4xx_rcc.o(.text) for RCC_AHB1PeriphClockCmd
    cabinet.o(.text) refers to stm32f4xx_gpio.o(.text) for GPIO_Init
    cabinet.o(.text) refers to delay.o(.text) for delay_ms
    cabinet.o(.text) refers to cabinet.o(.data) for key_up
    cmd_queue.o(.text) refers to cmd_queue.o(.bss) for que
    cmd_queue.o(.text) refers to cmd_queue.o(.data) for cmd_state
    hmi_driver.o(.text) refers to hmi_user_uart.o(.text) for SendChar
    hmi_user_uart.o(.rev16_text) refers (Special) to use_no_semi_2.o(.text) for __use_no_semihosting
    hmi_user_uart.o(.revsh_text) refers (Special) to use_no_semi_2.o(.text) for __use_no_semihosting
    hmi_user_uart.o(.text) refers (Special) to use_no_semi_2.o(.text) for __use_no_semihosting
    hmi_user_uart.o(.text) refers to stm32f4xx_rcc.o(.text) for RCC_AHB1PeriphClockCmd
    hmi_user_uart.o(.text) refers to stm32f4xx_gpio.o(.text) for GPIO_PinAFConfig
    hmi_user_uart.o(.text) refers to stm32f4xx_usart.o(.text) for USART_Init
    hmi_user_uart.o(.text) refers to misc.o(.text) for NVIC_Init
    hmi_user_uart.o(.text) refers to cmd_queue.o(.text) for queue_push
    hmi_user_uart.o(.data) refers (Special) to use_no_semi_2.o(.text) for __use_no_semihosting
    tim9.o(.text) refers to stm32f4xx_rcc.o(.text) for RCC_APB2PeriphClockCmd
    tim9.o(.text) refers to stm32f4xx_tim.o(.text) for TIM_TimeBaseInit
    tim9.o(.text) refers to misc.o(.text) for NVIC_Init
    tim9.o(.text) refers to cabinet.o(.data) for ENERGY_STATE
    delay.o(.text) refers to misc.o(.text) for SysTick_CLKSourceConfig
    delay.o(.text) refers to main.o(.data) for timer_tick_count
    startup_stm32f40_41xxx.o(STACK) refers (Special) to heapauxi.o(.text) for __use_two_region_memory
    startup_stm32f40_41xxx.o(HEAP) refers (Special) to heapauxi.o(.text) for __use_two_region_memory
    startup_stm32f40_41xxx.o(RESET) refers (Special) to heapauxi.o(.text) for __use_two_region_memory
    startup_stm32f40_41xxx.o(RESET) refers to startup_stm32f40_41xxx.o(STACK) for __initial_sp
    startup_stm32f40_41xxx.o(RESET) refers to startup_stm32f40_41xxx.o(.text) for Reset_Handler
    startup_stm32f40_41xxx.o(RESET) refers to stm32f4xx_it.o(.text) for NMI_Handler
    startup_stm32f40_41xxx.o(RESET) refers to tim9.o(.text) for TIM1_BRK_TIM9_IRQHandler
[...]
    .ARM.Collect$$rtexit$$00000002           0x08000238   Section        0  rtexit2.o(.ARM.Collect$$rtexit$$00000002)
    .ARM.Collect$$rtexit$$00000003           0x08000238   Section        4  rtexit2.o(.ARM.Collect$$rtexit$$00000003)
    .ARM.Collect$$rtexit$$00000004           0x0800023c   Section        6  rtexit2.o(.ARM.Collect$$rtexit$$00000004)
    .text                                    0x08000244   Section        0  main.o(.text)
    .text                                    0x0800169c   Section        0  stm32f4xx_it.o(.text)
    .text                                    0x080016c4   Section        0  system_stm32f4xx.o(.text)
    SetSysClock                              0x080016c5   Thumb Code   220  system_stm32f4xx.o(.text)
    .text                                    0x080018d4   Section        0  dac.o(.text)
    .text                                    0x08001a28   Section        0  cabinet.o(.text)
    .text                                    0x08001bc0   Section        0  cmd_queue.o(.text)
    queue_pop                                0x08001bff   Thumb Code    48  cmd_queue.o(.text)
    queue_size                               0x08001c2f   Thumb Code    30  cmd_queue.o(.text)
    .text                                    0x08001cd4   Section        0  hmi_driver.o(.text)
    .text                                    0x0800402c   Section        0  hmi_user_uart.o(.text)
    .text                                    0x0800413c   Section        0  tim9.o(.text)
    .text                                    0x080041d0   Section        0  delay.o(.text)
    .text                                    0x08004250   Section       64  startup_stm32f40_41xxx.o(.text)
    $v0                                      0x08004250   Number         0  startup_stm32f40_41xxx.o(.text)
    .text                                    0x08004290   Section        0  misc.o(.text)
    .text                                    0x08004370   Section        0  stm32f4xx_dac.o(.text)
    .text                                    0x08004580   Section        0  stm32f4xx_gpio.o(.text)
    .text                                    0x08004814   Section        0  stm32f4xx_rcc.o(.text)
    .text                                    0x08004e70   Section        0  stm32f4xx_usart.o(.text)
    .text                                    0x080052c4   Section        0  stm32f4xx_tim.o(.text)
    TI4_Config                               0x08005a63   Thumb Code    80  stm32f4xx_tim.o(.text)
    TI3_Config                               0x08005ac5   Thumb Code    72  stm32f4xx_tim.o(.text)
    TI2_Config                               0x08005b27   Thumb Code    90  stm32f4xx_tim.o(.text)
    TI1_Config                               0x08005b93   Thumb Code    58  stm32f4xx_tim.o(.text)
    .text                                    0x08005f66   Section        2  use_no_semi_2.o(.text)
    .text                                    0x08005f68   Section        0  noretval__2sprintf.o(.text)
    .text                                    0x08005f90   Section        0  __printf.o(.text)
    .text                                    0x08005ff8   Section        0  _printf_str.o(.text)
    .text                                    0x0800604c   Section        0  __0sscanf.o(.text)
    .text                                    0x08006088   Section        0  _scanf_int.o(.text)
    .text                                    0x080061d4   Section      100  rt_memcpy_w.o(.text)
    .text                                    0x08006238   Section        0  heapauxi.o(.text)
    .text                                    0x0800623e   Section        2  use_no_semi.o(.text)
    .text                                    0x08006240   Section        0  _printf_char_common.o(.text)
    _printf_input_char                       0x08006241   Thumb Code    10  _printf_char_common.o(.text)
    .text                                    0x08006270   Section        0  _sputc.o(.text)
    .text                                    0x0800627a   Section        0  _printf_char.o(.text)
    .text                                    0x080062a6   Section        0  _chval.o(.text)
    .text                                    0x080062c4   Section        0  scanf_char.o(.text)
    _scanf_char_input                        0x080062c5   Thumb Code    12  scanf_char.o(.text)
    .text                                    0x080062f0   Section        0  _sgetc.o(.text)
    .text                                    0x08006330   Section        0  isspace.o(.text)
    .text                                    0x08006344   Section        0  _scanf.o(.text)
    .text                                    0x080066b8   Section       74  sys_stackheap_outer.o(.text)
    .text                                    0x08006704   Section       16  rt_ctype_table.o(.text)
    .text                                    0x08006714   Section        0  exit.o(.text)
    .text                                    0x08006728   Section        8  libspace.o(.text)
    .text                                    0x08006730   Section        8  rt_locale_intlibspace.o(.text)
    .text                                    0x08006738   Section      128  strcmpv7m.o(.text)
    locale$$code                             0x080067b8   Section       44  lc_ctype_c.o(locale$$code)
    x$fpl$ddiv                               0x080067e4   Section      688  ddiv.o(x$fpl$ddiv)
    $v0                                      0x080067e4   Number         0  ddiv.o(x$fpl$ddiv)
    ddiv_entry                               0x080067eb   Thumb Code     0  ddiv.o(x$fpl$ddiv)
    x$fpl$dfixu                              0x08006a94   Section       90  dfixu.o(x$fpl$dfixu)
    $v0                                      0x08006a94   Number         0  dfixu.o(x$fpl$dfixu)
    x$fpl$dmul                               0x08006af0   Section      340  dmul.o(x$fpl$dmul)
    $v0                                      0x08006af0   Number         0  dmul.o(x$fpl$dmul)
    x$fpl$dnaninf                            0x08006c44   Section      156  dnaninf.o(x$fpl$dnaninf)
    $v0                                      0x08006c44   Number         0  dnaninf.o(x$fpl$dnaninf)
    x$fpl$dretinf                            0x08006ce0   Section       12  dretinf.o(x$fpl$dretinf)
    $v0                                      0x08006ce0   Number         0  dretinf.o(x$fpl$dretinf)
    x$fpl$f2d                                0x08006cec   Section       86  f2d.o(x$fpl$f2d)
    $v0                                      0x08006cec   Number         0  f2d.o(x$fpl$f2d)
    x$fpl$fnaninf                            0x08006d42   Section      140  fnaninf.o(x$fpl$fnaninf)
    $v0                                      0x08006d42   Number         0  fnaninf.o(x$fpl$fnaninf)
    x$fpl$fpinit                             0x08006dce   Section       10  fpinit.o(x$fpl$fpinit)
    $v0                                      0x08006dce   Number         0  fpinit.o(x$fpl$fpinit)
    .constdata                               0x08006dd8   Section      368  main.o(.constdata)
    x$fpl$usenofp                            0x08006dd8   Section        0  usenofp.o(x$fpl$usenofp)
    .conststring                             0x08006f48   Section      256  main.o(.conststring)
    locale$$data                             0x08007068   Section      272  lc_ctype_c.o(locale$$data)
    __lcctype_c_name                         0x0800706c   Data           2  lc_ctype_c.o(locale$$data)
    __lcctype_c_start                        0x08007074   Data           0  lc_ctype_c.o(locale$$data)
    __lcctype_c_end                          0x08007178   Data           0  lc_ctype_c.o(locale$$data)
    .data                                    0x20000000   Section      101  main.o(.data)
    current_screen_id                        0x20000030   Data           2  main.o(.data)
    progress_value                           0x20000034   Data           4  main.o(.data)
    test_value                               0x20000038   Data           4  main.o(.data)
    update_en                                0x2000003c   Data           1  main.o(.data)
    meter_flag                               0x20000040   Data           4  main.o(.data)
    num                                      0x20000044   Data           4  main.o(.data)
    sec                                      0x20000048   Data           4  main.o(.data)
    curves_type                              0x2000004c   Data           4  main.o(.data)
    second_flag                              0x20000050   Data           4  main.o(.data)
    icon_flag                                0x20000054   Data           4  main.o(.data)
    Select_H                                 0x20000058   Data           1  main.o(.data)
    Select_M                                 0x20000059   Data           1  main.o(.data)
    Last_H                                   0x2000005a   Data           1  main.o(.data)
    Last_M                                   0x2000005b   Data           1  main.o(.data)
    Progress_Value                           0x2000005c   Data           4  main.o(.data)
    UI_DEBUG                                 0x20000060   Data           1  main.o(.data)
    simulation                               0x20000061   Data           1  main.o(.data)
    work_modle                               0x20000062   Data           1  main.o(.data)
    energy_t                                 0x20000063   Data           1  main.o(.data)
    GATE_STATE                               0x20000064   Data           1  main.o(.data)
    .data                                    0x20000068   Section       20  system_stm32f4xx.o(.data)
    .data                                    0x2000007c   Section        2  cabinet.o(.data)
    key_up                                   0x2000007d   Data           1  cabinet.o(.data)
    .data                                    0x20000080   Section        6  cmd_queue.o(.data)
    cmd_state                                0x20000080   Data           4  cmd_queue.o(.data)
    cmd_pos                                  0x20000084   Data           2  cmd_queue.o(.data)
    .data                                    0x20000086   Section       16  stm32f4xx_rcc.o(.data)
    APBAHBPrescTable                         0x20000086   Data          16  stm32f4xx_rcc.o(.data)
    .bss                                     0x20000098   Section       64  main.o(.bss)
    .bss                                     0x200000d8   Section      516  cmd_queue.o(.bss)
    que                                      0x200000d8   Data         516  cmd_queue.o(.bss)
    .bss                                     0x200002dc   Section       96  libspace.o(.bss)
    HEAP                                     0x20000340   Section      512  startup_stm32f40_41xxx.o(HEAP)
    Heap_Mem                                 0x20000340   Data         512  startup_stm32f40_41xxx.o(HEAP)
    STACK                                    0x20000540   Section     1024  startup_stm32f40_41xxx.o(STACK)
    Stack_Mem                                0x20000540   Data        1024  startup_stm32f40_41xxx.o(STACK)
    __initial_sp                             0x20000940   Data           0  startup_stm32f40_41xxx.o(STACK)

    Global Symbols

    Symbol Name                              Value     Ov Type        Size  Object(Section)

    BuildAttributes$$THM_ISAv4$E$P$D$K$B$S$7EM$VFPi3$EXTD16$VFPS$VFMA$PE$A:L22UL41UL21$X:L11$S22US41US21$IEEE1$IW$USESV6$~STKCKD$USESV7$~SHL$OSPACE$ROPI$EBA8$UX$STANDARDLIB$REQ8$PRES8$EABIv2 0x00000000   Number         0  anon$$obj.o ABSOLUTE
    __ARM_use_no_argv                        0x00000000   Number         0  main.o ABSOLUTE
    __ARM_exceptions_init                     - Undefined Weak Reference
    __alloca_initialize                       - Undefined Weak Reference
    __arm_fini_                               - Undefined Weak Reference
    __arm_preinit_                            - Undefined Weak Reference
    __cpp_initialize__aeabi_                  - Undefined Weak Reference
    __cxa_finalize                            - Undefined Weak Reference
    __sigvec_lookup                           - Undefined Weak Reference
    _atexit_init                              - Undefined Weak Reference
    _call_atexit_fns                          - Undefined Weak Reference
    _clock_init                               - Undefined Weak Reference
    _fp_trap_init                             - Undefined Weak Reference
    _fp_trap_shutdown                         - Undefined Weak Reference
    _get_lc_collate                           - Undefined Weak Reference
    _get_lc_monetary                          - Undefined Weak Reference
    _get_lc_numeric                           - Undefined Weak Reference
    _get_lc_time                              - Undefined Weak Reference
    _getenv_init                              - Undefined Weak Reference
    _handle_redirection                       - Undefined Weak Reference
    _init_alloc                               - Undefined Weak Reference
    _init_user_alloc                          - Undefined Weak Reference
    _initio                                   - Undefined Weak Reference
    _printf_mbtowc                            - Undefined Weak Reference
    _printf_post_padding                      - Undefined Weak Reference
    _printf_pre_padding                       - Undefined Weak Reference
    _rand_init                                - Undefined Weak Reference
    _scanf_longlong                           - Undefined Weak Reference
    _scanf_mbtowc                             - Undefined Weak Reference
    _scanf_real                               - Undefined Weak Reference
    _scanf_string                             - Undefined Weak Reference
    _scanf_wctomb                             - Undefined Weak Reference
    _scanf_wstring                            - Undefined Weak Reference
    _signal_finish                            - Undefined Weak Reference
    _signal_init                              - Undefined Weak Reference
    _terminate_alloc                          - Undefined Weak Reference
    _terminate_user_alloc                     - Undefined Weak Reference
    _terminateio                              - Undefined Weak Reference
    __Vectors_Size                           0x00000188   Number         0  startup_stm32f40_41xxx.o ABSOLUTE
    __Vectors                                0x08000000   Data           4  startup_stm32f40_41xxx.o(RESET)
    __Vectors_End                            0x08000188   Data           0  startup_stm32f40_41xxx.o(RESET)
    __main                                   0x08000189   Thumb Code     8  __main.o(!!!main)
    __scatterload                            0x08000191   Thumb Code     0  __scatter.o(!!!scatter)
    __scatterload_rt2                        0x08000191   Thumb Code    44  __scatter.o(!!!scatter)
    __scatterload_rt2_thumb_only             0x08000191   Thumb Code     0  __scatter.o(!!!scatter)
    __scatterload_null                       0x0800019f   Thumb Code     0  __scatter.o(!!!scatter)
    __scatterload_copy                       0x080001c5   Thumb Code    26  __scatter_copy.o(!!handler_copy)
    __scatterload_zeroinit                   0x080001e1   Thumb Code    28  __scatter_zi.o(!!handler_zi)
    _printf_c                                0x080001fd   Thumb Code     0  _printf_c.o(.ARM.Collect$$_printf_percent$$00000013)
    _printf_percent                          0x080001fd   Thumb Code     0  _printf_percent.o(.ARM.Collect$$_printf_percent$$00000000)
    _printf_percent_end                      0x08000203   Thumb Code     0  _printf_percent_end.o(.ARM.Collect$$_printf_percent$$00000017)
    __rt_lib_init                            0x08000207   Thumb Code     0  libinit.o(.ARM.Collect$$libinit$$00000000)
    __rt_lib_init_fp_1                       0x08000209   Thumb Code     0  libinit2.o(.ARM.Collect$$libinit$$00000001)
    __rt_lib_init_heap_1                     0x0800020d   Thumb Code     0  libinit2.o(.ARM.Collect$$libinit$$0000000A)
    __rt_lib_init_lc_common                  0x0800020d   Thumb Code     0  libinit2.o(.ARM.Collect$$libinit$$0000000F)
    __rt_lib_init_preinit_1                  0x0800020d   Thumb Code     0  libinit2.o(.ARM.Collect$$libinit$$00000004)
    __rt_lib_init_rand_1                     0x0800020d   Thumb Code     0  libinit2.o(.ARM.Collect$$libinit$$0000000E)
    __rt_lib_init_user_alloc_1               0x0800020d   Thumb Code     0  libinit2.o(.ARM.Collect$$libinit$$0000000C)
    __rt_lib_init_lc_collate_1               0x08000213   Thumb Code     0  libinit2.o(.ARM.Collect$$libinit$$00000011)
    __rt_lib_init_lc_ctype_2                 0x08000213   Thumb Code     0  libinit2.o(.ARM.Collect$$libinit$$00000012)
    __rt_lib_init_alloca_1                   0x0800021f   Thumb Code     0  libinit2.o(.ARM.Collect$$libinit$$0000002E)
    __rt_lib_init_argv_1                     0x0800021f   Thumb Code     0  libinit2.o(.ARM.Collect$$libinit$$0000002C)
    __rt_lib_init_atexit_1                   0x0800021f   Thumb Code     0  libinit2.o(.ARM.Collect$$libinit$$0000001B)
    __rt_lib_init_clock_1                    0x0800021f   Thumb Code     0  libinit2.o(.ARM.Collect$$libinit$$00000021)
    __rt_lib_init_cpp_1                      0x0800021f   Thumb Code     0  libinit2.o(.ARM.Collect$$libinit$$00000032)
    __rt_lib_init_exceptions_1               0x0800021f   Thumb Code     0  libinit2.o(.ARM.Collect$$libinit$$00000030)
    __rt_lib_init_fp_trap_1                  0x0800021f   Thumb Code     0  libinit2.o(.ARM.Collect$$libinit$$0000001F)
    __rt_lib_init_getenv_1                   0x0800021f   Thumb Code     0  libinit2.o(.ARM.Collect$$libinit$$00000023)
    __rt_lib_init_lc_ctype_1                 0x0800021f   Thumb Code     0  libinit2.o(.ARM.Collect$$libinit$$00000013)
    __rt_lib_init_lc_monetary_1              0x0800021f   Thumb Code     0  libinit2.o(.ARM.Collect$$libinit$$00000015)
    __rt_lib_init_lc_numeric_1               0x0800021f   Thumb Code     0  libinit2.o(.ARM.Collect$$libinit$$00000017)
    __rt_lib_init_lc_time_1                  0x0800021f   Thumb Code     0  libinit2.o(.ARM.Collect$$libinit$$00000019)
    __rt_lib_init_return                     0x0800021f   Thumb Code     0  libinit2.o(.ARM.Collect$$libinit$$00000033)
    __rt_lib_init_signal_1                   0x0800021f   Thumb Code     0  libinit2.o(.ARM.Collect$$libinit$$0000001D)
    __rt_lib_init_stdio_1                    0x0800021f   Thumb Code     0  libinit2.o(.ARM.Collect$$libinit$$00000025)
    __rt_lib_shutdown                        0x08000221   Thumb Code     0  libshutdown.o(.ARM.Collect$$libshutdown$$00000000)
    __rt_lib_shutdown_cpp_1                  0x08000223   Thumb Code     0  libshutdown2.o(.ARM.Collect$$libshutdown$$00000004)
    __rt_lib_shutdown_fini_1                 0x08000223   Thumb Code     0  libshutdown2.o(.ARM.Collect$$libshutdown$$00000002)
    __rt_lib_shutdown_fp_trap_1              0x08000223   Thumb Code     0  libshutdown2.o(.ARM.Collect$$libshutdown$$00000009)
    __rt_lib_shutdown_heap_1                 0x08000223   Thumb Code     0  libshutdown2.o(.ARM.Collect$$libshutdown$$00000011)
    __rt_lib_shutdown_return                 0x08000223   Thumb Code     0  libshutdown2.o(.ARM.Collect$$libshutdown$$00000012)
    __rt_lib_shutdown_signal_1               0x08000223   Thumb Code     0  libshutdown2.o(.ARM.Collect$$libshutdown$$0000000C)
    __rt_lib_shutdown_stdio_1                0x08000223   Thumb Code     0  libshutdown2.o(.ARM.Collect$$libshutdown$$00000006)
    __rt_lib_shutdown_user_alloc_1           0x08000223   Thumb Code     0  libshutdown2.o(.ARM.Collect$$libshutdown$$0000000E)
    __rt_entry                               0x08000225   Thumb Code     0  __rtentry.o(.ARM.Collect$$rtentry$$00000000)
    __rt_entry_presh_1                       0x08000225   Thumb Code     0  __rtentry2.o(.ARM.Collect$$rtentry$$00000002)
    __rt_entry_sh                            0x08000225   Thumb Code     0  __rtentry4.o(.ARM.Collect$$rtentry$$00000004)
    __rt_entry_li                            0x0800022b   Thumb Code     0  __rtentry2.o(.ARM.Collect$$rtentry$$0000000A)
    __rt_entry_postsh_1                      0x0800022b   Thumb Code     0  __rtentry2.o(.ARM.Collect$$rtentry$$00000009)
    __rt_entry_main                          0x0800022f   Thumb Code     0  __rtentry2.o(.ARM.Collect$$rtentry$$0000000D)
    __rt_entry_postli_1                      0x0800022f   Thumb Code     0  __rtentry2.o(.ARM.Collect$$rtentry$$0000000C)
    __rt_exit                                0x08000237   Thumb Code     0  rtexit.o(.ARM.Collect$$rtexit$$00000000)
    __rt_exit_ls                             0x08000239   Thumb Code     0  rtexit2.o(.ARM.Collect$$rtexit$$00000003)
    __rt_exit_prels_1                        0x08000239   Thumb Code     0  rtexit2.o(.ARM.Collect$$rtexit$$00000002)
    __rt_exit_exit                           0x0800023d   Thumb Code     0  rtexit2.o(.ARM.Collect$$rtexit$$00000004)
    set_work_model                           0x08000245   Thumb Code   258  main.o(.text)
    OPERATION_LOCAL_MODLE                    0x08000347   Thumb Code   340  main.o(.text)
    OPERATION_DISTANCE_MODLE                 0x0800049b   Thumb Code   550  main.o(.text)
    UpdateUI                                 0x080006c1   Thumb Code   776  main.o(.text)
    NOTIFYHandShake                          0x080009c9   Thumb Code    14  main.o(.text)
    NotifyTimer                              0x080009d7   Thumb Code    22  main.o(.text)
    NotifySelector                           0x080009ed   Thumb Code    26  main.o(.text)
    NotifyMenu                               0x08000a07   Thumb Code     2  main.o(.text)
    NotifyMeter                              0x08000a09   Thumb Code     2  main.o(.text)
    NotifySlider                             0x08000a0b   Thumb Code   202  main.o(.text)
    NotifyProgress                           0x08000ad5   Thumb Code    36  main.o(.text)
    NotifyText                               0x08000af9   Thumb Code   102  main.o(.text)
    NotifyButton                             0x08000b5f   Thumb Code   824  main.o(.text)
    NotifyScreen                             0x08000e97   Thumb Code   334  main.o(.text)
    NotifyReadRTC                            0x08000fe5   Thumb Code   360  main.o(.text)
    NotifyReadFlash                          0x0800114d   Thumb Code     2  main.o(.text)
    NotifyWriteFlash                         0x0800114f   Thumb Code     2  main.o(.text)
    NotifyTouchXY                            0x08001151   Thumb Code     2  main.o(.text)
    ProcessMessage                           0x08001153   Thumb Code   384  main.o(.text)
    main                                     0x080012d3   Thumb Code   860  main.o(.text)
    NMI_Handler                              0x0800169d   Thumb Code     2  stm32f4xx_it.o(.text)
    HardFault_Handler                        0x0800169f   Thumb Code     4  stm32f4xx_it.o(.text)
    MemManage_Handler                        0x080016a3   Thumb Code     4  stm32f4xx_it.o(.text)
    BusFault_Handler                         0x080016a7   Thumb Code     4  stm32f4xx_it.o(.text)
    UsageFault_Handler                       0x080016ab   Thumb Code     4  stm32f4xx_it.o(.text)
    SVC_Handler                              0x080016af   Thumb Code     2  stm32f4xx_it.o(.text)
    DebugMon_Handler                         0x080016b1   Thumb Code     2  stm32f4xx_it.o(.text)
    PendSV_Handler                           0x080016b3   Thumb Code     2  stm32f4xx_it.o(.text)
    SysTick_Handler                          0x080016b5   Thumb Code    12  stm32f4xx_it.o(.text)
    SystemInit                               0x080017a1   Thumb Code    88  system_stm32f4xx.o(.text)
    SystemCoreClockUpdate                    0x080017f9   Thumb Code   174  system_stm32f4xx.o(.text)
    Dac_Init                                 0x080018d5   Thumb Code   108  dac.o(.text)
    Dac1_Set_Vol                             0x08001941   Thumb Code   102  dac.o(.text)
    Dac2_Set_Vol                             0x080019a7   Thumb Code   102  dac.o(.text)
    led_init                                 0x08001a29   Thumb Code    74  cabinet.o(.text)
    control_key_init                         0x08001a73   Thumb Code    58  cabinet.o(.text)
    knob_sw_init                             0x08001aad   Thumb Code    86  cabinet.o(.text)
    cabinet_gpio_init                        0x08001b03   Thumb Code    16  cabinet.o(.text)
    cabinet_parameter_init                   0x08001b13   Thumb Code     2  cabinet.o(.text)
    Button_Scan                              0x08001b15   Thumb Code   152  cabinet.o(.text)
    queue_reset                              0x08001bc1   Thumb Code    18  cmd_queue.o(.text)
    queue_push                               0x08001bd3   Thumb Code    44  cmd_queue.o(.text)
    queue_find_cmd                           0x08001c4d   Thumb Code   122  cmd_queue.o(.text)
    DelayMS                                  0x08001cd5   Thumb Code    24  hmi_driver.o(.text)
    SendStrings                              0x08001ced   Thumb Code    22  hmi_driver.o(.text)
    SendNU8                                  0x08001d03   Thumb Code    26  hmi_driver.o(.text)
    SendNU16                                 0x08001d1d   Thumb Code    38  hmi_driver.o(.text)
    SetHandShake                             0x08001d43   Thumb Code    40  hmi_driver.o(.text)
    SetFcolor                                0x08001d6b   Thumb Code    54  hmi_driver.o(.text)
    SetBcolor                                0x08001da1   Thumb Code    54  hmi_driver.o(.text)
    ColorPicker                              0x08001dd7   Thumb Code    76  hmi_driver.o(.text)
    GUI_CleanScreen                          0x08001e23   Thumb Code    40  hmi_driver.o(.text)
    SetTextSpace                             0x08001e4b   Thumb Code    56  hmi_driver.o(.text)
    SetFont_Region                           0x08001e83   Thumb Code    76  hmi_driver.o(.text)
    SetFilterColor                           0x08001ecf   Thumb Code    68  hmi_driver.o(.text)
    DisText                                  0x08001f13   Thumb Code    98  hmi_driver.o(.text)
    DisCursor                                0x08001f75   Thumb Code   100  hmi_driver.o(.text)
    DisFull_Image                            0x08001fd9   Thumb Code    62  hmi_driver.o(.text)
    DisArea_Image                            0x08002017   Thumb Code    94  hmi_driver.o(.text)
    DisCut_Image                             0x08002075   Thumb Code   164  hmi_driver.o(.text)
    DisFlashImage                            0x08002119   Thumb Code   106  hmi_driver.o(.text)
    GUI_Dot                                  0x08002183   Thumb Code    68  hmi_driver.o(.text)
    GUI_Line                                 0x080021c7   Thumb Code   100  hmi_driver.o(.text)
    GUI_ConDots                              0x0800222b   Thumb Code    66  hmi_driver.o(.text)
    GUI_ConSpaceDots                         0x0800226d   Thumb Code    84  hmi_driver.o(.text)
    GUI_FcolorConOffsetDots                  0x080022c1   Thumb Code    84  hmi_driver.o(.text)
    GUI_BcolorConOffsetDots                  0x08002315   Thumb Code    84  hmi_driver.o(.text)
    SetPowerSaving                           0x08002369   Thumb Code    76  hmi_driver.o(.text)
    GUI_FcolorConDots                        0x080023b5   Thumb Code    58  hmi_driver.o(.text)
    GUI_BcolorConDots                        0x080023ef   Thumb Code    58  hmi_driver.o(.text)
    GUI_Circle                               0x08002429   Thumb Code    82  hmi_driver.o(.text)
    GUI_CircleFill                           0x0800247b   Thumb Code    82  hmi_driver.o(.text)
    GUI_Arc                                  0x080024cd   Thumb Code   120  hmi_driver.o(.text)
    GUI_Rectangle                            0x08002545   Thumb Code   100  hmi_driver.o(.text)
    GUI_RectangleFill                        0x080025a9   Thumb Code   100  hmi_driver.o(.text)
    GUI_Ellipse                              0x0800260d   Thumb Code   100  hmi_driver.o(.text)
    GUI_EllipseFill                          0x08002671   Thumb Code   100  hmi_driver.o(.text)
    SetBackLight                             0x080026d5   Thumb Code    48  hmi_driver.o(.text)
    SetBuzzer                                0x08002705   Thumb Code    48  hmi_driver.o(.text)
    GUI_AreaInycolor                         0x08002735   Thumb Code   100  hmi_driver.o(.text)
    SetTouchPaneOption                       0x08002799   Thumb Code    92  hmi_driver.o(.text)
    CalibrateTouchPane                       0x080027f5   Thumb Code    40  hmi_driver.o(.text)
    TestTouchPane                            0x0800281d   Thumb Code    40  hmi_driver.o(.text)
    LockDeviceConfig                         0x08002845   Thumb Code    64  hmi_driver.o(.text)
    UnlockDeviceConfig                       0x08002885   Thumb Code    64  hmi_driver.o(.text)
    SetCommBps                               0x080028c5   Thumb Code    48  hmi_driver.o(.text)
    WriteLayer                               0x080028f5   Thumb Code    48  hmi_driver.o(.text)
    DisplyLayer                              0x08002925   Thumb Code    48  hmi_driver.o(.text)
    CopyLayer                                0x08002955   Thumb Code    56  hmi_driver.o(.text)
    ClearLayer                               0x0800298d   Thumb Code    48  hmi_driver.o(.text)
    GUI_DispRTC                              0x080029bd   Thumb Code   118  hmi_driver.o(.text)
    WriteUserFlash                           0x08002a33   Thumb Code    82  hmi_driver.o(.text)
    ReadUserFlash                            0x08002a85   Thumb Code    84  hmi_driver.o(.text)
    GetScreen                                0x08002ad9   Thumb Code    48  hmi_driver.o(.text)
    SetScreen                                0x08002b09   Thumb Code    60  hmi_driver.o(.text)
    SetScreenUpdateEnable                    0x08002b45   Thumb Code    48  hmi_driver.o(.text)
    SetControlFocus                          0x08002b75   Thumb Code    82  hmi_driver.o(.text)
    SetControlVisiable                       0x08002bc7   Thumb Code    82  hmi_driver.o(.text)
    SetControlEnable                         0x08002c19   Thumb Code    82  hmi_driver.o(.text)
    SetButtonValue                           0x08002c6b   Thumb Code    82  hmi_driver.o(.text)
    SetTextValue                             0x08002cbd   Thumb Code    82  hmi_driver.o(.text)
    SetTextInt32                             0x08002d0f   Thumb Code   140  hmi_driver.o(.text)
    SetTextFloat                             0x08002d9b   Thumb Code   144  hmi_driver.o(.text)
    SetProgressValue                         0x08002e2b   Thumb Code   104  hmi_driver.o(.text)
    SetMeterValue                            0x08002e93   Thumb Code   104  hmi_driver.o(.text)
    Set_picMeterValue                        0x08002efb   Thumb Code    88  hmi_driver.o(.text)
    SetSliderValue                           0x08002f53   Thumb Code   104  hmi_driver.o(.text)
    SetSelectorValue                         0x08002fbb   Thumb Code    82  hmi_driver.o(.text)
    GetControlValue                          0x0800300d   Thumb Code    74  hmi_driver.o(.text)
    AnimationStart                           0x08003057   Thumb Code    74  hmi_driver.o(.text)
    AnimationStop                            0x080030a1   Thumb Code    74  hmi_driver.o(.text)
    AnimationPause                           0x080030eb   Thumb Code    74  hmi_driver.o(.text)
    AnimationPlayFrame                       0x08003135   Thumb Code    82  hmi_driver.o(.text)
    AnimationPlayPrev                        0x08003187   Thumb Code    74  hmi_driver.o(.text)
    AnimationPlayNext                        0x080031d1   Thumb Code    74  hmi_driver.o(.text)
    GraphChannelAdd                          0x0800321b   Thumb Code   100  hmi_driver.o(.text)
    GraphChannelDel                          0x0800327f   Thumb Code    82  hmi_driver.o(.text)
    GraphChannelDataAdd                      0x080032d1   Thumb Code   110  hmi_driver.o(.text)
    GraphChannelDataClear                    0x0800333f   Thumb Code    82  hmi_driver.o(.text)
    GraphSetViewport                         0x08003391   Thumb Code   144  hmi_driver.o(.text)
    BatchBegin                               0x08003421   Thumb Code    36  hmi_driver.o(.text)
    BatchSetButtonValue                      0x08003445   Thumb Code    38  hmi_driver.o(.text)
    BatchSetProgressValue                    0x0800346b   Thumb Code    60  hmi_driver.o(.text)
    BatchSetSliderValue                      0x080034a7   Thumb Code    60  hmi_driver.o(.text)
    BatchSetMeterValue                       0x080034e3   Thumb Code    60  hmi_driver.o(.text)
    GetStringLen                             0x0800351f   Thumb Code    18  hmi_driver.o(.text)
    BatchSetText                             0x08003531   Thumb Code    56  hmi_driver.o(.text)
    BatchSetFrame                            0x08003569   Thumb Code    44  hmi_driver.o(.text)
    BatchSetVisible                          0x08003595   Thumb Code    32  hmi_driver.o(.text)
    BatchSetEnable                           0x080035b5   Thumb Code    32  hmi_driver.o(.text)
    BatchEnd                                 0x080035d5   Thumb Code    28  hmi_driver.o(.text)
    SeTimer                                  0x080035f1   Thumb Code   104  hmi_driver.o(.text)
    StartTimer                               0x08003659   Thumb Code    74  hmi_driver.o(.text)
    StopTimer                                0x080036a3   Thumb Code    74  hmi_driver.o(.text)
    PauseTimer                               0x080036ed   Thumb Code    74  hmi_driver.o(.text)
    SetControlBackColor                      0x08003737   Thumb Code    88  hmi_driver.o(.text)
    SetControlForeColor                      0x0800378f   Thumb Code    88  hmi_driver.o(.text)
    ShowPopupMenu                            0x080037e7   Thumb Code   100  hmi_driver.o(.text)
    ShowKeyboard                             0x0800384b   Thumb Code   108  hmi_driver.o(.text)
    SetLanguage                              0x080038b7   Thumb Code    68  hmi_driver.o(.text)
    FlashBeginSaveControl                    0x080038fb   Thumb Code    82  hmi_driver.o(.text)
    FlashSaveControl                         0x0800394d   Thumb Code    32  hmi_driver.o(.text)
    FlashEndSaveControl                      0x0800396d   Thumb Code    28  hmi_driver.o(.text)
    FlashRestoreControl                      0x08003989   Thumb Code   106  hmi_driver.o(.text)
    HistoryGraph_SetValueInt8                0x080039f3   Thumb Code    90  hmi_driver.o(.text)
    HistoryGraph_SetValueInt16               0x08003a4d   Thumb Code    90  hmi_driver.o(.text)
    HistoryGraph_SetValueInt32               0x08003aa7   Thumb Code   136  hmi_driver.o(.text)
    HistoryGraph_SetValueFloat               0x08003b2f   Thumb Code   128  hmi_driver.o(.text)
    HistoryGraph_EnableSampling              0x08003baf   Thumb Code    82  hmi_driver.o(.text)
    HistoryGraph_ShowChannel                 0x08003c01   Thumb Code    94  hmi_driver.o(.text)
    HistoryGraph_SetTimeLength               0x08003c5f   Thumb Code    94  hmi_driver.o(.text)
    HistoryGraph_SetTimeFullScreen           0x08003cbd   Thumb Code    80  hmi_driver.o(.text)
    HistoryGraph_SetTimeZoom                 0x08003d0d   Thumb Code   132  hmi_driver.o(.text)
    Record_SetEvent                          0x08003d91   Thumb Code   126  hmi_driver.o(.text)
    Record_ResetEvent                        0x08003e0f   Thumb Code   126  hmi_driver.o(.text)
    Record_Add                               0x08003e8d   Thumb Code    82  hmi_driver.o(.text)
    Record_Clear                             0x08003edf   Thumb Code    74  hmi_driver.o(.text)
    Record_SetOffset                         0x08003f29   Thumb Code    88  hmi_driver.o(.text)
    Record_GetCount                          0x08003f81   Thumb Code    74  hmi_driver.o(.text)
    ReadRTC                                  0x08003fcb   Thumb Code    40  hmi_driver.o(.text)
    PlayMusic                                0x08003ff3   Thumb Code    58  hmi_driver.o(.text)
    _sys_exit                                0x0800402d   Thumb Code     4  hmi_user_uart.o(.text)
    fputc                                    0x08004031   Thumb Code    22  hmi_user_uart.o(.text)
    UartInit                                 0x08004047   Thumb Code   164  hmi_user_uart.o(.text)
    SendChar                                 0x080040eb   Thumb Code    42  hmi_user_uart.o(.text)
    USART1_IRQHandler                        0x08004115   Thumb Code    32  hmi_user_uart.o(.text)
    Tim9_Init                                0x0800413d   Thumb Code   112  tim9.o(.text)
    TIM1_BRK_TIM9_IRQHandler                 0x080041ad   Thumb Code    28  tim9.o(.text)
    delay_ms                                 0x080041d1   Thumb Code    30  delay.o(.text)
    systicket_init                           0x080041ef   Thumb Code    80  delay.o(.text)
    Reset_Handler                            0x08004251   Thumb Code     8  startup_stm32f40_41xxx.o(.text)
    ADC_IRQHandler                           0x0800426b   Thumb Code     0  startup_stm32f40_41xxx.o(.text)
    CAN1_RX0_IRQHandler                      0x0800426b   Thumb Code     0  startup_stm32f40_41xxx.o(.text)
    CAN1_RX1_IRQHandler                      0x0800426b   Thumb Code     0  startup_stm32f40_41xxx.o(.text)
    CAN1_SCE_IRQHandler                      0x0800426b   Thumb Code     0  startup_stm32f40_41xxx.o(.text)
    CAN1_TX_IRQHandler                       0x0800426b   Thumb Code     0  startup_stm32f40_41xxx.o(.text)
    CAN2_RX0_IRQHandler                      0x0800426b   Thumb Code     0  startup_stm32f40_41xxx.o(.text)
    CAN2_RX1_IRQHandler                      0x0800426b   Thumb Code     0  startup_stm32f40_41xxx.o(.text)
    CAN2_SCE_IRQHandler                      0x0800426b   Thumb Code     0  startup_stm32f40_41xxx.o(.text)
    CAN2_TX_IRQHandler                       0x0800426b   Thumb Code     0  startup_stm32f40_41xxx.o(.text)
    CRYP_IRQHandler                          0x0800426b   Thumb Code     0  startup_stm32f40_41xxx.o(.text)
    DCMI_IRQHandler                          0x0800426b   Thumb Code     0  startup_stm32f40_41xxx.o(.text)
    DMA1_Stream0_IRQHandler                  0x0800426b   Thumb Code     0  startup_stm32f40_41xxx.o(.text)
    DMA1_Stream1_IRQHandler                  0x0800426b   Thumb Code     0  startup_stm32f40_41xxx.o(.text)
    DMA1_Stream2_IRQHandler                  0x0800426b   Thumb Code     0  startup_stm32f40_41xxx.o(.text)
    DMA1_Stream3_IRQHandler                  0x0800426b   Thumb Code     0  startup_stm32f40_41xxx.o(.text)
    DMA1_Stream4_IRQHandler                  0x0800426b   Thumb Code     0  startup_stm32f40_41xxx.o(.text)
    DMA1_Stream5_IRQHandler                  0x0800426b   Thumb Code     0  startup_stm32f40_41xxx.o(.text)
    DMA1_Stream6_IRQHandler                  0x0800426b   Thumb Code     0  startup_stm32f40_41xxx.o(.text)
    DMA1_Stream7_IRQHandler                  0x0800426b   Thumb Code     0  startup_stm32f40_41xxx.o(.text)
    DMA2_Stream0_IRQHandler                  0x0800426b   Thumb Code     0  startup_stm32f40_41xxx.o(.text)
    DMA2_Stream1_IRQHandler                  0x0800426b   Thumb Code     0  startup_stm32f40_41xxx.o(.text)
    DMA2_Stream2_IRQHandler                  0x0800426b   Thumb Code     0  startup_stm32f40_41xxx.o(.text)
    DMA2_Stream3_IRQHandler                  0x0800426b   Thumb Code     0  startup_stm32f40_41xxx.o(.text)
    DMA2_Stream4_IRQHandler                  0x0800426b   Thumb Code     0  startup_stm32f40_41xxx.o(.text)
    DMA2_Stream5_IRQHandler                  0x0800426b   Thumb Code     0  startup_stm32f40_41xxx.o(.text)
    DMA2_Stream6_IRQHandler                  0x0800426b   Thumb Code     0  startup_stm32f40_41xxx.o(.text)
    DMA2_Stream7_IRQHandler                  0x0800426b   Thumb Code     0  startup_stm32f40_41xxx.o(.text)
    ETH_IRQHandler                           0x0800426b   Thumb Code     0  startup_stm32f40_41xxx.o(.text)
    ETH_WKUP_IRQHandler                      0x0800426b   Thumb Code     0  startup_stm32f40_41xxx.o(.text)
    EXTI0_IRQHandler                         0x0800426b   Thumb Code     0  startup_stm32f40_41xxx.o(.text)
    EXTI15_10_IRQHandler                     0x0800426b   Thumb Code     0  startup_stm32f40_41xxx.o(.text)
    EXTI1_IRQHandler                         0x0800426b   Thumb Code     0  startup_stm32f40_41xxx.o(.text)
    EXTI2_IRQHandler                         0x0800426b   Thumb Code     0  startup_stm32f40_41xxx.o(.text)
    EXTI3_IRQHandler                         0x0800426b   Thumb Code     0  startup_stm32f40_41xxx.o(.text)
    EXTI4_IRQHandler                         0x0800426b   Thumb Code     0  startup_stm32f40_41xxx.o(.text)
    EXTI9_5_IRQHandler                       0x0800426b   Thumb Code     0  startup_stm32f40_41xxx.o(.text)
    FLASH_IRQHandler                         0x0800426b   Thumb Code     0  startup_stm32f40_41xxx.o(.text)
    FPU_IRQHandler                           0x0800426b   Thumb Code     0  startup_stm32f40_41xxx.o(.text)
    FSMC_IRQHandler                          0x0800426b   Thumb Code     0  startup_stm32f40_41xxx.o(.text)
    HASH_RNG_IRQHandler                      0x0800426b   Thumb Code     0  startup_stm32f40_41xxx.o(.text)
    I2C1_ER_IRQHandler                       0x0800426b   Thumb Code     0  startup_stm32f40_41xxx.o(.text)
    I2C1_EV_IRQHandler                       0x0800426b   Thumb Code     0  startup_stm32f40_41xxx.o(.text)
    I2C2_ER_IRQHandler                       0x0800426b   Thumb Code     0  startup_stm32f40_41xxx.o(.text)
    I2C2_EV_IRQHandler                       0x0800426b   Thumb Code     0  startup_stm32f40_41xxx.o(.text)
    I2C3_ER_IRQHandler                       0x0800426b   Thumb Code     0  startup_stm32f40_41xxx.o(.text)
    I2C3_EV_IRQHandler                       0x0800426b   Thumb Code     0  startup_stm32f40_41xxx.o(.text)
    OTG_FS_IRQHandler                        0x0800426b   Thumb Code     0  startup_stm32f40_41xxx.o(.text)
    OTG_FS_WKUP_IRQHandler                   0x0800426b   Thumb Code     0  startup_stm32f40_41xxx.o(.text)
    OTG_HS_EP1_IN_IRQHandler                 0x0800426b   Thumb Code     0  startup_stm32f40_41xxx.o(.text)
    OTG_HS_EP1_OUT_IRQHandler                0x0800426b   Thumb Code     0  startup_stm32f40_41xxx.o(.text)
    OTG_HS_IRQHandler                        0x0800426b   Thumb Code     0  startup_stm32f40_41xxx.o(.text)
    OTG_HS_WKUP_IRQHandler                   0x0800426b   Thumb Code     0  startup_stm32f40_41xxx.o(.text)
    PVD_IRQHandler                           0x0800426b   Thumb Code     0  startup_stm32f40_41xxx.o(.text)
    RCC_IRQHandler                           0x0800426b   Thumb Code     0  startup_stm32f40_41xxx.o(.text)
    RTC_Alarm_IRQHandler                     0x0800426b   Thumb Code     0  startup_stm32f40_41xxx.o(.text)
    RTC_WKUP_IRQHandler                      0x0800426b   Thumb Code     0  startup_stm32f40_41xxx.o(.text)
    SDIO_IRQHandler                          0x0800426b   Thumb Code     0  startup_stm32f40_41xxx.o(.text)
    SPI1_IRQHandler                          0x0800426b   Thumb Code     0  startup_stm32f40_41xxx.o(.text)
    SPI2_IRQHandler                          0x0800426b   Thumb Code     0  startup_stm32f40_41xxx.o(.text)
    SPI3_IRQHandler                          0x0800426b   Thumb Code     0  startup_stm32f40_41xxx.o(.text)
    TAMP_STAMP_IRQHandler                    0x0800426b   Thumb Code     0  startup_stm32f40_41xxx.o(.text)
    TIM1_CC_IRQHandler                       0x0800426b   Thumb Code     0  startup_stm32f40_41xxx.o(.text)
    TIM1_TRG_COM_TIM11_IRQHandler            0x0800426b   Thumb Code     0  startup_stm32f40_41xxx.o(.text)
    TIM1_UP_TIM10_IRQHandler                 0x0800426b   Thumb Code     0  startup_stm32f40_41xxx.o(.text)
    TIM2_IRQHandler                          0x0800426b   Thumb Code     0  startup_stm32f40_41xxx.o(.text)
    TIM3_IRQHandler                          0x0800426b   Thumb Code     0  startup_stm32f40_41xxx.o(.text)
    TIM4_IRQHandler                          0x0800426b   Thumb Code     0  startup_stm32f40_41xxx.o(.text)
    TIM5_IRQHandler                          0x0800426b   Thumb Code     0  startup_stm32f40_41xxx.o(.text)
    TIM6_DAC_IRQHandler                      0x0800426b   Thumb Code     0  startup_stm32f40_41xxx.o(.text)
    TIM7_IRQHandler                          0x0800426b   Thumb Code     0  startup_stm32f40_41xxx.o(.text)
    TIM8_BRK_TIM12_IRQHandler                0x0800426b   Thumb Code     0  startup_stm32f40_41xxx.o(.text)
    TIM8_CC_IRQHandler                       0x0800426b   Thumb Code     0  startup_stm32f40_41xxx.o(.text)
    TIM8_TRG_COM_TIM14_IRQHandler            0x0800426b   Thumb Code     0  startup_stm32f40_41xxx.o(.text)
    TIM8_UP_TIM13_IRQHandler                 0x0800426b   Thumb Code     0  startup_stm32f40_41xxx.o(.text)
    UART4_IRQHandler                         0x0800426b   Thumb Code     0  startup_stm32f40_41xxx.o(.text)
    UART5_IRQHandler                         0x0800426b   Thumb Code     0  startup_stm32f40_41xxx.o(.text)
    USART2_IRQHandler                        0x0800426b   Thumb Code     0  startup_stm32f40_41xxx.o(.text)
    USART3_IRQHandler                        0x0800426b   Thumb Code     0  startup_stm32f40_41xxx.o(.text)
    USART6_IRQHandler                        0x0800426b   Thumb Code     0  startup_stm32f40_41xxx.o(.text)
    WWDG_IRQHandler                          0x0800426b   Thumb Code     0  startup_stm32f40_41xxx.o(.text)
    __user_initial_stackheap                 0x0800426d   Thumb Code     0  startup_stm32f40_41xxx.o(.text)
    NVIC_PriorityGroupConfig                 0x08004291   Thumb Code    10  misc.o(.text)
    NVIC_Init                                0x0800429b   Thumb Code   106  misc.o(.text)
    NVIC_SetVectorTable                      0x08004305   Thumb Code    14  misc.o(.text)
    NVIC_SystemLPConfig                      0x08004313   Thumb Code    34  misc.o(.text)
    SysTick_CLKSourceConfig                  0x08004335   Thumb Code    40  misc.o(.text)
    DAC_DeInit                               0x08004371   Thumb Code    22  stm32f4xx_dac.o(.text)
    DAC_Init                                 0x08004387   Thumb Code    46  stm32f4xx_dac.o(.text)
    DAC_StructInit                           0x080043b5   Thumb Code    12  stm32f4xx_dac.o(.text)
    DAC_Cmd                                  0x080043c1   Thumb Code    34  stm32f4xx_dac.o(.text)
    DAC_SoftwareTriggerCmd                   0x080043e3   Thumb Code    48  stm32f4xx_dac.o(.text)
    DAC_DualSoftwareTriggerCmd               0x08004413   Thumb Code    38  stm32f4xx_dac.o(.text)
    DAC_WaveGenerationCmd                    0x08004439   Thumb Code    36  stm32f4xx_dac.o(.text)
    DAC_SetChannel1Data                      0x0800445d   Thumb Code    26  stm32f4xx_dac.o(.text)
    DAC_SetChannel2Data                      0x08004477   Thumb Code    26  stm32f4xx_dac.o(.text)
    DAC_SetDualChannelData                   0x08004491   Thumb Code    32  stm32f4xx_dac.o(.text)
    DAC_GetDataOutputValue                   0x080044b1   Thumb Code    32  stm32f4xx_dac.o(.text)
    DAC_DMACmd                               0x080044d1   Thumb Code    38  stm32f4xx_dac.o(.text)
    DAC_ITConfig                             0x080044f7   Thumb Code    36  stm32f4xx_dac.o(.text)
    DAC_GetFlagStatus                        0x0800451b   Thumb Code    28  stm32f4xx_dac.o(.text)
    DAC_ClearFlag                            0x08004537   Thumb Code    12  stm32f4xx_dac.o(.text)
    DAC_GetITStatus                          0x08004543   Thumb Code    44  stm32f4xx_dac.o(.text)
    DAC_ClearITPendingBit                    0x0800456f   Thumb Code    12  stm32f4xx_dac.o(.text)
    GPIO_DeInit                              0x08004581   Thumb Code   268  stm32f4xx_gpio.o(.text)
    GPIO_Init                                0x0800468d   Thumb Code   144  stm32f4xx_gpio.o(.text)
    GPIO_StructInit                          0x0800471d   Thumb Code    18  stm32f4xx_gpio.o(.text)
    GPIO_PinLockConfig                       0x0800472f   Thumb Code    34  stm32f4xx_gpio.o(.text)
    GPIO_ReadInputDataBit                    0x08004751   Thumb Code    18  stm32f4xx_gpio.o(.text)
    GPIO_ReadInputData                       0x08004763   Thumb Code     8  stm32f4xx_gpio.o(.text)
    GPIO_ReadOutputDataBit                   0x0800476b   Thumb Code    18  stm32f4xx_gpio.o(.text)
    GPIO_ReadOutputData                      0x0800477d   Thumb Code     8  stm32f4xx_gpio.o(.text)
    GPIO_SetBits                             0x08004785   Thumb Code     4  stm32f4xx_gpio.o(.text)
    GPIO_ResetBits                           0x08004789   Thumb Code     4  stm32f4xx_gpio.o(.text)
    GPIO_WriteBit                            0x0800478d   Thumb Code    10  stm32f4xx_gpio.o(.text)
    GPIO_Write                               0x08004797   Thumb Code     4  stm32f4xx_gpio.o(.text)
    GPIO_ToggleBits                          0x0800479b   Thumb Code     8  stm32f4xx_gpio.o(.text)
    GPIO_PinAFConfig                         0x080047a3   Thumb Code    70  stm32f4xx_gpio.o(.text)
    RCC_DeInit                               0x08004815   Thumb Code    82  stm32f4xx_rcc.o(.text)
    RCC_HSEConfig                            0x08004867   Thumb Code    14  stm32f4xx_rcc.o(.text)
    RCC_GetFlagStatus                        0x08004875   Thumb Code    60  stm32f4xx_rcc.o(.text)
    RCC_WaitForHSEStartUp                    0x080048b1   Thumb Code    56  stm32f4xx_rcc.o(.text)
    RCC_AdjustHSICalibrationValue            0x080048e9   Thumb Code    20  stm32f4xx_rcc.o(.text)
    RCC_HSICmd                               0x080048fd   Thumb Code     6  stm32f4xx_rcc.o(.text)
    RCC_LSEConfig                            0x08004903   Thumb Code    46  stm32f4xx_rcc.o(.text)
    RCC_LSICmd                               0x08004931   Thumb Code     6  stm32f4xx_rcc.o(.text)
    RCC_PLLConfig                            0x08004937   Thumb Code    32  stm32f4xx_rcc.o(.text)
    RCC_PLLCmd                               0x08004957   Thumb Code     6  stm32f4xx_rcc.o(.text)
    RCC_PLLI2SConfig                         0x0800495d   Thumb Code    14  stm32f4xx_rcc.o(.text)
    RCC_PLLI2SCmd                            0x0800496b   Thumb Code     6  stm32f4xx_rcc.o(.text)
    RCC_PLLSAIConfig                         0x08004971   Thumb Code    20  stm32f4xx_rcc.o(.text)
    RCC_PLLSAICmd                            0x08004985   Thumb Code     6  stm32f4xx_rcc.o(.text)
    RCC_ClockSecuritySystemCmd               0x0800498b   Thumb Code     6  stm32f4xx_rcc.o(.text)
    RCC_MCO1Config                           0x08004991   Thumb Code    28  stm32f4xx_rcc.o(.text)
    RCC_MCO2Config                           0x080049ad   Thumb Code    28  stm32f4xx_rcc.o(.text)
    RCC_SYSCLKConfig                         0x080049c9   Thumb Code    20  stm32f4xx_rcc.o(.text)
    RCC_GetSYSCLKSource                      0x080049dd   Thumb Code    12  stm32f4xx_rcc.o(.text)
    RCC_HCLKConfig                           0x080049e9   Thumb Code    20  stm32f4xx_rcc.o(.text)
    RCC_PCLK1Config                          0x080049fd   Thumb Code    20  stm32f4xx_rcc.o(.text)
    RCC_PCLK2Config                          0x08004a11   Thumb Code    22  stm32f4xx_rcc.o(.text)
    RCC_GetClocksFreq                        0x08004a27   Thumb Code   222  stm32f4xx_rcc.o(.text)
    RCC_RTCCLKConfig                         0x08004b05   Thumb Code    54  stm32f4xx_rcc.o(.text)
    RCC_RTCCLKCmd                            0x08004b3b   Thumb Code     8  stm32f4xx_rcc.o(.text)
    RCC_BackupResetCmd                       0x08004b43   Thumb Code     8  stm32f4xx_rcc.o(.text)
    RCC_I2SCLKConfig                         0x08004b4b   Thumb Code     6  stm32f4xx_rcc.o(.text)
    RCC_SAIPLLI2SClkDivConfig                0x08004b51   Thumb Code    26  stm32f4xx_rcc.o(.text)
    RCC_SAIPLLSAIClkDivConfig                0x08004b6b   Thumb Code    28  stm32f4xx_rcc.o(.text)
    RCC_SAIBlockACLKConfig                   0x08004b87   Thumb Code    20  stm32f4xx_rcc.o(.text)
    RCC_SAIBlockBCLKConfig                   0x08004b9b   Thumb Code    20  stm32f4xx_rcc.o(.text)
    RCC_LTDCCLKDivConfig                     0x08004baf   Thumb Code    20  stm32f4xx_rcc.o(.text)
    RCC_TIMCLKPresConfig                     0x08004bc3   Thumb Code     6  stm32f4xx_rcc.o(.text)
    RCC_AHB1PeriphClockCmd                   0x08004bc9   Thumb Code    34  stm32f4xx_rcc.o(.text)
    RCC_AHB2PeriphClockCmd                   0x08004beb   Thumb Code    78  stm32f4xx_rcc.o(.text)
    RCC_AHB3PeriphClockCmd                   0x08004c39   Thumb Code    34  stm32f4xx_rcc.o(.text)
    RCC_APB1PeriphClockCmd                   0x08004c5b   Thumb Code    34  stm32f4xx_rcc.o(.text)
    RCC_APB2PeriphClockCmd                   0x08004c7d   Thumb Code    34  stm32f4xx_rcc.o(.text)
    RCC_AHB1PeriphResetCmd                   0x08004c9f   Thumb Code    34  stm32f4xx_rcc.o(.text)
    RCC_AHB2PeriphResetCmd                   0x08004cc1   Thumb Code    34  stm32f4xx_rcc.o(.text)
    RCC_AHB3PeriphResetCmd                   0x08004ce3   Thumb Code    34  stm32f4xx_rcc.o(.text)
    RCC_APB1PeriphResetCmd                   0x08004d05   Thumb Code    34  stm32f4xx_rcc.o(.text)
    RCC_APB2PeriphResetCmd                   0x08004d27   Thumb Code    34  stm32f4xx_rcc.o(.text)
    RCC_AHB1PeriphClockLPModeCmd             0x08004d49   Thumb Code    34  stm32f4xx_rcc.o(.text)
    RCC_AHB2PeriphClockLPModeCmd             0x08004d6b   Thumb Code    34  stm32f4xx_rcc.o(.text)
    RCC_AHB3PeriphClockLPModeCmd             0x08004d8d   Thumb Code    34  stm32f4xx_rcc.o(.text)
    RCC_APB1PeriphClockLPModeCmd             0x08004daf   Thumb Code    34  stm32f4xx_rcc.o(.text)
    RCC_APB2PeriphClockLPModeCmd             0x08004dd1   Thumb Code    34  stm32f4xx_rcc.o(.text)
    RCC_LSEModeConfig                        0x08004df3   Thumb Code    40  stm32f4xx_rcc.o(.text)
    RCC_ITConfig                             0x08004e1b   Thumb Code    34  stm32f4xx_rcc.o(.text)
    RCC_ClearFlag                            0x08004e3d   Thumb Code    18  stm32f4xx_rcc.o(.text)
    RCC_GetITStatus                          0x08004e4f   Thumb Code    22  stm32f4xx_rcc.o(.text)
    RCC_ClearITPendingBit                    0x08004e65   Thumb Code     8  stm32f4xx_rcc.o(.text)
    USART_DeInit                             0x08004e71   Thumb Code   206  stm32f4xx_usart.o(.text)
    USART_Init                               0x08004f3f   Thumb Code   204  stm32f4xx_usart.o(.text)
    USART_StructInit                         0x0800500b   Thumb Code    24  stm32f4xx_usart.o(.text)
    USART_ClockInit                          0x08005023   Thumb Code    32  stm32f4xx_usart.o(.text)
    USART_ClockStructInit                    0x08005043   Thumb Code    12  stm32f4xx_usart.o(.text)
    USART_Cmd                                0x0800504f   Thumb Code    24  stm32f4xx_usart.o(.text)
    USART_SetPrescaler                       0x08005067   Thumb Code    16  stm32f4xx_usart.o(.text)
    USART_OverSampling8Cmd                   0x08005077   Thumb Code    22  stm32f4xx_usart.o(.text)
    USART_OneBitMethodCmd                    0x0800508d   Thumb Code    24  stm32f4xx_usart.o(.text)
    USART_SendData                           0x080050a5   Thumb Code     8  stm32f4xx_usart.o(.text)
    USART_ReceiveData                        0x080050ad   Thumb Code    10  stm32f4xx_usart.o(.text)
    USART_SetAddress                         0x080050b7   Thumb Code    18  stm32f4xx_usart.o(.text)
    USART_ReceiverWakeUpCmd                  0x080050c9   Thumb Code    24  stm32f4xx_usart.o(.text)
    USART_WakeUpConfig                       0x080050e1   Thumb Code    18  stm32f4xx_usart.o(.text)
    USART_LINBreakDetectLengthConfig         0x080050f3   Thumb Code    18  stm32f4xx_usart.o(.text)
    USART_LINCmd                             0x08005105   Thumb Code    24  stm32f4xx_usart.o(.text)
    USART_SendBreak                          0x0800511d   Thumb Code    10  stm32f4xx_usart.o(.text)
    USART_HalfDuplexCmd                      0x08005127   Thumb Code    24  stm32f4xx_usart.o(.text)
    USART_SetGuardTime                       0x0800513f   Thumb Code    16  stm32f4xx_usart.o(.text)
    USART_SmartCardCmd                       0x0800514f   Thumb Code    24  stm32f4xx_usart.o(.text)
    USART_SmartCardNACKCmd                   0x08005167   Thumb Code    24  stm32f4xx_usart.o(.text)
    USART_IrDAConfig                         0x0800517f   Thumb Code    18  stm32f4xx_usart.o(.text)
    USART_IrDACmd                            0x08005191   Thumb Code    24  stm32f4xx_usart.o(.text)
    USART_DMACmd                             0x080051a9   Thumb Code    18  stm32f4xx_usart.o(.text)
    USART_ITConfig                           0x080051bb   Thumb Code    74  stm32f4xx_usart.o(.text)
    USART_GetFlagStatus                      0x08005205   Thumb Code    26  stm32f4xx_usart.o(.text)
    USART_ClearFlag                          0x0800521f   Thumb Code    18  stm32f4xx_usart.o(.text)
    USART_GetITStatus                        0x08005231   Thumb Code   118  stm32f4xx_usart.o(.text)
    USART_ClearITPendingBit                  0x080052a7   Thumb Code    30  stm32f4xx_usart.o(.text)
    TIM_DeInit                               0x080052c5   Thumb Code   346  stm32f4xx_tim.o(.text)
    TIM_TimeBaseInit                         0x0800541f   Thumb Code   104  stm32f4xx_tim.o(.text)
    TIM_TimeBaseStructInit                   0x08005487   Thumb Code    18  stm32f4xx_tim.o(.text)
    TIM_PrescalerConfig                      0x08005499   Thumb Code     6  stm32f4xx_tim.o(.text)
    TIM_CounterModeConfig                    0x0800549f   Thumb Code    18  stm32f4xx_tim.o(.text)
    TIM_SetCounter                           0x080054b1   Thumb Code     4  stm32f4xx_tim.o(.text)
    TIM_SetAutoreload                        0x080054b5   Thumb Code     4  stm32f4xx_tim.o(.text)
    TIM_GetCounter                           0x080054b9   Thumb Code     6  stm32f4xx_tim.o(.text)
    TIM_GetPrescaler                         0x080054bf   Thumb Code     6  stm32f4xx_tim.o(.text)
    TIM_UpdateDisableConfig                  0x080054c5   Thumb Code    24  stm32f4xx_tim.o(.text)
    TIM_UpdateRequestConfig                  0x080054dd   Thumb Code    24  stm32f4xx_tim.o(.text)
    TIM_ARRPreloadConfig                     0x080054f5   Thumb Code    24  stm32f4xx_tim.o(.text)
    TIM_SelectOnePulseMode                   0x0800550d   Thumb Code    18  stm32f4xx_tim.o(.text)
    TIM_SetClockDivision                     0x0800551f   Thumb Code    18  stm32f4xx_tim.o(.text)
    TIM_Cmd                                  0x08005531   Thumb Code    24  stm32f4xx_tim.o(.text)
    TIM_OC1Init                              0x08005549   Thumb Code   114  stm32f4xx_tim.o(.text)
    TIM_OC2Init                              0x080055bb   Thumb Code   154  stm32f4xx_tim.o(.text)
    TIM_OC3Init                              0x08005655   Thumb Code   204  stm32f4xx_tim.o(.text)
    TIM_OC4Init                              0x08005721   Thumb Code   112  stm32f4xx_tim.o(.text)
    TIM_OCStructInit                         0x08005791   Thumb Code    20  stm32f4xx_tim.o(.text)
    TIM_SelectOCxM                           0x080057a5   Thumb Code    86  stm32f4xx_tim.o(.text)
    TIM_SetCompare1                          0x080057fb   Thumb Code     4  stm32f4xx_tim.o(.text)
    TIM_SetCompare2                          0x080057ff   Thumb Code     4  stm32f4xx_tim.o(.text)
    TIM_SetCompare3                          0x08005803   Thumb Code     4  stm32f4xx_tim.o(.text)
    TIM_SetCompare4                          0x08005807   Thumb Code     4  stm32f4xx_tim.o(.text)
    TIM_ForcedOC1Config                      0x0800580b   Thumb Code    18  stm32f4xx_tim.o(.text)
    TIM_ForcedOC2Config                      0x0800581d   Thumb Code    26  stm32f4xx_tim.o(.text)
    TIM_ForcedOC3Config                      0x08005837   Thumb Code    18  stm32f4xx_tim.o(.text)
    TIM_ForcedOC4Config                      0x08005849   Thumb Code    26  stm32f4xx_tim.o(.text)
    TIM_OC1PreloadConfig                     0x08005863   Thumb Code    18  stm32f4xx_tim.o(.text)
    TIM_OC2PreloadConfig                     0x08005875   Thumb Code    26  stm32f4xx_tim.o(.text)
    TIM_OC3PreloadConfig                     0x0800588f   Thumb Code    18  stm32f4xx_tim.o(.text)
    TIM_OC4PreloadConfig                     0x080058a1   Thumb Code    26  stm32f4xx_tim.o(.text)
    TIM_OC1FastConfig                        0x080058bb   Thumb Code    18  stm32f4xx_tim.o(.text)
    TIM_OC2FastConfig                        0x080058cd   Thumb Code    26  stm32f4xx_tim.o(.text)
    TIM_OC3FastConfig                        0x080058e7   Thumb Code    18  stm32f4xx_tim.o(.text)
    TIM_OC4FastConfig                        0x080058f9   Thumb Code    26  stm32f4xx_tim.o(.text)
    TIM_ClearOC1Ref                          0x08005913   Thumb Code    18  stm32f4xx_tim.o(.text)
    TIM_ClearOC2Ref                          0x08005925   Thumb Code    24  stm32f4xx_tim.o(.text)
    TIM_ClearOC3Ref                          0x0800593d   Thumb Code    18  stm32f4xx_tim.o(.text)
    TIM_ClearOC4Ref                          0x0800594f   Thumb Code    24  stm32f4xx_tim.o(.text)
    TIM_OC1PolarityConfig                    0x08005967   Thumb Code    18  stm32f4xx_tim.o(.text)
    TIM_OC1NPolarityConfig                   0x08005979   Thumb Code    18  stm32f4xx_tim.o(.text)
    TIM_OC2PolarityConfig                    0x0800598b   Thumb Code    26  stm32f4xx_tim.o(.text)
    TIM_OC2NPolarityConfig                   0x080059a5   Thumb Code    26  stm32f4xx_tim.o(.text)
    TIM_OC3PolarityConfig                    0x080059bf   Thumb Code    26  stm32f4xx_tim.o(.text)
    TIM_OC3NPolarityConfig                   0x080059d9   Thumb Code    26  stm32f4xx_tim.o(.text)
    TIM_OC4PolarityConfig                    0x080059f3   Thumb Code    26  stm32f4xx_tim.o(.text)
    TIM_CCxCmd                               0x08005a0d   Thumb Code    30  stm32f4xx_tim.o(.text)
    TIM_CCxNCmd                              0x08005a2b   Thumb Code    30  stm32f4xx_tim.o(.text)
    TIM_SetIC4Prescaler                      0x08005a49   Thumb Code    26  stm32f4xx_tim.o(.text)
    TIM_SetIC3Prescaler                      0x08005ab3   Thumb Code    18  stm32f4xx_tim.o(.text)
    TIM_SetIC2Prescaler                      0x08005b0d   Thumb Code    26  stm32f4xx_tim.o(.text)
    TIM_SetIC1Prescaler                      0x08005b81   Thumb Code    18  stm32f4xx_tim.o(.text)
    TIM_ICInit                               0x08005bcd   Thumb Code   110  stm32f4xx_tim.o(.text)
    TIM_ICStructInit                         0x08005c3b   Thumb Code    18  stm32f4xx_tim.o(.text)
    TIM_PWMIConfig                           0x08005c4d   Thumb Code   124  stm32f4xx_tim.o(.text)
    TIM_GetCapture1                          0x08005cc9   Thumb Code     6  stm32f4xx_tim.o(.text)
    TIM_GetCapture2                          0x08005ccf   Thumb Code     6  stm32f4xx_tim.o(.text)
    TIM_GetCapture3                          0x08005cd5   Thumb Code     6  stm32f4xx_tim.o(.text)
    TIM_GetCapture4                          0x08005cdb   Thumb Code     6  stm32f4xx_tim.o(.text)
    TIM_BDTRConfig                           0x08005ce1   Thumb Code    32  stm32f4xx_tim.o(.text)
    TIM_BDTRStructInit                       0x08005d01   Thumb Code    18  stm32f4xx_tim.o(.text)
    TIM_CtrlPWMOutputs                       0x08005d13   Thumb Code    30  stm32f4xx_tim.o(.text)
    TIM_SelectCOM                            0x08005d31   Thumb Code    24  stm32f4xx_tim.o(.text)
    TIM_CCPreloadControl                     0x08005d49   Thumb Code    24  stm32f4xx_tim.o(.text)
    TIM_ITConfig                             0x08005d61   Thumb Code    18  stm32f4xx_tim.o(.text)
    TIM_GenerateEvent                        0x08005d73   Thumb Code     4  stm32f4xx_tim.o(.text)
    TIM_GetFlagStatus                        0x08005d77   Thumb Code    18  stm32f4xx_tim.o(.text)
    TIM_ClearFlag                            0x08005d89   Thumb Code     6  stm32f4xx_tim.o(.text)
    TIM_GetITStatus                          0x08005d8f   Thumb Code    34  stm32f4xx_tim.o(.text)
    TIM_ClearITPendingBit                    0x08005db1   Thumb Code     6  stm32f4xx_tim.o(.text)
    TIM_DMAConfig                            0x08005db7   Thumb Code    10  stm32f4xx_tim.o(.text)
    TIM_DMACmd                               0x08005dc1   Thumb Code    18  stm32f4xx_tim.o(.text)
    TIM_SelectCCDMA                          0x08005dd3   Thumb Code    24  stm32f4xx_tim.o(.text)
    TIM_InternalClockConfig                  0x08005deb   Thumb Code    12  stm32f4xx_tim.o(.text)
    TIM_SelectInputTrigger                   0x08005df7   Thumb Code    18  stm32f4xx_tim.o(.text)
    TIM_ITRxExternalClockConfig              0x08005e09   Thumb Code    24  stm32f4xx_tim.o(.text)
    TIM_TIxExternalClockConfig               0x08005e21   Thumb Code    62  stm32f4xx_tim.o(.text)
    TIM_ETRConfig                            0x08005e5f   Thumb Code    28  stm32f4xx_tim.o(.text)
    TIM_ETRClockMode1Config                  0x08005e7b   Thumb Code    54  stm32f4xx_tim.o(.text)
    TIM_ETRClockMode2Config                  0x08005eb1   Thumb Code    32  stm32f4xx_tim.o(.text)
    TIM_SelectOutputTrigger                  0x08005ed1   Thumb Code    18  stm32f4xx_tim.o(.text)
    TIM_SelectSlaveMode                      0x08005ee3   Thumb Code    18  stm32f4xx_tim.o(.text)
    TIM_SelectMasterSlaveMode                0x08005ef5   Thumb Code    18  stm32f4xx_tim.o(.text)
    TIM_EncoderInterfaceConfig               0x08005f07   Thumb Code    66  stm32f4xx_tim.o(.text)
    TIM_SelectHallSensor                     0x08005f49   Thumb Code    24  stm32f4xx_tim.o(.text)
    TIM_RemapConfig                          0x08005f61   Thumb Code     6  stm32f4xx_tim.o(.text)
    __use_no_semihosting                     0x08005f67   Thumb Code     2  use_no_semi_2.o(.text)
    __2sprintf                               0x08005f69   Thumb Code    34  noretval__2sprintf.o(.text)
    __printf                                 0x08005f91   Thumb Code   104  __printf.o(.text)
    _printf_str                              0x08005ff9   Thumb Code    82  _printf_str.o(.text)
    __0sscanf                                0x0800604d   Thumb Code    52  __0sscanf.o(.text)
    _scanf_int                               0x08006089   Thumb Code   332  _scanf_int.o(.text)
    __aeabi_memcpy4                          0x080061d5   Thumb Code     0  rt_memcpy_w.o(.text)
    __aeabi_memcpy8                          0x080061d5   Thumb Code     0  rt_memcpy_w.o(.text)
    __rt_memcpy_w                            0x080061d5   Thumb Code   100  rt_memcpy_w.o(.text)
    _memcpy_lastbytes_aligned                0x0800621d   Thumb Code     0  rt_memcpy_w.o(.text)
    __use_two_region_memory                  0x08006239   Thumb Code     2  heapauxi.o(.text)
    __rt_heap_escrow$2region                 0x0800623b   Thumb Code     2  heapauxi.o(.text)
    __rt_heap_expand$2region                 0x0800623d   Thumb Code     2  heapauxi.o(.text)
    __I$use$semihosting                      0x0800623f   Thumb Code     0  use_no_semi.o(.text)
    __use_no_semihosting_swi                 0x0800623f   Thumb Code     2  use_no_semi.o(.text)
    _printf_char_common                      0x0800624b   Thumb Code    32  _printf_char_common.o(.text)
    _sputc                                   0x08006271   Thumb Code    10  _sputc.o(.text)
    _printf_cs_common                        0x0800627b   Thumb Code    20  _printf_char.o(.text)
    _printf_char                             0x0800628f   Thumb Code    16  _printf_char.o(.text)
    _printf_string                           0x0800629f   Thumb Code     8  _printf_char.o(.text)
    _chval                                   0x080062a7   Thumb Code    28  _chval.o(.text)
    __vfscanf_char                           0x080062d1   Thumb Code    24  scanf_char.o(.text)
    _sgetc                                   0x080062f1   Thumb Code    30  _sgetc.o(.text)
    _sbackspace                              0x0800630f   Thumb Code    34  _sgetc.o(.text)
    isspace                                  0x08006331   Thumb Code    18  isspace.o(.text)
    __vfscanf                                0x08006345   Thumb Code   880  _scanf.o(.text)
    __user_setup_stackheap                   0x080066b9   Thumb Code    74  sys_stackheap_outer.o(.text)
    __rt_ctype_table                         0x08006705   Thumb Code    16  rt_ctype_table.o(.text)
    exit                                     0x08006715   Thumb Code    18  exit.o(.text)
    __user_libspace                          0x08006729   Thumb Code     8  libspace.o(.text)
    __user_perproc_libspace                  0x08006729   Thumb Code     0  libspace.o(.text)
    __user_perthread_libspace                0x08006729   Thumb Code     0  libspace.o(.text)
    __rt_locale                              0x08006731   Thumb Code     8  rt_locale_intlibspace.o(.text)
    strcmp                                   0x08006739   Thumb Code   128  strcmpv7m.o(.text)
    _get_lc_ctype                            0x080067b9   Thumb Code    44  lc_ctype_c.o(locale$$code)
    __aeabi_ddiv                             0x080067e5   Thumb Code     0  ddiv.o(x$fpl$ddiv)
    _ddiv                                    0x080067e5   Thumb Code   552  ddiv.o(x$fpl$ddiv)
    __aeabi_d2uiz                            0x08006a95   Thumb Code     0  dfixu.o(x$fpl$dfixu)
    _dfixu                                   0x08006a95   Thumb Code    90  dfixu.o(x$fpl$dfixu)
    __aeabi_dmul                             0x08006af1   Thumb Code     0  dmul.o(x$fpl$dmul)
    _dmul                                    0x08006af1   Thumb Code   332  dmul.o(x$fpl$dmul)
    __fpl_dnaninf                            0x08006c45   Thumb Code   156  dnaninf.o(x$fpl$dnaninf)
    __fpl_dretinf                            0x08006ce1   Thumb Code    12  dretinf.o(x$fpl$dretinf)
    __aeabi_f2d                              0x08006ced   Thumb Code     0  f2d.o(x$fpl$f2d)
    _f2d                                     0x08006ced   Thumb Code    86  f2d.o(x$fpl$f2d)
    __fpl_fnaninf                            0x08006d43   Thumb Code   140  fnaninf.o(x$fpl$fnaninf)
    _fp_init                                 0x08006dcf   Thumb Code    10  fpinit.o(x$fpl$fpinit)
    __fplib_config_fpu_vfp                   0x08006dd7   Thumb Code     0  fpinit.o(x$fpl$fpinit)
    __fplib_config_pureend_doubles           0x08006dd7   Thumb Code     0  fpinit.o(x$fpl$fpinit)
    __I$use$fp                               0x08006dd8   Number         0  usenofp.o(x$fpl$usenofp)
    Region$$Table$$Base                      0x08007048   Number         0  anon$$obj.o(Region$$Table)
    Region$$Table$$Limit                     0x08007068   Number         0  anon$$obj.o(Region$$Table)
    __ctype                                  0x08007075   Data           0  lc_ctype_c.o(locale$$data)
    close_tip                                0x20000000   Data           5  main.o(.data)
    protect_tip                              0x20000005   Data           9  main.o(.data)
    overhaul_tip                             0x2000000e   Data           9  main.o(.data)
    clear_tip                                0x20000017   Data           9  main.o(.data)
    timer_tick_count                         0x20000020   Data           4  main.o(.data)
    bat_val1                                 0x20000024   Data           4  main.o(.data)
    bat_val2                                 0x20000028   Data           4  main.o(.data)
    temperature                              0x2000002c   Data           4  main.o(.data)
    SystemCoreClock                          0x20000068   Data           4  system_stm32f4xx.o(.data)
    AHBPrescTable                            0x2000006c   Data          16  system_stm32f4xx.o(.data)
    ENERGY_STATE                             0x2000007c   Data           1  cabinet.o(.data)
    cmd_buffer                               0x20000098   Data          64  main.o(.bss)
    __libspace_start                         0x200002dc   Data          96  libspace.o(.bss)
    __temporary_stack_top$libspace           0x2000033c   Data           0  libspace.o(.bss)



==============================================================================

Memory Map of the image

  Image Entry point : 0x08000189

  Load Region LR_IROM1 (Base: 0x08000000, Size: 0x00007210, Max: 0x00080000, ABSOLUTE)

    Execution Region ER_IROM1 (Exec base: 0x08000000, Load base: 0x08000000, Size: 0x00007178, Max: 0x00080000, ABSOLUTE)

    Exec Addr    Load Addr    Size         Type   Attr      Idx    E Section Name        Object

    0x08000000   0x08000000   0x00000188   Data   RO          483    RESET               startup_stm32f40_41xxx.o
    0x08000188   0x08000188   0x00000008   Code   RO          715  * !!!main             c_w.l(__main.o)
    0x08000190   0x08000190   0x00000034   Code   RO          922    !!!scatter          c_w.l(__scatter.o)
    0x080001c4   0x080001c4   0x0000001a   Code   RO          924    !!handler_copy      c_w.l(__scatter_copy.o)
    0x080001de   0x080001de   0x00000002   PAD
    0x080001e0   0x080001e0   0x0000001c   Code   RO          926    !!handler_zi        c_w.l(__scatter_zi.o)
    0x080001fc   0x080001fc   0x00000000   Code   RO          706    .ARM.Collect$$_printf_percent$$00000000  c_w.l(_printf_percent.o)
    0x080001fc   0x080001fc   0x00000006   Code   RO          705    .ARM.Collect$$_printf_percent$$00000013  c_w.l(_printf_c.o)
    0x08000202   0x08000202   0x00000004   Code   RO          738    .ARM.Collect$$_printf_percent$$00000017  c_w.l(_printf_percent_end.o)
    0x08000206   0x08000206   0x00000002   Code   RO          784    .ARM.Collect$$libinit$$00000000  c_w.l(libinit.o)
    0x08000208   0x08000208   0x00000004   Code   RO          798    .ARM.Collect$$libinit$$00000001  c_w.l(libinit2.o)
    0x0800020c   0x0800020c   0x00000000   Code   RO          801    .ARM.Collect$$libinit$$00000004  c_w.l(libinit2.o)
    0x0800020c   0x0800020c   0x00000000   Code   RO          804    .ARM.Collect$$libinit$$0000000A  c_w.l(libinit2.o)
    0x0800020c   0x0800020c   0x00000000   Code   RO          806    .ARM.Collect$$libinit$$0000000C  c_w.l(libinit2.o)
    0x0800020c   0x0800020c   0x00000000   Code   RO          808    .ARM.Collect$$libinit$$0000000E  c_w.l(libinit2.o)
    0x0800020c   0x0800020c   0x00000006   Code   RO          809    .ARM.Collect$$libinit$$0000000F  c_w.l(libinit2.o)
    0x08000212   0x08000212   0x00000000   Code   RO          811    .ARM.Collect$$libinit$$00000011  c_w.l(libinit2.o)
    0x08000212   0x08000212   0x0000000c   Code   RO          812    .ARM.Collect$$libinit$$00000012  c_w.l(libinit2.o)
    0x0800021e   0x0800021e   0x00000000   Code   RO          813    .ARM.Collect$$libinit$$00000013  c_w.l(libinit2.o)
    0x0800021e   0x0800021e   0x00000000   Code   RO          815    .ARM.Collect$$libinit$$00000015  c_w.l(libinit2.o)
    0x0800021e   0x0800021e   0x00000000   Code   RO          817    .ARM.Collect$$libinit$$00000017  c_w.l(libinit2.o)
    0x0800021e   0x0800021e   0x00000000   Code   RO          819    .ARM.Collect$$libinit$$00000019  c_w.l(libinit2.o)
    0x0800021e   0x0800021e   0x00000000   Code   RO          821    .ARM.Collect$$libinit$$0000001B  c_w.l(libinit2.o)
    0x0800021e   0x0800021e   0x00000000   Code   RO          823    .ARM.Collect$$libinit$$0000001D  c_w.l(libinit2.o)
    0x0800021e   0x0800021e   0x00000000   Code   RO          825    .ARM.Collect$$libinit$$0000001F  c_w.l(libinit2.o)
    0x0800021e   0x0800021e   0x00000000   Code   RO          827    .ARM.Collect$$libinit$$00000021  c_w.l(libinit2.o)
    0x0800021e   0x0800021e   0x00000000   Code   RO          829    .ARM.Collect$$libinit$$00000023  c_w.l(libinit2.o)
    0x0800021e   0x0800021e   0x00000000   Code   RO          831    .ARM.Collect$$libinit$$00000025  c_w.l(libinit2.o)
    0x0800021e   0x0800021e   0x00000000   Code   RO          835    .ARM.Collect$$libinit$$0000002C  c_w.l(libinit2.o)
    0x0800021e   0x0800021e   0x00000000   Code   RO          837    .ARM.Collect$$libinit$$0000002E  c_w.l(libinit2.o)
    0x0800021e   0x0800021e   0x00000000   Code   RO          839    .ARM.Collect$$libinit$$00000030  c_w.l(libinit2.o)
    0x0800021e   0x0800021e   0x00000000   Code   RO          841    .ARM.Collect$$libinit$$00000032  c_w.l(libinit2.o)
    0x0800021e   0x0800021e   0x00000002   Code   RO          842    .ARM.Collect$$libinit$$00000033  c_w.l(libinit2.o)
    0x08000220   0x08000220   0x00000002   Code   RO          862    .ARM.Collect$$libshutdown$$00000000  c_w.l(libshutdown.o)
    0x08000222   0x08000222   0x00000000   Code   RO          872    .ARM.Collect$$libshutdown$$00000002  c_w.l(libshutdown2.o)
    0x08000222   0x08000222   0x00000000   Code   RO          874    .ARM.Collect$$libshutdown$$00000004  c_w.l(libshutdown2.o)
    0x08000222   0x08000222   0x00000000   Code   RO          876    .ARM.Collect$$libshutdown$$00000006  c_w.l(libshutdown2.o)
    0x08000222   0x08000222   0x00000000   Code   RO          879    .ARM.Collect$$libshutdown$$00000009  c_w.l(libshutdown2.o)
    0x08000222   0x08000222   0x00000000   Code   RO          882    .ARM.Collect$$libshutdown$$0000000C  c_w.l(libshutdown2.o)
    0x08000222   0x08000222   0x00000000   Code   RO          884    .ARM.Collect$$libshutdown$$0000000E  c_w.l(libshutdown2.o)
    0x08000222   0x08000222   0x00000000   Code   RO          887    .ARM.Collect$$libshutdown$$00000011  c_w.l(libshutdown2.o)
    0x08000222   0x08000222   0x00000002   Code   RO          888    .ARM.Collect$$libshutdown$$00000012  c_w.l(libshutdown2.o)
    0x08000224   0x08000224   0x00000000   Code   RO          731    .ARM.Collect$$rtentry$$00000000  c_w.l(__rtentry.o)
    0x08000224   0x08000224   0x00000000   Code   RO          753    .ARM.Collect$$rtentry$$00000002  c_w.l(__rtentry2.o)
    0x08000224   0x08000224   0x00000006   Code   RO          765    .ARM.Collect$$rtentry$$00000004  c_w.l(__rtentry4.o)
    0x0800022a   0x0800022a   0x00000000   Code   RO          755    .ARM.Collect$$rtentry$$00000009  c_w.l(__rtentry2.o)
    0x0800022a   0x0800022a   0x00000004   Code   RO          756    .ARM.Collect$$rtentry$$0000000A  c_w.l(__rtentry2.o)
    0x0800022e   0x0800022e   0x00000000   Code   RO          758    .ARM.Collect$$rtentry$$0000000C  c_w.l(__rtentry2.o)
    0x0800022e   0x0800022e   0x00000008   Code   RO          759    .ARM.Collect$$rtentry$$0000000D  c_w.l(__rtentry2.o)
    0x08000236   0x08000236   0x00000002   Code   RO          788    .ARM.Collect$$rtexit$$00000000  c_w.l(rtexit.o)
    0x08000238   0x08000238   0x00000000   Code   RO          844    .ARM.Collect$$rtexit$$00000002  c_w.l(rtexit2.o)
    0x08000238   0x08000238   0x00000004   Code   RO          845    .ARM.Collect$$rtexit$$00000003  c_w.l(rtexit2.o)
    0x0800023c   0x0800023c   0x00000006   Code   RO          846    .ARM.Collect$$rtexit$$00000004  c_w.l(rtexit2.o)
    0x08000242   0x08000242   0x00000002   PAD
    0x08000244   0x08000244   0x00001458   Code   RO            3    .text               main.o
    0x0800169c   0x0800169c   0x00000028   Code   RO          180    .text               stm32f4xx_it.o
    0x080016c4   0x080016c4   0x00000210   Code   RO          230    .text               system_stm32f4xx.o
    0x080018d4   0x080018d4   0x00000154   Code   RO          300    .text               dac.o
    0x08001a28   0x08001a28   0x00000198   Code   RO          320    .text               cabinet.o
    0x08001bc0   0x08001bc0   0x00000114   Code   RO          346    .text               cmd_queue.o
    0x08001cd4   0x08001cd4   0x00002358   Code   RO          369    .text               hmi_driver.o
    0x0800402c   0x0800402c   0x00000110   Code   RO          389    .text               hmi_user_uart.o
    0x0800413c   0x0800413c   0x00000094   Code   RO          419    .text               tim9.o
    0x080041d0   0x080041d0   0x00000080   Code   RO          458    .text               delay.o
    0x08004250   0x08004250   0x00000040   Code   RO          484    .text               startup_stm32f40_41xxx.o
    0x08004290   0x08004290   0x000000e0   Code   RO          490    .text               misc.o
    0x08004370   0x08004370   0x00000210   Code   RO          530    .text               stm32f4xx_dac.o
    0x08004580   0x08004580   0x00000294   Code   RO          550    .text               stm32f4xx_gpio.o
    0x08004814   0x08004814   0x0000065c   Code   RO          593    .text               stm32f4xx_rcc.o
    0x08004e70   0x08004e70   0x00000454   Code   RO          635    .text               stm32f4xx_usart.o
    0x080052c4   0x080052c4   0x00000ca2   Code   RO          655    .text               stm32f4xx_tim.o
    0x08005f66   0x08005f66   0x00000002   Code   RO          675    .text               c_w.l(use_no_semi_2.o)
    0x08005f68   0x08005f68   0x00000028   Code   RO          679    .text               c_w.l(noretval__2sprintf.o)
    0x08005f90   0x08005f90   0x00000068   Code   RO          681    .text               c_w.l(__printf.o)
    0x08005ff8   0x08005ff8   0x00000052   Code   RO          683    .text               c_w.l(_printf_str.o)
    0x0800604a   0x0800604a   0x00000002   PAD
    0x0800604c   0x0800604c   0x0000003c   Code   RO          707    .text               c_w.l(__0sscanf.o)
    0x08006088   0x08006088   0x0000014c   Code   RO          709    .text               c_w.l(_scanf_int.o)
    0x080061d4   0x080061d4   0x00000064   Code   RO          711    .text               c_w.l(rt_memcpy_w.o)
    0x08006238   0x08006238   0x00000006   Code   RO          713    .text               c_w.l(heapauxi.o)
    0x0800623e   0x0800623e   0x00000002   Code   RO          729    .text               c_w.l(use_no_semi.o)
    0x08006240   0x08006240   0x00000030   Code   RO          732    .text               c_w.l(_printf_char_common.o)
    0x08006270   0x08006270   0x0000000a   Code   RO          734    .text               c_w.l(_sputc.o)
    0x0800627a   0x0800627a   0x0000002c   Code   RO          736    .text               c_w.l(_printf_char.o)
    0x080062a6   0x080062a6   0x0000001c   Code   RO          739    .text               c_w.l(_chval.o)
    0x080062c2   0x080062c2   0x00000002   PAD
    0x080062c4   0x080062c4   0x0000002c   Code   RO          741    .text               c_w.l(scanf_char.o)
    0x080062f0   0x080062f0   0x00000040   Code   RO          743    .text               c_w.l(_sgetc.o)
    0x08006330   0x08006330   0x00000012   Code   RO          767    .text               c_w.l(isspace.o)
    0x08006342   0x08006342   0x00000002   PAD
    0x08006344   0x08006344   0x00000374   Code   RO          771    .text               c_w.l(_scanf.o)
    0x080066b8   0x080066b8   0x0000004a   Code   RO          773    .text               c_w.l(sys_stackheap_outer.o)
    0x08006702   0x08006702   0x00000002   PAD
    0x08006704   0x08006704   0x00000010   Code   RO          775    .text               c_w.l(rt_ctype_table.o)
    0x08006714   0x08006714   0x00000012   Code   RO          777    .text               c_w.l(exit.o)
    0x08006726   0x08006726   0x00000002   PAD
    0x08006728   0x08006728   0x00000008   Code   RO          785    .text               c_w.l(libspace.o)
    0x08006730   0x08006730   0x00000008   Code   RO          793    .text               c_w.l(rt_locale_intlibspace.o)
    0x08006738   0x08006738   0x00000080   Code   RO          850    .text               c_w.l(strcmpv7m.o)
    0x080067b8   0x080067b8   0x0000002c   Code   RO          796    locale$$code        c_w.l(lc_ctype_c.o)
    0x080067e4   0x080067e4   0x000002b0   Code   RO          718    x$fpl$ddiv          fz_wm.l(ddiv.o)
    0x08006a94   0x08006a94   0x0000005a   Code   RO          721    x$fpl$dfixu         fz_wm.l(dfixu.o)
    0x08006aee   0x08006aee   0x00000002   PAD
    0x08006af0   0x08006af0   0x00000154   Code   RO          725    x$fpl$dmul          fz_wm.l(dmul.o)
    0x08006c44   0x08006c44   0x0000009c   Code   RO          745    x$fpl$dnaninf       fz_wm.l(dnaninf.o)
    0x08006ce0   0x08006ce0   0x0000000c   Code   RO          747    x$fpl$dretinf       fz_wm.l(dretinf.o)
    0x08006cec   0x08006cec   0x00000056   Code   RO          727    x$fpl$f2d           fz_wm.l(f2d.o)
    0x08006d42   0x08006d42   0x0000008c   Code   RO          749    x$fpl$fnaninf       fz_wm.l(fnaninf.o)
    0x08006dce   0x08006dce   0x0000000a   Code   RO          854    x$fpl$fpinit        fz_wm.l(fpinit.o)
    0x08006dd8   0x08006dd8   0x00000000   Code   RO          751    x$fpl$usenofp       fz_wm.l(usenofp.o)
    0x08006dd8   0x08006dd8   0x00000170   Data   RO            5    .constdata          main.o
    0x08006f48   0x08006f48   0x00000100   Data   RO            6    .conststring        main.o
    0x08007048   0x08007048   0x00000020   Data   RO          920    Region$$Table       anon$$obj.o
    0x08007068   0x08007068   0x00000110   Data   RO          795    locale$$data        c_w.l(lc_ctype_c.o)


    Execution Region RW_IRAM1 (Exec base: 0x20000000, Load base: 0x08007178, Size: 0x00000940, Max: 0x00020000, ABSOLUTE)

    Exec Addr    Load Addr    Size         Type   Attr      Idx    E Section Name        Object

    0x20000000   0x08007178   0x00000065   Data   RW            7    .data               main.o
    0x20000065   0x080071dd   0x00000003   PAD
    0x20000068   0x080071e0   0x00000014   Data   RW          231    .data               system_stm32f4xx.o
    0x2000007c   0x080071f4   0x00000002   Data   RW          321    .data               cabinet.o
    0x2000007e   0x080071f6   0x00000002   PAD
    0x20000080   0x080071f8   0x00000006   Data   RW          348    .data               cmd_queue.o
    0x20000086   0x080071fe   0x00000010   Data   RW          594    .data               stm32f4xx_rcc.o
    0x20000096   0x0800720e   0x00000002   PAD
    0x20000098        -       0x00000040   Zero   RW            4    .bss                main.o
    0x200000d8        -       0x00000204   Zero   RW          347    .bss                cmd_queue.o
    0x200002dc        -       0x00000060   Zero   RW          786    .bss                c_w.l(libspace.o)
    0x2000033c   0x0800720e   0x00000004   PAD
    0x20000340        -       0x00000200   Zero   RW          482    HEAP                startup_stm32f40_41xxx.o
    0x20000540        -       0x00000400   Zero   RW          481    STACK               startup_stm32f40_41xxx.o


==============================================================================

Image component sizes


      Code (inc. data)   RO Data    RW Data    ZI Data      Debug   Object Name

       408         20          0          2          0       2357   cabinet.o
       276         14          0          6        516       2356   cmd_queue.o
       340         28          0          0          0       1189   dac.o
       128         18          0          0          0      27461   delay.o
      9048          0          0          0          0      34156   hmi_driver.o
       272          8          0          0          0       3365   hmi_user_uart.o
      5208        480        624        101         64     325517   main.o
       224         20          0          0          0       1937   misc.o
        64         26        392          0       1536        884   startup_stm32f40_41xxx.o
       528          6          0          0          0       5161   stm32f4xx_dac.o
       660         44          0          0          0       4277   stm32f4xx_gpio.o
        40          4          0          0          0       1390   stm32f4xx_it.o
      1628         52          0         16          0      13212   stm32f4xx_rcc.o
      3234         60          0          0          0      23132   stm32f4xx_tim.o
      1108         34          0          0          0       8000   stm32f4xx_usart.o
       528         46          0         20          0       1955   system_stm32f4xx.o
       148          8          0          0          0        889   tim9.o

    ----------------------------------------------------------------------
     23842        868       1048        152       2116     457238   Object Totals
         0          0         32          0          0          0   (incl. Generated)
         0          0          0          7          0          0   (incl. Padding)

    ----------------------------------------------------------------------

      Code (inc. data)   RO Data    RW Data    ZI Data      Debug   Library Member Name

        60          8          0          0          0         84   __0sscanf.o
         8          0          0          0          0         68   __main.o
       104          0          0          0          0         84   __printf.o
         0          0          0          0          0          0   __rtentry.o
        12          0          0          0          0          0   __rtentry2.o
         6          0          0          0          0          0   __rtentry4.o
        52          8          0          0          0          0   __scatter.o
        26          0          0          0          0          0   __scatter_copy.o
        28          0          0          0          0          0   __scatter_zi.o
        28          0          0          0          0         68   _chval.o
         6          0          0          0          0          0   _printf_c.o
        44          0          0          0          0        108   _printf_char.o
        48          6          0          0          0         96   _printf_char_common.o
         0          0          0          0          0          0   _printf_percent.o
         4          0          0          0          0          0   _printf_percent_end.o
        82          0          0          0          0         80   _printf_str.o
       884          4          0          0          0        100   _scanf.o
       332          0          0          0          0         96   _scanf_int.o
        64          0          0          0          0         84   _sgetc.o
        10          0          0          0          0         68   _sputc.o
        18          0          0          0          0         80   exit.o
         6          0          0          0          0        152   heapauxi.o
        18          0          0          0          0         76   isspace.o
        44         10        272          0          0         76   lc_ctype_c.o
         2          0          0          0          0          0   libinit.o
        24          0          0          0          0          0   libinit2.o
         2          0          0          0          0          0   libshutdown.o
         2          0          0          0          0          0   libshutdown2.o
         8          4          0          0         96         68   libspace.o
        40          6          0          0          0         84   noretval__2sprintf.o
        16          4          0          0          0         76   rt_ctype_table.o
         8          4          0          0          0         68   rt_locale_intlibspace.o
       100          0          0          0          0         80   rt_memcpy_w.o
         2          0          0          0          0          0   rtexit.o
        10          0          0          0          0          0   rtexit2.o
        44          8          0          0          0         84   scanf_char.o
       128          0          0          0          0         68   strcmpv7m.o
        74          0          0          0          0         80   sys_stackheap_outer.o
         2          0          0          0          0         68   use_no_semi.o
         2          0          0          0          0         68   use_no_semi_2.o
       688        140          0          0          0        256   ddiv.o
        90          4          0          0          0        140   dfixu.o
       340         12          0          0          0        152   dmul.o
       156          4          0          0          0        140   dnaninf.o
        12          0          0          0          0        116   dretinf.o
        86          4          0          0          0        132   f2d.o
       140          4          0          0          0        132   fnaninf.o
        10          0          0          0          0        116   fpinit.o
         0          0          0          0          0          0   usenofp.o

    ----------------------------------------------------------------------
      3886        230        272          0        100       3248   Library Totals
        16          0          0          0          4          0   (incl. Padding)

    ----------------------------------------------------------------------

      Code (inc. data)   RO Data    RW Data    ZI Data      Debug   Library Name

      2348         62        272          0         96       2064   c_w.l
      1522        168          0          0          0       1184   fz_wm.l

    ----------------------------------------------------------------------
      3886        230        272          0        100       3248   Library Totals

    ----------------------------------------------------------------------

==============================================================================


      Code (inc. data)   RO Data    RW Data    ZI Data      Debug   

     27728       1098       1320        152       2216     454794   Grand Totals
     27728       1098       1320        152       2216     454794   ELF Image Totals
     27728       1098       1320        152          0          0   ROM Totals

==============================================================================

    Total RO  Size (Code + RO Data)                29048 (  28.37kB)
    Total RW  Size (RW Data + ZI Data)              2368 (   2.31kB)
    Total ROM Size (Code + RO Data + RW Data)      29200 (  28.52kB)

==============================================================================

