<!doctype html public "-//w3c//dtd html 4.0 transitional//en">
<html><head>
<title>Static Call Graph - [..\OBJ\Electrical_cabinet_Obj.axf]</title></head>
<body><HR>
<H1>Static Call Graph for image ..\OBJ\Electrical_cabinet_Obj.axf</H1><HR>
<BR><P>#&#060CALLGRAPH&#062# ARM Linker, 5050106: Last Updated: Thu Mar 17 15:51:53 2022
<BR><P>
<H3>Maximum Stack Usage =        336 bytes + Unknown(Functions without stacksize, Cycles, Untraceable Function Pointers)</H3><H3>
Call chain for Maximum Stack Depth:</H3>
__rt_entry_main &rArr; main &rArr; UpdateUI &rArr; set_work_model &rArr; Dac2_Set_Vol &rArr; __aeabi_dmul
<P>
<H3>
Functions with no stack information
</H3><UL>
 <LI><a href="#[14d]">__user_initial_stackheap</a>
</UL>
</UL>
<P>
<H3>
Mutually Recursive functions
</H3> <LI><a href="#[1f]">ADC1_2_IRQHandler</a>&nbsp;&nbsp;&nbsp;&rArr;&nbsp;&nbsp;&nbsp;<a href="#[1f]">ADC1_2_IRQHandler</a><BR>
</UL>
<P>
<H3>
Function Pointers
</H3><UL>
 <LI><a href="#[1f]">ADC1_2_IRQHandler</a> from startup_stm32f10x_hd.o(.text) referenced from startup_stm32f10x_hd.o(RESET)
 <LI><a href="#[3c]">ADC3_IRQHandler</a> from startup_stm32f10x_hd.o(.text) referenced from startup_stm32f10x_hd.o(RESET)
 <LI><a href="#[7]">BusFault_Handler</a> from stm32f10x_it.o(.text) referenced from startup_stm32f10x_hd.o(RESET)
 <LI><a href="#[22]">CAN1_RX1_IRQHandler</a> from startup_stm32f10x_hd.o(.text) referenced from startup_stm32f10x_hd.o(RESET)
 <LI><a href="#[23]">CAN1_SCE_IRQHandler</a> from startup_stm32f10x_hd.o(.text) referenced from startup_stm32f10x_hd.o(RESET)
 <LI><a href="#[18]">DMA1_Channel1_IRQHandler</a> from startup_stm32f10x_hd.o(.text) referenced from startup_stm32f10x_hd.o(RESET)
 <LI><a href="#[19]">DMA1_Channel2_IRQHandler</a> from startup_stm32f10x_hd.o(.text) referenced from startup_stm32f10x_hd.o(RESET)
 <LI><a href="#[1a]">DMA1_Channel3_IRQHandler</a> from startup_stm32f10x_hd.o(.text) referenced from startup_stm32f10x_hd.o(RESET)
 <LI><a href="#[1b]">DMA1_Channel4_IRQHandler</a> from startup_stm32f10x_hd.o(.text) referenced from startup_stm32f10x_hd.o(RESET)
 <LI><a href="#[1c]">DMA1_Channel5_IRQHandler</a> from startup_stm32f10x_hd.o(.text) referenced from startup_stm32f10x_hd.o(RESET)
 <LI><a href="#[1d]">DMA1_Channel6_IRQHandler</a> from startup_stm32f10x_hd.o(.text) referenced from startup_stm32f10x_hd.o(RESET)
 <LI><a href="#[1e]">DMA1_Channel7_IRQHandler</a> from startup_stm32f10x_hd.o(.text) referenced from startup_stm32f10x_hd.o(RESET)
 <LI><a href="#[45]">DMA2_Channel1_IRQHandler</a> from startup_stm32f10x_hd.o(.text) referenced from startup_stm32f10x_hd.o(RESET)
 <LI><a href="#[46]">DMA2_Channel2_IRQHandler</a> from startup_stm32f10x_hd.o(.text) referenced from startup_stm32f10x_hd.o(RESET)
 <LI><a href="#[47]">DMA2_Channel3_IRQHandler</a> from startup_stm32f10x_hd.o(.text) referenced from startup_stm32f10x_hd.o(RESET)
 <LI><a href="#[48]">DMA2_Channel4_5_IRQHandler</a> from startup_stm32f10x_hd.o(.text) referenced from startup_stm32f10x_hd.o(RESET)
 <LI><a href="#[a]">DebugMon_Handler</a> from stm32f10x_it.o(.text) referenced from startup_stm32f10x_hd.o(RESET)
 <LI><a href="#[13]">EXTI0_IRQHandler</a> from startup_stm32f10x_hd.o(.text) referenced from startup_stm32f10x_hd.o(RESET)
 <LI><a href="#[35]">EXTI15_10_IRQHandler</a> from startup_stm32f10x_hd.o(.text) referenced from startup_stm32f10x_hd.o(RESET)
 <LI><a href="#[14]">EXTI1_IRQHandler</a> from startup_stm32f10x_hd.o(.text) referenced from startup_stm32f10x_hd.o(RESET)
 <LI><a href="#[15]">EXTI2_IRQHandler</a> from startup_stm32f10x_hd.o(.text) referenced from startup_stm32f10x_hd.o(RESET)
 <LI><a href="#[16]">EXTI3_IRQHandler</a> from startup_stm32f10x_hd.o(.text) referenced from startup_stm32f10x_hd.o(RESET)
 <LI><a href="#[17]">EXTI4_IRQHandler</a> from startup_stm32f10x_hd.o(.text) referenced from startup_stm32f10x_hd.o(RESET)
 <LI><a href="#[24]">EXTI9_5_IRQHandler</a> from startup_stm32f10x_hd.o(.text) referenced from startup_stm32f10x_hd.o(RESET)
 <LI><a href="#[11]">FLASH_IRQHandler</a> from startup_stm32f10x_hd.o(.text) referenced from startup_stm32f10x_hd.o(RESET)
 <LI><a href="#[3d]">FSMC_IRQHandler</a> from startup_stm32f10x_hd.o(.text) referenced from startup_stm32f10x_hd.o(RESET)
 <LI><a href="#[5]">HardFault_Handler</a> from stm32f10x_it.o(.text) referenced from startup_stm32f10x_hd.o(RESET)
 <LI><a href="#[2d]">I2C1_ER_IRQHandler</a> from startup_stm32f10x_hd.o(.text) referenced from startup_stm32f10x_hd.o(RESET)
 <LI><a href="#[2c]">I2C1_EV_IRQHandler</a> from startup_stm32f10x_hd.o(.text) referenced from startup_stm32f10x_hd.o(RESET)
 <LI><a href="#[2f]">I2C2_ER_IRQHandler</a> from startup_stm32f10x_hd.o(.text) referenced from startup_stm32f10x_hd.o(RESET)
 <LI><a href="#[2e]">I2C2_EV_IRQHandler</a> from startup_stm32f10x_hd.o(.text) referenced from startup_stm32f10x_hd.o(RESET)
 <LI><a href="#[6]">MemManage_Handler</a> from stm32f10x_it.o(.text) referenced from startup_stm32f10x_hd.o(RESET)
 <LI><a href="#[4]">NMI_Handler</a> from stm32f10x_it.o(.text) referenced from startup_stm32f10x_hd.o(RESET)
 <LI><a href="#[e]">PVD_IRQHandler</a> from startup_stm32f10x_hd.o(.text) referenced from startup_stm32f10x_hd.o(RESET)
 <LI><a href="#[b]">PendSV_Handler</a> from stm32f10x_it.o(.text) referenced from startup_stm32f10x_hd.o(RESET)
 <LI><a href="#[12]">RCC_IRQHandler</a> from startup_stm32f10x_hd.o(.text) referenced from startup_stm32f10x_hd.o(RESET)
 <LI><a href="#[36]">RTCAlarm_IRQHandler</a> from startup_stm32f10x_hd.o(.text) referenced from startup_stm32f10x_hd.o(RESET)
 <LI><a href="#[10]">RTC_IRQHandler</a> from startup_stm32f10x_hd.o(.text) referenced from startup_stm32f10x_hd.o(RESET)
 <LI><a href="#[3]">Reset_Handler</a> from startup_stm32f10x_hd.o(.text) referenced from startup_stm32f10x_hd.o(RESET)
 <LI><a href="#[3e]">SDIO_IRQHandler</a> from startup_stm32f10x_hd.o(.text) referenced from startup_stm32f10x_hd.o(RESET)
 <LI><a href="#[30]">SPI1_IRQHandler</a> from startup_stm32f10x_hd.o(.text) referenced from startup_stm32f10x_hd.o(RESET)
 <LI><a href="#[31]">SPI2_IRQHandler</a> from startup_stm32f10x_hd.o(.text) referenced from startup_stm32f10x_hd.o(RESET)
 <LI><a href="#[40]">SPI3_IRQHandler</a> from startup_stm32f10x_hd.o(.text) referenced from startup_stm32f10x_hd.o(RESET)
 <LI><a href="#[9]">SVC_Handler</a> from stm32f10x_it.o(.text) referenced from startup_stm32f10x_hd.o(RESET)
 <LI><a href="#[c]">SysTick_Handler</a> from stm32f10x_it.o(.text) referenced from startup_stm32f10x_hd.o(RESET)
 <LI><a href="#[49]">SystemInit</a> from system_stm32f10x.o(.text) referenced from startup_stm32f10x_hd.o(.text)
 <LI><a href="#[f]">TAMPER_IRQHandler</a> from startup_stm32f10x_hd.o(.text) referenced from startup_stm32f10x_hd.o(RESET)
 <LI><a href="#[25]">TIM1_BRK_IRQHandler</a> from startup_stm32f10x_hd.o(.text) referenced from startup_stm32f10x_hd.o(RESET)
 <LI><a href="#[28]">TIM1_CC_IRQHandler</a> from startup_stm32f10x_hd.o(.text) referenced from startup_stm32f10x_hd.o(RESET)
 <LI><a href="#[27]">TIM1_TRG_COM_IRQHandler</a> from startup_stm32f10x_hd.o(.text) referenced from startup_stm32f10x_hd.o(RESET)
 <LI><a href="#[26]">TIM1_UP_IRQHandler</a> from startup_stm32f10x_hd.o(.text) referenced from startup_stm32f10x_hd.o(RESET)
 <LI><a href="#[29]">TIM2_IRQHandler</a> from startup_stm32f10x_hd.o(.text) referenced from startup_stm32f10x_hd.o(RESET)
 <LI><a href="#[2a]">TIM3_IRQHandler</a> from tim3.o(.text) referenced from startup_stm32f10x_hd.o(RESET)
 <LI><a href="#[2b]">TIM4_IRQHandler</a> from startup_stm32f10x_hd.o(.text) referenced from startup_stm32f10x_hd.o(RESET)
 <LI><a href="#[3f]">TIM5_IRQHandler</a> from startup_stm32f10x_hd.o(.text) referenced from startup_stm32f10x_hd.o(RESET)
 <LI><a href="#[43]">TIM6_IRQHandler</a> from startup_stm32f10x_hd.o(.text) referenced from startup_stm32f10x_hd.o(RESET)
 <LI><a href="#[44]">TIM7_IRQHandler</a> from startup_stm32f10x_hd.o(.text) referenced from startup_stm32f10x_hd.o(RESET)
 <LI><a href="#[38]">TIM8_BRK_IRQHandler</a> from startup_stm32f10x_hd.o(.text) referenced from startup_stm32f10x_hd.o(RESET)
 <LI><a href="#[3b]">TIM8_CC_IRQHandler</a> from startup_stm32f10x_hd.o(.text) referenced from startup_stm32f10x_hd.o(RESET)
 <LI><a href="#[3a]">TIM8_TRG_COM_IRQHandler</a> from startup_stm32f10x_hd.o(.text) referenced from startup_stm32f10x_hd.o(RESET)
 <LI><a href="#[39]">TIM8_UP_IRQHandler</a> from startup_stm32f10x_hd.o(.text) referenced from startup_stm32f10x_hd.o(RESET)
 <LI><a href="#[41]">UART4_IRQHandler</a> from startup_stm32f10x_hd.o(.text) referenced from startup_stm32f10x_hd.o(RESET)
 <LI><a href="#[42]">UART5_IRQHandler</a> from startup_stm32f10x_hd.o(.text) referenced from startup_stm32f10x_hd.o(RESET)
 <LI><a href="#[32]">USART1_IRQHandler</a> from hmi_user_uart.o(.text) referenced from startup_stm32f10x_hd.o(RESET)
 <LI><a href="#[33]">USART2_IRQHandler</a> from startup_stm32f10x_hd.o(.text) referenced from startup_stm32f10x_hd.o(RESET)
 <LI><a href="#[34]">USART3_IRQHandler</a> from startup_stm32f10x_hd.o(.text) referenced from startup_stm32f10x_hd.o(RESET)
 <LI><a href="#[37]">USBWakeUp_IRQHandler</a> from startup_stm32f10x_hd.o(.text) referenced from startup_stm32f10x_hd.o(RESET)
 <LI><a href="#[20]">USB_HP_CAN1_TX_IRQHandler</a> from startup_stm32f10x_hd.o(.text) referenced from startup_stm32f10x_hd.o(RESET)
 <LI><a href="#[21]">USB_LP_CAN1_RX0_IRQHandler</a> from startup_stm32f10x_hd.o(.text) referenced from startup_stm32f10x_hd.o(RESET)
 <LI><a href="#[8]">UsageFault_Handler</a> from stm32f10x_it.o(.text) referenced from startup_stm32f10x_hd.o(RESET)
 <LI><a href="#[d]">WWDG_IRQHandler</a> from startup_stm32f10x_hd.o(.text) referenced from startup_stm32f10x_hd.o(RESET)
 <LI><a href="#[52]">__main</a> from __main.o(!!!main) referenced from startup_stm32f10x_hd.o(.text)
 <LI><a href="#[51]">_get_lc_ctype</a> from lc_ctype_c.o(locale$$code) referenced from rt_ctype_table.o(.text)
 <LI><a href="#[4e]">_printf_input_char</a> from _printf_char_common.o(.text) referenced from _printf_char_common.o(.text)
 <LI><a href="#[4d]">_sbackspace</a> from _sgetc.o(.text) referenced from __0sscanf.o(.text)
 <LI><a href="#[4f]">_scanf_char_input</a> from scanf_char.o(.text) referenced from scanf_char.o(.text)
 <LI><a href="#[4c]">_sgetc</a> from _sgetc.o(.text) referenced from __0sscanf.o(.text)
 <LI><a href="#[4b]">_sputc</a> from _sputc.o(.text) referenced from noretval__2sprintf.o(.text)
 <LI><a href="#[50]">isspace</a> from isspace.o(.text) referenced from scanf_char.o(.text)
</UL>
<P>
<H3>
Global Symbols
</H3>
<P><STRONG><a name="[52]"></a>__main</STRONG> (Thumb, 8 bytes, Stack size 0 bytes, __main.o(!!!main))
<BR><BR>[Calls]<UL><LI><a href="#[53]">&gt;&gt;</a>&nbsp;&nbsp;&nbsp;__scatterload
<LI><a href="#[54]">&gt;&gt;</a>&nbsp;&nbsp;&nbsp;__rt_entry
</UL>

<P><STRONG><a name="[53]"></a>__scatterload</STRONG> (Thumb, 0 bytes, Stack size unknown bytes, __scatter.o(!!!scatter))
<BR><BR>[Called By]<UL><LI><a href="#[52]">&gt;&gt;</a>&nbsp;&nbsp;&nbsp;__main
</UL>

<P><STRONG><a name="[55]"></a>__scatterload_rt2</STRONG> (Thumb, 44 bytes, Stack size unknown bytes, __scatter.o(!!!scatter), UNUSED)
<BR><BR>[Calls]<UL><LI><a href="#[54]">&gt;&gt;</a>&nbsp;&nbsp;&nbsp;__rt_entry
</UL>

<P><STRONG><a name="[15a]"></a>__scatterload_rt2_thumb_only</STRONG> (Thumb, 0 bytes, Stack size unknown bytes, __scatter.o(!!!scatter), UNUSED)

<P><STRONG><a name="[15b]"></a>__scatterload_null</STRONG> (Thumb, 0 bytes, Stack size unknown bytes, __scatter.o(!!!scatter), UNUSED)

<P><STRONG><a name="[56]"></a>__scatterload_copy</STRONG> (Thumb, 26 bytes, Stack size unknown bytes, __scatter_copy.o(!!handler_copy), UNUSED)
<BR><BR>[Calls]<UL><LI><a href="#[56]">&gt;&gt;</a>&nbsp;&nbsp;&nbsp;__scatterload_copy
</UL>
<BR>[Called By]<UL><LI><a href="#[56]">&gt;&gt;</a>&nbsp;&nbsp;&nbsp;__scatterload_copy
</UL>

<P><STRONG><a name="[15c]"></a>__scatterload_zeroinit</STRONG> (Thumb, 28 bytes, Stack size unknown bytes, __scatter_zi.o(!!handler_zi), UNUSED)

<P><STRONG><a name="[57]"></a>_printf_c</STRONG> (Thumb, 0 bytes, Stack size unknown bytes, _printf_c.o(.ARM.Collect$$_printf_percent$$00000013))
<BR><BR>[Stack]<UL><LI>Max Depth = 24 + Unknown Stack Size
<LI>Call Chain = _printf_c &rArr; _printf_char &rArr; _printf_cs_common &rArr; _printf_str
</UL>
<BR>[Calls]<UL><LI><a href="#[58]">&gt;&gt;</a>&nbsp;&nbsp;&nbsp;_printf_char
</UL>

<P><STRONG><a name="[143]"></a>_printf_percent</STRONG> (Thumb, 0 bytes, Stack size unknown bytes, _printf_percent.o(.ARM.Collect$$_printf_percent$$00000000))
<BR><BR>[Called By]<UL><LI><a href="#[142]">&gt;&gt;</a>&nbsp;&nbsp;&nbsp;__printf
</UL>

<P><STRONG><a name="[15d]"></a>_printf_percent_end</STRONG> (Thumb, 0 bytes, Stack size unknown bytes, _printf_percent_end.o(.ARM.Collect$$_printf_percent$$00000017))

<P><STRONG><a name="[5f]"></a>__rt_lib_init</STRONG> (Thumb, 0 bytes, Stack size unknown bytes, libinit.o(.ARM.Collect$$libinit$$00000000))
<BR><BR>[Called By]<UL><LI><a href="#[5e]">&gt;&gt;</a>&nbsp;&nbsp;&nbsp;__rt_entry_li
</UL>

<P><STRONG><a name="[15e]"></a>__rt_lib_init_fp_1</STRONG> (Thumb, 0 bytes, Stack size unknown bytes, libinit2.o(.ARM.Collect$$libinit$$00000002))

<P><STRONG><a name="[15f]"></a>__rt_lib_init_heap_1</STRONG> (Thumb, 0 bytes, Stack size unknown bytes, libinit2.o(.ARM.Collect$$libinit$$0000000A))

<P><STRONG><a name="[59]"></a>__rt_lib_init_lc_common</STRONG> (Thumb, 0 bytes, Stack size unknown bytes, libinit2.o(.ARM.Collect$$libinit$$0000000F))
<BR><BR>[Calls]<UL><LI><a href="#[5a]">&gt;&gt;</a>&nbsp;&nbsp;&nbsp;__rt_locale
</UL>

<P><STRONG><a name="[160]"></a>__rt_lib_init_preinit_1</STRONG> (Thumb, 0 bytes, Stack size unknown bytes, libinit2.o(.ARM.Collect$$libinit$$00000004))

<P><STRONG><a name="[161]"></a>__rt_lib_init_rand_1</STRONG> (Thumb, 0 bytes, Stack size unknown bytes, libinit2.o(.ARM.Collect$$libinit$$0000000E))

<P><STRONG><a name="[162]"></a>__rt_lib_init_user_alloc_1</STRONG> (Thumb, 0 bytes, Stack size unknown bytes, libinit2.o(.ARM.Collect$$libinit$$0000000C))

<P><STRONG><a name="[163]"></a>__rt_lib_init_lc_collate_1</STRONG> (Thumb, 0 bytes, Stack size unknown bytes, libinit2.o(.ARM.Collect$$libinit$$00000011))

<P><STRONG><a name="[5b]"></a>__rt_lib_init_lc_ctype_2</STRONG> (Thumb, 0 bytes, Stack size unknown bytes, libinit2.o(.ARM.Collect$$libinit$$00000012))
<BR><BR>[Stack]<UL><LI>Max Depth = 8 + Unknown Stack Size
<LI>Call Chain = __rt_lib_init_lc_ctype_2 &rArr; _get_lc_ctype
</UL>
<BR>[Calls]<UL><LI><a href="#[51]">&gt;&gt;</a>&nbsp;&nbsp;&nbsp;_get_lc_ctype
</UL>

<P><STRONG><a name="[164]"></a>__rt_lib_init_alloca_1</STRONG> (Thumb, 0 bytes, Stack size unknown bytes, libinit2.o(.ARM.Collect$$libinit$$0000002E))

<P><STRONG><a name="[165]"></a>__rt_lib_init_argv_1</STRONG> (Thumb, 0 bytes, Stack size unknown bytes, libinit2.o(.ARM.Collect$$libinit$$0000002C))

<P><STRONG><a name="[166]"></a>__rt_lib_init_atexit_1</STRONG> (Thumb, 0 bytes, Stack size unknown bytes, libinit2.o(.ARM.Collect$$libinit$$0000001B))

<P><STRONG><a name="[167]"></a>__rt_lib_init_clock_1</STRONG> (Thumb, 0 bytes, Stack size unknown bytes, libinit2.o(.ARM.Collect$$libinit$$00000021))

<P><STRONG><a name="[168]"></a>__rt_lib_init_cpp_1</STRONG> (Thumb, 0 bytes, Stack size unknown bytes, libinit2.o(.ARM.Collect$$libinit$$00000032))

<P><STRONG><a name="[169]"></a>__rt_lib_init_exceptions_1</STRONG> (Thumb, 0 bytes, Stack size unknown bytes, libinit2.o(.ARM.Collect$$libinit$$00000030))

<P><STRONG><a name="[16a]"></a>__rt_lib_init_fp_trap_1</STRONG> (Thumb, 0 bytes, Stack size unknown bytes, libinit2.o(.ARM.Collect$$libinit$$0000001F))

<P><STRONG><a name="[16b]"></a>__rt_lib_init_getenv_1</STRONG> (Thumb, 0 bytes, Stack size unknown bytes, libinit2.o(.ARM.Collect$$libinit$$00000023))

<P><STRONG><a name="[16c]"></a>__rt_lib_init_lc_ctype_1</STRONG> (Thumb, 0 bytes, Stack size unknown bytes, libinit2.o(.ARM.Collect$$libinit$$00000013))

<P><STRONG><a name="[16d]"></a>__rt_lib_init_lc_monetary_1</STRONG> (Thumb, 0 bytes, Stack size unknown bytes, libinit2.o(.ARM.Collect$$libinit$$00000015))

<P><STRONG><a name="[16e]"></a>__rt_lib_init_lc_numeric_1</STRONG> (Thumb, 0 bytes, Stack size unknown bytes, libinit2.o(.ARM.Collect$$libinit$$00000017))

<P><STRONG><a name="[16f]"></a>__rt_lib_init_lc_time_1</STRONG> (Thumb, 0 bytes, Stack size unknown bytes, libinit2.o(.ARM.Collect$$libinit$$00000019))

<P><STRONG><a name="[170]"></a>__rt_lib_init_return</STRONG> (Thumb, 0 bytes, Stack size unknown bytes, libinit2.o(.ARM.Collect$$libinit$$00000033))

<P><STRONG><a name="[171]"></a>__rt_lib_init_signal_1</STRONG> (Thumb, 0 bytes, Stack size unknown bytes, libinit2.o(.ARM.Collect$$libinit$$0000001D))

<P><STRONG><a name="[172]"></a>__rt_lib_init_stdio_1</STRONG> (Thumb, 0 bytes, Stack size unknown bytes, libinit2.o(.ARM.Collect$$libinit$$00000025))

<P><STRONG><a name="[64]"></a>__rt_lib_shutdown</STRONG> (Thumb, 0 bytes, Stack size unknown bytes, libshutdown.o(.ARM.Collect$$libshutdown$$00000000))
<BR><BR>[Called By]<UL><LI><a href="#[63]">&gt;&gt;</a>&nbsp;&nbsp;&nbsp;__rt_exit_ls
</UL>

<P><STRONG><a name="[173]"></a>__rt_lib_shutdown_fp_trap_1</STRONG> (Thumb, 0 bytes, Stack size unknown bytes, libshutdown2.o(.ARM.Collect$$libshutdown$$00000006))

<P><STRONG><a name="[174]"></a>__rt_lib_shutdown_heap_1</STRONG> (Thumb, 0 bytes, Stack size unknown bytes, libshutdown2.o(.ARM.Collect$$libshutdown$$0000000E))

<P><STRONG><a name="[175]"></a>__rt_lib_shutdown_return</STRONG> (Thumb, 0 bytes, Stack size unknown bytes, libshutdown2.o(.ARM.Collect$$libshutdown$$0000000F))

<P><STRONG><a name="[176]"></a>__rt_lib_shutdown_signal_1</STRONG> (Thumb, 0 bytes, Stack size unknown bytes, libshutdown2.o(.ARM.Collect$$libshutdown$$00000009))

<P><STRONG><a name="[177]"></a>__rt_lib_shutdown_stdio_1</STRONG> (Thumb, 0 bytes, Stack size unknown bytes, libshutdown2.o(.ARM.Collect$$libshutdown$$00000003))

<P><STRONG><a name="[178]"></a>__rt_lib_shutdown_user_alloc_1</STRONG> (Thumb, 0 bytes, Stack size unknown bytes, libshutdown2.o(.ARM.Collect$$libshutdown$$0000000B))

<P><STRONG><a name="[54]"></a>__rt_entry</STRONG> (Thumb, 0 bytes, Stack size unknown bytes, __rtentry.o(.ARM.Collect$$rtentry$$00000000))
<BR><BR>[Called By]<UL><LI><a href="#[55]">&gt;&gt;</a>&nbsp;&nbsp;&nbsp;__scatterload_rt2
<LI><a href="#[52]">&gt;&gt;</a>&nbsp;&nbsp;&nbsp;__main
</UL>

<P><STRONG><a name="[179]"></a>__rt_entry_presh_1</STRONG> (Thumb, 0 bytes, Stack size unknown bytes, __rtentry2.o(.ARM.Collect$$rtentry$$00000002))

<P><STRONG><a name="[5c]"></a>__rt_entry_sh</STRONG> (Thumb, 0 bytes, Stack size unknown bytes, __rtentry4.o(.ARM.Collect$$rtentry$$00000004))
<BR><BR>[Stack]<UL><LI>Max Depth = 8 + Unknown Stack Size
<LI>Call Chain = __rt_entry_sh &rArr; __user_setup_stackheap
</UL>
<BR>[Calls]<UL><LI><a href="#[5d]">&gt;&gt;</a>&nbsp;&nbsp;&nbsp;__user_setup_stackheap
</UL>

<P><STRONG><a name="[5e]"></a>__rt_entry_li</STRONG> (Thumb, 0 bytes, Stack size unknown bytes, __rtentry2.o(.ARM.Collect$$rtentry$$0000000A))
<BR><BR>[Calls]<UL><LI><a href="#[5f]">&gt;&gt;</a>&nbsp;&nbsp;&nbsp;__rt_lib_init
</UL>

<P><STRONG><a name="[17a]"></a>__rt_entry_postsh_1</STRONG> (Thumb, 0 bytes, Stack size unknown bytes, __rtentry2.o(.ARM.Collect$$rtentry$$00000009))

<P><STRONG><a name="[60]"></a>__rt_entry_main</STRONG> (Thumb, 0 bytes, Stack size unknown bytes, __rtentry2.o(.ARM.Collect$$rtentry$$0000000D))
<BR><BR>[Stack]<UL><LI>Max Depth = 336 + Unknown Stack Size
<LI>Call Chain = __rt_entry_main &rArr; main &rArr; UpdateUI &rArr; set_work_model &rArr; Dac2_Set_Vol &rArr; __aeabi_dmul
</UL>
<BR>[Calls]<UL><LI><a href="#[61]">&gt;&gt;</a>&nbsp;&nbsp;&nbsp;main
<LI><a href="#[62]">&gt;&gt;</a>&nbsp;&nbsp;&nbsp;exit
</UL>

<P><STRONG><a name="[17b]"></a>__rt_entry_postli_1</STRONG> (Thumb, 0 bytes, Stack size unknown bytes, __rtentry2.o(.ARM.Collect$$rtentry$$0000000C))

<P><STRONG><a name="[14e]"></a>__rt_exit</STRONG> (Thumb, 0 bytes, Stack size unknown bytes, rtexit.o(.ARM.Collect$$rtexit$$00000000))
<BR><BR>[Called By]<UL><LI><a href="#[62]">&gt;&gt;</a>&nbsp;&nbsp;&nbsp;exit
</UL>

<P><STRONG><a name="[63]"></a>__rt_exit_ls</STRONG> (Thumb, 0 bytes, Stack size unknown bytes, rtexit2.o(.ARM.Collect$$rtexit$$00000003))
<BR><BR>[Calls]<UL><LI><a href="#[64]">&gt;&gt;</a>&nbsp;&nbsp;&nbsp;__rt_lib_shutdown
</UL>

<P><STRONG><a name="[17c]"></a>__rt_exit_prels_1</STRONG> (Thumb, 0 bytes, Stack size unknown bytes, rtexit2.o(.ARM.Collect$$rtexit$$00000002))

<P><STRONG><a name="[65]"></a>__rt_exit_exit</STRONG> (Thumb, 0 bytes, Stack size unknown bytes, rtexit2.o(.ARM.Collect$$rtexit$$00000004))
<BR><BR>[Calls]<UL><LI><a href="#[66]">&gt;&gt;</a>&nbsp;&nbsp;&nbsp;_sys_exit
</UL>

<P><STRONG><a name="[67]"></a>set_work_model</STRONG> (Thumb, 218 bytes, Stack size 8 bytes, main.o(.text))
<BR><BR>[Stack]<UL><LI>Max Depth = 64<LI>Call Chain = set_work_model &rArr; Dac2_Set_Vol &rArr; __aeabi_dmul
</UL>
<BR>[Calls]<UL><LI><a href="#[68]">&gt;&gt;</a>&nbsp;&nbsp;&nbsp;SetButtonValue
<LI><a href="#[6b]">&gt;&gt;</a>&nbsp;&nbsp;&nbsp;Dac2_Set_Vol
<LI><a href="#[6a]">&gt;&gt;</a>&nbsp;&nbsp;&nbsp;Dac1_Set_Vol
<LI><a href="#[69]">&gt;&gt;</a>&nbsp;&nbsp;&nbsp;AnimationPlayFrame
</UL>
<BR>[Called By]<UL><LI><a href="#[89]">&gt;&gt;</a>&nbsp;&nbsp;&nbsp;NotifyButton
<LI><a href="#[75]">&gt;&gt;</a>&nbsp;&nbsp;&nbsp;UpdateUI
</UL>

<P><STRONG><a name="[6c]"></a>OPERATION_LOCAL_MODLE</STRONG> (Thumb, 352 bytes, Stack size 8 bytes, main.o(.text))
<BR><BR>[Stack]<UL><LI>Max Depth = 8<LI>Call Chain = OPERATION_LOCAL_MODLE
</UL>
<BR>[Calls]<UL><LI><a href="#[6f]">&gt;&gt;</a>&nbsp;&nbsp;&nbsp;TIM_Cmd
<LI><a href="#[6e]">&gt;&gt;</a>&nbsp;&nbsp;&nbsp;GPIO_SetBits
<LI><a href="#[70]">&gt;&gt;</a>&nbsp;&nbsp;&nbsp;GPIO_ResetBits
<LI><a href="#[6d]">&gt;&gt;</a>&nbsp;&nbsp;&nbsp;GPIO_ReadInputDataBit
<LI><a href="#[71]">&gt;&gt;</a>&nbsp;&nbsp;&nbsp;DelayMS
</UL>
<BR>[Called By]<UL><LI><a href="#[61]">&gt;&gt;</a>&nbsp;&nbsp;&nbsp;main
</UL>

<P><STRONG><a name="[72]"></a>OPERATION_DISTANCE_MODLE</STRONG> (Thumb, 578 bytes, Stack size 8 bytes, main.o(.text))
<BR><BR>[Stack]<UL><LI>Max Depth = 40<LI>Call Chain = OPERATION_DISTANCE_MODLE &rArr; SetTextValue &rArr; SendStrings &rArr; SendChar
</UL>
<BR>[Calls]<UL><LI><a href="#[74]">&gt;&gt;</a>&nbsp;&nbsp;&nbsp;SetTextValue
<LI><a href="#[6e]">&gt;&gt;</a>&nbsp;&nbsp;&nbsp;GPIO_SetBits
<LI><a href="#[70]">&gt;&gt;</a>&nbsp;&nbsp;&nbsp;GPIO_ResetBits
<LI><a href="#[6d]">&gt;&gt;</a>&nbsp;&nbsp;&nbsp;GPIO_ReadInputDataBit
<LI><a href="#[73]">&gt;&gt;</a>&nbsp;&nbsp;&nbsp;Button_Scan
</UL>
<BR>[Called By]<UL><LI><a href="#[61]">&gt;&gt;</a>&nbsp;&nbsp;&nbsp;main
</UL>

<P><STRONG><a name="[75]"></a>UpdateUI</STRONG> (Thumb, 660 bytes, Stack size 272 bytes, main.o(.text))
<BR><BR>[Stack]<UL><LI>Max Depth = 336<LI>Call Chain = UpdateUI &rArr; set_work_model &rArr; Dac2_Set_Vol &rArr; __aeabi_dmul
</UL>
<BR>[Calls]<UL><LI><a href="#[7a]">&gt;&gt;</a>&nbsp;&nbsp;&nbsp;Set_picMeterValue
<LI><a href="#[78]">&gt;&gt;</a>&nbsp;&nbsp;&nbsp;SetTextFloat
<LI><a href="#[79]">&gt;&gt;</a>&nbsp;&nbsp;&nbsp;SetMeterValue
<LI><a href="#[7d]">&gt;&gt;</a>&nbsp;&nbsp;&nbsp;HistoryGraph_SetValueInt8
<LI><a href="#[7c]">&gt;&gt;</a>&nbsp;&nbsp;&nbsp;GraphChannelDataAdd
<LI><a href="#[67]">&gt;&gt;</a>&nbsp;&nbsp;&nbsp;set_work_model
<LI><a href="#[76]">&gt;&gt;</a>&nbsp;&nbsp;&nbsp;__aeabi_fmul
<LI><a href="#[77]">&gt;&gt;</a>&nbsp;&nbsp;&nbsp;__aeabi_fdiv
<LI><a href="#[7b]">&gt;&gt;</a>&nbsp;&nbsp;&nbsp;__aeabi_memcpy4
</UL>
<BR>[Called By]<UL><LI><a href="#[61]">&gt;&gt;</a>&nbsp;&nbsp;&nbsp;main
</UL>

<P><STRONG><a name="[7e]"></a>NOTIFYHandShake</STRONG> (Thumb, 14 bytes, Stack size 8 bytes, main.o(.text))
<BR><BR>[Stack]<UL><LI>Max Depth = 32<LI>Call Chain = NOTIFYHandShake &rArr; SetButtonValue &rArr; SendChar
</UL>
<BR>[Calls]<UL><LI><a href="#[68]">&gt;&gt;</a>&nbsp;&nbsp;&nbsp;SetButtonValue
</UL>
<BR>[Called By]<UL><LI><a href="#[94]">&gt;&gt;</a>&nbsp;&nbsp;&nbsp;ProcessMessage
</UL>

<P><STRONG><a name="[7f]"></a>NotifyTimer</STRONG> (Thumb, 22 bytes, Stack size 16 bytes, main.o(.text))
<BR><BR>[Stack]<UL><LI>Max Depth = 32<LI>Call Chain = NotifyTimer &rArr; SetBuzzer &rArr; SendChar
</UL>
<BR>[Calls]<UL><LI><a href="#[80]">&gt;&gt;</a>&nbsp;&nbsp;&nbsp;SetBuzzer
</UL>
<BR>[Called By]<UL><LI><a href="#[94]">&gt;&gt;</a>&nbsp;&nbsp;&nbsp;ProcessMessage
</UL>

<P><STRONG><a name="[9a]"></a>NotifySelector</STRONG> (Thumb, 26 bytes, Stack size 0 bytes, main.o(.text))
<BR><BR>[Called By]<UL><LI><a href="#[94]">&gt;&gt;</a>&nbsp;&nbsp;&nbsp;ProcessMessage
</UL>

<P><STRONG><a name="[99]"></a>NotifyMenu</STRONG> (Thumb, 2 bytes, Stack size 0 bytes, main.o(.text))
<BR><BR>[Called By]<UL><LI><a href="#[94]">&gt;&gt;</a>&nbsp;&nbsp;&nbsp;ProcessMessage
</UL>

<P><STRONG><a name="[98]"></a>NotifyMeter</STRONG> (Thumb, 2 bytes, Stack size 0 bytes, main.o(.text))
<BR><BR>[Called By]<UL><LI><a href="#[94]">&gt;&gt;</a>&nbsp;&nbsp;&nbsp;ProcessMessage
</UL>

<P><STRONG><a name="[81]"></a>NotifySlider</STRONG> (Thumb, 116 bytes, Stack size 24 bytes, main.o(.text))
<BR><BR>[Stack]<UL><LI>Max Depth = 144 + Unknown Stack Size
<LI>Call Chain = NotifySlider &rArr; __2sprintf &rArr; _printf_char_common &rArr; __printf
</UL>
<BR>[Calls]<UL><LI><a href="#[83]">&gt;&gt;</a>&nbsp;&nbsp;&nbsp;SetTextInt32
<LI><a href="#[82]">&gt;&gt;</a>&nbsp;&nbsp;&nbsp;SetProgressValue
<LI><a href="#[85]">&gt;&gt;</a>&nbsp;&nbsp;&nbsp;SetBackLight
<LI><a href="#[84]">&gt;&gt;</a>&nbsp;&nbsp;&nbsp;__2sprintf
</UL>
<BR>[Called By]<UL><LI><a href="#[94]">&gt;&gt;</a>&nbsp;&nbsp;&nbsp;ProcessMessage
</UL>

<P><STRONG><a name="[86]"></a>NotifyProgress</STRONG> (Thumb, 36 bytes, Stack size 24 bytes, main.o(.text))
<BR><BR>[Stack]<UL><LI>Max Depth = 56<LI>Call Chain = NotifyProgress &rArr; SetTextInt32 &rArr; SendChar
</UL>
<BR>[Calls]<UL><LI><a href="#[83]">&gt;&gt;</a>&nbsp;&nbsp;&nbsp;SetTextInt32
</UL>
<BR>[Called By]<UL><LI><a href="#[94]">&gt;&gt;</a>&nbsp;&nbsp;&nbsp;ProcessMessage
</UL>

<P><STRONG><a name="[87]"></a>NotifyText</STRONG> (Thumb, 200 bytes, Stack size 32 bytes, main.o(.text))
<BR><BR>[Stack]<UL><LI>Max Depth = 256<LI>Call Chain = NotifyText &rArr; __0sscanf &rArr; __vfscanf_char &rArr; __vfscanf &rArr; _scanf_int
</UL>
<BR>[Calls]<UL><LI><a href="#[83]">&gt;&gt;</a>&nbsp;&nbsp;&nbsp;SetTextInt32
<LI><a href="#[88]">&gt;&gt;</a>&nbsp;&nbsp;&nbsp;__0sscanf
</UL>
<BR>[Called By]<UL><LI><a href="#[94]">&gt;&gt;</a>&nbsp;&nbsp;&nbsp;ProcessMessage
</UL>

<P><STRONG><a name="[89]"></a>NotifyButton</STRONG> (Thumb, 824 bytes, Stack size 32 bytes, main.o(.text))
<BR><BR>[Stack]<UL><LI>Max Depth = 96<LI>Call Chain = NotifyButton &rArr; set_work_model &rArr; Dac2_Set_Vol &rArr; __aeabi_dmul
</UL>
<BR>[Calls]<UL><LI><a href="#[83]">&gt;&gt;</a>&nbsp;&nbsp;&nbsp;SetTextInt32
<LI><a href="#[78]">&gt;&gt;</a>&nbsp;&nbsp;&nbsp;SetTextFloat
<LI><a href="#[8b]">&gt;&gt;</a>&nbsp;&nbsp;&nbsp;SetSelectorValue
<LI><a href="#[82]">&gt;&gt;</a>&nbsp;&nbsp;&nbsp;SetProgressValue
<LI><a href="#[8a]">&gt;&gt;</a>&nbsp;&nbsp;&nbsp;ReadRTC
<LI><a href="#[6e]">&gt;&gt;</a>&nbsp;&nbsp;&nbsp;GPIO_SetBits
<LI><a href="#[70]">&gt;&gt;</a>&nbsp;&nbsp;&nbsp;GPIO_ResetBits
<LI><a href="#[67]">&gt;&gt;</a>&nbsp;&nbsp;&nbsp;set_work_model
<LI><a href="#[76]">&gt;&gt;</a>&nbsp;&nbsp;&nbsp;__aeabi_fmul
<LI><a href="#[77]">&gt;&gt;</a>&nbsp;&nbsp;&nbsp;__aeabi_fdiv
</UL>
<BR>[Called By]<UL><LI><a href="#[94]">&gt;&gt;</a>&nbsp;&nbsp;&nbsp;ProcessMessage
</UL>

<P><STRONG><a name="[8c]"></a>NotifyScreen</STRONG> (Thumb, 360 bytes, Stack size 24 bytes, main.o(.text))
<BR><BR>[Stack]<UL><LI>Max Depth = 56<LI>Call Chain = NotifyScreen &rArr; SetTextValue &rArr; SendStrings &rArr; SendChar
</UL>
<BR>[Calls]<UL><LI><a href="#[90]">&gt;&gt;</a>&nbsp;&nbsp;&nbsp;delay_ms
<LI><a href="#[74]">&gt;&gt;</a>&nbsp;&nbsp;&nbsp;SetTextValue
<LI><a href="#[68]">&gt;&gt;</a>&nbsp;&nbsp;&nbsp;SetButtonValue
<LI><a href="#[8f]">&gt;&gt;</a>&nbsp;&nbsp;&nbsp;Record_SetEvent
<LI><a href="#[91]">&gt;&gt;</a>&nbsp;&nbsp;&nbsp;Record_ResetEvent
<LI><a href="#[92]">&gt;&gt;</a>&nbsp;&nbsp;&nbsp;PlayMusic
<LI><a href="#[8e]">&gt;&gt;</a>&nbsp;&nbsp;&nbsp;GetControlValue
<LI><a href="#[8d]">&gt;&gt;</a>&nbsp;&nbsp;&nbsp;AnimationStart
</UL>
<BR>[Called By]<UL><LI><a href="#[94]">&gt;&gt;</a>&nbsp;&nbsp;&nbsp;ProcessMessage
</UL>

<P><STRONG><a name="[93]"></a>NotifyReadRTC</STRONG> (Thumb, 360 bytes, Stack size 64 bytes, main.o(.text))
<BR><BR>[Stack]<UL><LI>Max Depth = 96<LI>Call Chain = NotifyReadRTC &rArr; SetTextValue &rArr; SendStrings &rArr; SendChar
</UL>
<BR>[Calls]<UL><LI><a href="#[74]">&gt;&gt;</a>&nbsp;&nbsp;&nbsp;SetTextValue
<LI><a href="#[83]">&gt;&gt;</a>&nbsp;&nbsp;&nbsp;SetTextInt32
</UL>
<BR>[Called By]<UL><LI><a href="#[94]">&gt;&gt;</a>&nbsp;&nbsp;&nbsp;ProcessMessage
</UL>

<P><STRONG><a name="[97]"></a>NotifyReadFlash</STRONG> (Thumb, 2 bytes, Stack size 0 bytes, main.o(.text))
<BR><BR>[Called By]<UL><LI><a href="#[94]">&gt;&gt;</a>&nbsp;&nbsp;&nbsp;ProcessMessage
</UL>

<P><STRONG><a name="[96]"></a>NotifyWriteFlash</STRONG> (Thumb, 2 bytes, Stack size 0 bytes, main.o(.text))
<BR><BR>[Called By]<UL><LI><a href="#[94]">&gt;&gt;</a>&nbsp;&nbsp;&nbsp;ProcessMessage
</UL>

<P><STRONG><a name="[95]"></a>NotifyTouchXY</STRONG> (Thumb, 2 bytes, Stack size 0 bytes, main.o(.text))
<BR><BR>[Called By]<UL><LI><a href="#[94]">&gt;&gt;</a>&nbsp;&nbsp;&nbsp;ProcessMessage
</UL>

<P><STRONG><a name="[94]"></a>ProcessMessage</STRONG> (Thumb, 384 bytes, Stack size 48 bytes, main.o(.text))
<BR><BR>[Stack]<UL><LI>Max Depth = 304 + Unknown Stack Size
<LI>Call Chain = ProcessMessage &rArr; NotifyText &rArr; __0sscanf &rArr; __vfscanf_char &rArr; __vfscanf &rArr; _scanf_int
</UL>
<BR>[Calls]<UL><LI><a href="#[95]">&gt;&gt;</a>&nbsp;&nbsp;&nbsp;NotifyTouchXY
<LI><a href="#[96]">&gt;&gt;</a>&nbsp;&nbsp;&nbsp;NotifyWriteFlash
<LI><a href="#[97]">&gt;&gt;</a>&nbsp;&nbsp;&nbsp;NotifyReadFlash
<LI><a href="#[93]">&gt;&gt;</a>&nbsp;&nbsp;&nbsp;NotifyReadRTC
<LI><a href="#[8c]">&gt;&gt;</a>&nbsp;&nbsp;&nbsp;NotifyScreen
<LI><a href="#[89]">&gt;&gt;</a>&nbsp;&nbsp;&nbsp;NotifyButton
<LI><a href="#[87]">&gt;&gt;</a>&nbsp;&nbsp;&nbsp;NotifyText
<LI><a href="#[86]">&gt;&gt;</a>&nbsp;&nbsp;&nbsp;NotifyProgress
<LI><a href="#[81]">&gt;&gt;</a>&nbsp;&nbsp;&nbsp;NotifySlider
<LI><a href="#[98]">&gt;&gt;</a>&nbsp;&nbsp;&nbsp;NotifyMeter
<LI><a href="#[99]">&gt;&gt;</a>&nbsp;&nbsp;&nbsp;NotifyMenu
<LI><a href="#[9a]">&gt;&gt;</a>&nbsp;&nbsp;&nbsp;NotifySelector
<LI><a href="#[7f]">&gt;&gt;</a>&nbsp;&nbsp;&nbsp;NotifyTimer
<LI><a href="#[7e]">&gt;&gt;</a>&nbsp;&nbsp;&nbsp;NOTIFYHandShake
</UL>
<BR>[Called By]<UL><LI><a href="#[61]">&gt;&gt;</a>&nbsp;&nbsp;&nbsp;main
</UL>

<P><STRONG><a name="[61]"></a>main</STRONG> (Thumb, 858 bytes, Stack size 0 bytes, main.o(.text))
<BR><BR>[Stack]<UL><LI>Max Depth = 336 + Unknown Stack Size
<LI>Call Chain = main &rArr; UpdateUI &rArr; set_work_model &rArr; Dac2_Set_Vol &rArr; __aeabi_dmul
</UL>
<BR>[Calls]<UL><LI><a href="#[9c]">&gt;&gt;</a>&nbsp;&nbsp;&nbsp;systicket_init
<LI><a href="#[a1]">&gt;&gt;</a>&nbsp;&nbsp;&nbsp;queue_reset
<LI><a href="#[a2]">&gt;&gt;</a>&nbsp;&nbsp;&nbsp;queue_find_cmd
<LI><a href="#[90]">&gt;&gt;</a>&nbsp;&nbsp;&nbsp;delay_ms
<LI><a href="#[9f]">&gt;&gt;</a>&nbsp;&nbsp;&nbsp;cabinet_gpio_init
<LI><a href="#[9d]">&gt;&gt;</a>&nbsp;&nbsp;&nbsp;UartInit
<LI><a href="#[9e]">&gt;&gt;</a>&nbsp;&nbsp;&nbsp;TIM3_Init
<LI><a href="#[74]">&gt;&gt;</a>&nbsp;&nbsp;&nbsp;SetTextValue
<LI><a href="#[9b]">&gt;&gt;</a>&nbsp;&nbsp;&nbsp;NVIC_PriorityGroupConfig
<LI><a href="#[6e]">&gt;&gt;</a>&nbsp;&nbsp;&nbsp;GPIO_SetBits
<LI><a href="#[70]">&gt;&gt;</a>&nbsp;&nbsp;&nbsp;GPIO_ResetBits
<LI><a href="#[6d]">&gt;&gt;</a>&nbsp;&nbsp;&nbsp;GPIO_ReadInputDataBit
<LI><a href="#[a0]">&gt;&gt;</a>&nbsp;&nbsp;&nbsp;Dac_Init
<LI><a href="#[6b]">&gt;&gt;</a>&nbsp;&nbsp;&nbsp;Dac2_Set_Vol
<LI><a href="#[6a]">&gt;&gt;</a>&nbsp;&nbsp;&nbsp;Dac1_Set_Vol
<LI><a href="#[94]">&gt;&gt;</a>&nbsp;&nbsp;&nbsp;ProcessMessage
<LI><a href="#[75]">&gt;&gt;</a>&nbsp;&nbsp;&nbsp;UpdateUI
<LI><a href="#[72]">&gt;&gt;</a>&nbsp;&nbsp;&nbsp;OPERATION_DISTANCE_MODLE
<LI><a href="#[6c]">&gt;&gt;</a>&nbsp;&nbsp;&nbsp;OPERATION_LOCAL_MODLE
</UL>
<BR>[Called By]<UL><LI><a href="#[60]">&gt;&gt;</a>&nbsp;&nbsp;&nbsp;__rt_entry_main
</UL>

<P><STRONG><a name="[4]"></a>NMI_Handler</STRONG> (Thumb, 2 bytes, Stack size 0 bytes, stm32f10x_it.o(.text))
<BR>[Address Reference Count : 1]<UL><LI> startup_stm32f10x_hd.o(RESET)
</UL>
<P><STRONG><a name="[5]"></a>HardFault_Handler</STRONG> (Thumb, 4 bytes, Stack size 0 bytes, stm32f10x_it.o(.text))
<BR>[Address Reference Count : 1]<UL><LI> startup_stm32f10x_hd.o(RESET)
</UL>
<P><STRONG><a name="[6]"></a>MemManage_Handler</STRONG> (Thumb, 4 bytes, Stack size 0 bytes, stm32f10x_it.o(.text))
<BR>[Address Reference Count : 1]<UL><LI> startup_stm32f10x_hd.o(RESET)
</UL>
<P><STRONG><a name="[7]"></a>BusFault_Handler</STRONG> (Thumb, 4 bytes, Stack size 0 bytes, stm32f10x_it.o(.text))
<BR>[Address Reference Count : 1]<UL><LI> startup_stm32f10x_hd.o(RESET)
</UL>
<P><STRONG><a name="[8]"></a>UsageFault_Handler</STRONG> (Thumb, 4 bytes, Stack size 0 bytes, stm32f10x_it.o(.text))
<BR>[Address Reference Count : 1]<UL><LI> startup_stm32f10x_hd.o(RESET)
</UL>
<P><STRONG><a name="[9]"></a>SVC_Handler</STRONG> (Thumb, 2 bytes, Stack size 0 bytes, stm32f10x_it.o(.text))
<BR>[Address Reference Count : 1]<UL><LI> startup_stm32f10x_hd.o(RESET)
</UL>
<P><STRONG><a name="[a]"></a>DebugMon_Handler</STRONG> (Thumb, 2 bytes, Stack size 0 bytes, stm32f10x_it.o(.text))
<BR>[Address Reference Count : 1]<UL><LI> startup_stm32f10x_hd.o(RESET)
</UL>
<P><STRONG><a name="[b]"></a>PendSV_Handler</STRONG> (Thumb, 2 bytes, Stack size 0 bytes, stm32f10x_it.o(.text))
<BR>[Address Reference Count : 1]<UL><LI> startup_stm32f10x_hd.o(RESET)
</UL>
<P><STRONG><a name="[c]"></a>SysTick_Handler</STRONG> (Thumb, 12 bytes, Stack size 0 bytes, stm32f10x_it.o(.text))
<BR>[Address Reference Count : 1]<UL><LI> startup_stm32f10x_hd.o(RESET)
</UL>
<P><STRONG><a name="[49]"></a>SystemInit</STRONG> (Thumb, 78 bytes, Stack size 8 bytes, system_stm32f10x.o(.text))
<BR><BR>[Stack]<UL><LI>Max Depth = 28<LI>Call Chain = SystemInit &rArr; SetSysClock &rArr; SetSysClockTo72
</UL>
<BR>[Calls]<UL><LI><a href="#[a3]">&gt;&gt;</a>&nbsp;&nbsp;&nbsp;SetSysClock
</UL>
<BR>[Address Reference Count : 1]<UL><LI> startup_stm32f10x_hd.o(.text)
</UL>
<P><STRONG><a name="[17d]"></a>SystemCoreClockUpdate</STRONG> (Thumb, 142 bytes, Stack size 8 bytes, system_stm32f10x.o(.text), UNUSED)

<P><STRONG><a name="[a0]"></a>Dac_Init</STRONG> (Thumb, 126 bytes, Stack size 24 bytes, dac.o(.text))
<BR><BR>[Stack]<UL><LI>Max Depth = 48<LI>Call Chain = Dac_Init &rArr; GPIO_Init
</UL>
<BR>[Calls]<UL><LI><a href="#[a6]">&gt;&gt;</a>&nbsp;&nbsp;&nbsp;RCC_APB1PeriphClockCmd
<LI><a href="#[ab]">&gt;&gt;</a>&nbsp;&nbsp;&nbsp;DAC_SetChannel2Data
<LI><a href="#[aa]">&gt;&gt;</a>&nbsp;&nbsp;&nbsp;DAC_SetChannel1Data
<LI><a href="#[a8]">&gt;&gt;</a>&nbsp;&nbsp;&nbsp;DAC_Init
<LI><a href="#[a9]">&gt;&gt;</a>&nbsp;&nbsp;&nbsp;DAC_Cmd
<LI><a href="#[a5]">&gt;&gt;</a>&nbsp;&nbsp;&nbsp;RCC_APB2PeriphClockCmd
<LI><a href="#[a7]">&gt;&gt;</a>&nbsp;&nbsp;&nbsp;GPIO_Init
<LI><a href="#[70]">&gt;&gt;</a>&nbsp;&nbsp;&nbsp;GPIO_ResetBits
</UL>
<BR>[Called By]<UL><LI><a href="#[61]">&gt;&gt;</a>&nbsp;&nbsp;&nbsp;main
</UL>

<P><STRONG><a name="[6a]"></a>Dac1_Set_Vol</STRONG> (Thumb, 82 bytes, Stack size 24 bytes, dac.o(.text))
<BR><BR>[Stack]<UL><LI>Max Depth = 56<LI>Call Chain = Dac1_Set_Vol &rArr; __aeabi_dmul
</UL>
<BR>[Calls]<UL><LI><a href="#[aa]">&gt;&gt;</a>&nbsp;&nbsp;&nbsp;DAC_SetChannel1Data
<LI><a href="#[ac]">&gt;&gt;</a>&nbsp;&nbsp;&nbsp;__aeabi_f2d
<LI><a href="#[ae]">&gt;&gt;</a>&nbsp;&nbsp;&nbsp;__aeabi_dmul
<LI><a href="#[af]">&gt;&gt;</a>&nbsp;&nbsp;&nbsp;__aeabi_d2uiz
<LI><a href="#[ad]">&gt;&gt;</a>&nbsp;&nbsp;&nbsp;__aeabi_ddiv
</UL>
<BR>[Called By]<UL><LI><a href="#[61]">&gt;&gt;</a>&nbsp;&nbsp;&nbsp;main
<LI><a href="#[67]">&gt;&gt;</a>&nbsp;&nbsp;&nbsp;set_work_model
</UL>

<P><STRONG><a name="[6b]"></a>Dac2_Set_Vol</STRONG> (Thumb, 82 bytes, Stack size 24 bytes, dac.o(.text))
<BR><BR>[Stack]<UL><LI>Max Depth = 56<LI>Call Chain = Dac2_Set_Vol &rArr; __aeabi_dmul
</UL>
<BR>[Calls]<UL><LI><a href="#[ab]">&gt;&gt;</a>&nbsp;&nbsp;&nbsp;DAC_SetChannel2Data
<LI><a href="#[ac]">&gt;&gt;</a>&nbsp;&nbsp;&nbsp;__aeabi_f2d
<LI><a href="#[ae]">&gt;&gt;</a>&nbsp;&nbsp;&nbsp;__aeabi_dmul
<LI><a href="#[af]">&gt;&gt;</a>&nbsp;&nbsp;&nbsp;__aeabi_d2uiz
<LI><a href="#[ad]">&gt;&gt;</a>&nbsp;&nbsp;&nbsp;__aeabi_ddiv
</UL>
<BR>[Called By]<UL><LI><a href="#[61]">&gt;&gt;</a>&nbsp;&nbsp;&nbsp;main
<LI><a href="#[67]">&gt;&gt;</a>&nbsp;&nbsp;&nbsp;set_work_model
</UL>

<P><STRONG><a name="[b0]"></a>led_init</STRONG> (Thumb, 82 bytes, Stack size 8 bytes, cabinet.o(.text))
<BR><BR>[Stack]<UL><LI>Max Depth = 32<LI>Call Chain = led_init &rArr; GPIO_Init
</UL>
<BR>[Calls]<UL><LI><a href="#[a5]">&gt;&gt;</a>&nbsp;&nbsp;&nbsp;RCC_APB2PeriphClockCmd
<LI><a href="#[a7]">&gt;&gt;</a>&nbsp;&nbsp;&nbsp;GPIO_Init
</UL>
<BR>[Called By]<UL><LI><a href="#[9f]">&gt;&gt;</a>&nbsp;&nbsp;&nbsp;cabinet_gpio_init
</UL>

<P><STRONG><a name="[b1]"></a>control_key_init</STRONG> (Thumb, 56 bytes, Stack size 8 bytes, cabinet.o(.text))
<BR><BR>[Stack]<UL><LI>Max Depth = 32<LI>Call Chain = control_key_init &rArr; GPIO_Init
</UL>
<BR>[Calls]<UL><LI><a href="#[a5]">&gt;&gt;</a>&nbsp;&nbsp;&nbsp;RCC_APB2PeriphClockCmd
<LI><a href="#[a7]">&gt;&gt;</a>&nbsp;&nbsp;&nbsp;GPIO_Init
</UL>
<BR>[Called By]<UL><LI><a href="#[9f]">&gt;&gt;</a>&nbsp;&nbsp;&nbsp;cabinet_gpio_init
</UL>

<P><STRONG><a name="[b2]"></a>knob_sw_init</STRONG> (Thumb, 86 bytes, Stack size 8 bytes, cabinet.o(.text))
<BR><BR>[Stack]<UL><LI>Max Depth = 32<LI>Call Chain = knob_sw_init &rArr; GPIO_Init
</UL>
<BR>[Calls]<UL><LI><a href="#[a5]">&gt;&gt;</a>&nbsp;&nbsp;&nbsp;RCC_APB2PeriphClockCmd
<LI><a href="#[a7]">&gt;&gt;</a>&nbsp;&nbsp;&nbsp;GPIO_Init
</UL>
<BR>[Called By]<UL><LI><a href="#[9f]">&gt;&gt;</a>&nbsp;&nbsp;&nbsp;cabinet_gpio_init
</UL>

<P><STRONG><a name="[9f]"></a>cabinet_gpio_init</STRONG> (Thumb, 16 bytes, Stack size 8 bytes, cabinet.o(.text))
<BR><BR>[Stack]<UL><LI>Max Depth = 40<LI>Call Chain = cabinet_gpio_init &rArr; knob_sw_init &rArr; GPIO_Init
</UL>
<BR>[Calls]<UL><LI><a href="#[b2]">&gt;&gt;</a>&nbsp;&nbsp;&nbsp;knob_sw_init
<LI><a href="#[b1]">&gt;&gt;</a>&nbsp;&nbsp;&nbsp;control_key_init
<LI><a href="#[b0]">&gt;&gt;</a>&nbsp;&nbsp;&nbsp;led_init
</UL>
<BR>[Called By]<UL><LI><a href="#[61]">&gt;&gt;</a>&nbsp;&nbsp;&nbsp;main
</UL>

<P><STRONG><a name="[17e]"></a>cabinet_parameter_init</STRONG> (Thumb, 2 bytes, Stack size 0 bytes, cabinet.o(.text), UNUSED)

<P><STRONG><a name="[73]"></a>Button_Scan</STRONG> (Thumb, 152 bytes, Stack size 8 bytes, cabinet.o(.text))
<BR><BR>[Stack]<UL><LI>Max Depth = 8<LI>Call Chain = Button_Scan
</UL>
<BR>[Calls]<UL><LI><a href="#[90]">&gt;&gt;</a>&nbsp;&nbsp;&nbsp;delay_ms
<LI><a href="#[6d]">&gt;&gt;</a>&nbsp;&nbsp;&nbsp;GPIO_ReadInputDataBit
</UL>
<BR>[Called By]<UL><LI><a href="#[72]">&gt;&gt;</a>&nbsp;&nbsp;&nbsp;OPERATION_DISTANCE_MODLE
</UL>

<P><STRONG><a name="[a1]"></a>queue_reset</STRONG> (Thumb, 18 bytes, Stack size 0 bytes, cmd_queue.o(.text))
<BR><BR>[Called By]<UL><LI><a href="#[61]">&gt;&gt;</a>&nbsp;&nbsp;&nbsp;main
</UL>

<P><STRONG><a name="[120]"></a>queue_push</STRONG> (Thumb, 44 bytes, Stack size 0 bytes, cmd_queue.o(.text))
<BR><BR>[Called By]<UL><LI><a href="#[32]">&gt;&gt;</a>&nbsp;&nbsp;&nbsp;USART1_IRQHandler
</UL>

<P><STRONG><a name="[a2]"></a>queue_find_cmd</STRONG> (Thumb, 122 bytes, Stack size 24 bytes, cmd_queue.o(.text))
<BR><BR>[Stack]<UL><LI>Max Depth = 24<LI>Call Chain = queue_find_cmd
</UL>
<BR>[Calls]<UL><LI><a href="#[b4]">&gt;&gt;</a>&nbsp;&nbsp;&nbsp;queue_size
<LI><a href="#[b3]">&gt;&gt;</a>&nbsp;&nbsp;&nbsp;queue_pop
</UL>
<BR>[Called By]<UL><LI><a href="#[61]">&gt;&gt;</a>&nbsp;&nbsp;&nbsp;main
</UL>

<P><STRONG><a name="[71]"></a>DelayMS</STRONG> (Thumb, 24 bytes, Stack size 0 bytes, hmi_driver.o(.text))
<BR><BR>[Called By]<UL><LI><a href="#[6c]">&gt;&gt;</a>&nbsp;&nbsp;&nbsp;OPERATION_LOCAL_MODLE
</UL>

<P><STRONG><a name="[b5]"></a>SendStrings</STRONG> (Thumb, 22 bytes, Stack size 8 bytes, hmi_driver.o(.text))
<BR><BR>[Stack]<UL><LI>Max Depth = 16<LI>Call Chain = SendStrings &rArr; SendChar
</UL>
<BR>[Calls]<UL><LI><a href="#[b6]">&gt;&gt;</a>&nbsp;&nbsp;&nbsp;SendChar
</UL>
<BR>[Called By]<UL><LI><a href="#[114]">&gt;&gt;</a>&nbsp;&nbsp;&nbsp;Record_Add
<LI><a href="#[f9]">&gt;&gt;</a>&nbsp;&nbsp;&nbsp;BatchSetText
<LI><a href="#[c1]">&gt;&gt;</a>&nbsp;&nbsp;&nbsp;DisText
<LI><a href="#[74]">&gt;&gt;</a>&nbsp;&nbsp;&nbsp;SetTextValue
</UL>

<P><STRONG><a name="[b7]"></a>SendNU8</STRONG> (Thumb, 26 bytes, Stack size 16 bytes, hmi_driver.o(.text))
<BR><BR>[Stack]<UL><LI>Max Depth = 24<LI>Call Chain = SendNU8 &rArr; SendChar
</UL>
<BR>[Calls]<UL><LI><a href="#[b6]">&gt;&gt;</a>&nbsp;&nbsp;&nbsp;SendChar
</UL>
<BR>[Called By]<UL><LI><a href="#[e3]">&gt;&gt;</a>&nbsp;&nbsp;&nbsp;WriteUserFlash
<LI><a href="#[7d]">&gt;&gt;</a>&nbsp;&nbsp;&nbsp;HistoryGraph_SetValueInt8
<LI><a href="#[7c]">&gt;&gt;</a>&nbsp;&nbsp;&nbsp;GraphChannelDataAdd
</UL>

<P><STRONG><a name="[b8]"></a>SendNU16</STRONG> (Thumb, 38 bytes, Stack size 16 bytes, hmi_driver.o(.text), UNUSED)
<BR><BR>[Calls]<UL><LI><a href="#[b6]">&gt;&gt;</a>&nbsp;&nbsp;&nbsp;SendChar
</UL>
<BR>[Called By]<UL><LI><a href="#[10c]">&gt;&gt;</a>&nbsp;&nbsp;&nbsp;HistoryGraph_SetValueInt16
<LI><a href="#[cf]">&gt;&gt;</a>&nbsp;&nbsp;&nbsp;GUI_BcolorConDots
<LI><a href="#[ce]">&gt;&gt;</a>&nbsp;&nbsp;&nbsp;GUI_FcolorConDots
<LI><a href="#[cc]">&gt;&gt;</a>&nbsp;&nbsp;&nbsp;GUI_BcolorConOffsetDots
<LI><a href="#[cb]">&gt;&gt;</a>&nbsp;&nbsp;&nbsp;GUI_FcolorConOffsetDots
<LI><a href="#[ca]">&gt;&gt;</a>&nbsp;&nbsp;&nbsp;GUI_ConSpaceDots
<LI><a href="#[c9]">&gt;&gt;</a>&nbsp;&nbsp;&nbsp;GUI_ConDots
</UL>

<P><STRONG><a name="[b9]"></a>SetHandShake</STRONG> (Thumb, 40 bytes, Stack size 8 bytes, hmi_driver.o(.text), UNUSED)
<BR><BR>[Calls]<UL><LI><a href="#[b6]">&gt;&gt;</a>&nbsp;&nbsp;&nbsp;SendChar
</UL>

<P><STRONG><a name="[ba]"></a>SetFcolor</STRONG> (Thumb, 54 bytes, Stack size 8 bytes, hmi_driver.o(.text), UNUSED)
<BR><BR>[Calls]<UL><LI><a href="#[b6]">&gt;&gt;</a>&nbsp;&nbsp;&nbsp;SendChar
</UL>

<P><STRONG><a name="[bb]"></a>SetBcolor</STRONG> (Thumb, 54 bytes, Stack size 8 bytes, hmi_driver.o(.text), UNUSED)
<BR><BR>[Calls]<UL><LI><a href="#[b6]">&gt;&gt;</a>&nbsp;&nbsp;&nbsp;SendChar
</UL>

<P><STRONG><a name="[bc]"></a>ColorPicker</STRONG> (Thumb, 76 bytes, Stack size 16 bytes, hmi_driver.o(.text), UNUSED)
<BR><BR>[Calls]<UL><LI><a href="#[b6]">&gt;&gt;</a>&nbsp;&nbsp;&nbsp;SendChar
</UL>

<P><STRONG><a name="[bd]"></a>GUI_CleanScreen</STRONG> (Thumb, 40 bytes, Stack size 8 bytes, hmi_driver.o(.text), UNUSED)
<BR><BR>[Calls]<UL><LI><a href="#[b6]">&gt;&gt;</a>&nbsp;&nbsp;&nbsp;SendChar
</UL>

<P><STRONG><a name="[be]"></a>SetTextSpace</STRONG> (Thumb, 56 bytes, Stack size 16 bytes, hmi_driver.o(.text), UNUSED)
<BR><BR>[Calls]<UL><LI><a href="#[b6]">&gt;&gt;</a>&nbsp;&nbsp;&nbsp;SendChar
</UL>

<P><STRONG><a name="[bf]"></a>SetFont_Region</STRONG> (Thumb, 76 bytes, Stack size 16 bytes, hmi_driver.o(.text), UNUSED)
<BR><BR>[Calls]<UL><LI><a href="#[b6]">&gt;&gt;</a>&nbsp;&nbsp;&nbsp;SendChar
</UL>

<P><STRONG><a name="[c0]"></a>SetFilterColor</STRONG> (Thumb, 68 bytes, Stack size 16 bytes, hmi_driver.o(.text), UNUSED)
<BR><BR>[Calls]<UL><LI><a href="#[b6]">&gt;&gt;</a>&nbsp;&nbsp;&nbsp;SendChar
</UL>

<P><STRONG><a name="[c1]"></a>DisText</STRONG> (Thumb, 98 bytes, Stack size 24 bytes, hmi_driver.o(.text), UNUSED)
<BR><BR>[Calls]<UL><LI><a href="#[b6]">&gt;&gt;</a>&nbsp;&nbsp;&nbsp;SendChar
<LI><a href="#[b5]">&gt;&gt;</a>&nbsp;&nbsp;&nbsp;SendStrings
</UL>

<P><STRONG><a name="[c2]"></a>DisCursor</STRONG> (Thumb, 100 bytes, Stack size 24 bytes, hmi_driver.o(.text), UNUSED)
<BR><BR>[Calls]<UL><LI><a href="#[b6]">&gt;&gt;</a>&nbsp;&nbsp;&nbsp;SendChar
</UL>

<P><STRONG><a name="[c3]"></a>DisFull_Image</STRONG> (Thumb, 62 bytes, Stack size 16 bytes, hmi_driver.o(.text), UNUSED)
<BR><BR>[Calls]<UL><LI><a href="#[b6]">&gt;&gt;</a>&nbsp;&nbsp;&nbsp;SendChar
</UL>

<P><STRONG><a name="[c4]"></a>DisArea_Image</STRONG> (Thumb, 94 bytes, Stack size 24 bytes, hmi_driver.o(.text), UNUSED)
<BR><BR>[Calls]<UL><LI><a href="#[b6]">&gt;&gt;</a>&nbsp;&nbsp;&nbsp;SendChar
</UL>

<P><STRONG><a name="[c5]"></a>DisCut_Image</STRONG> (Thumb, 164 bytes, Stack size 40 bytes, hmi_driver.o(.text), UNUSED)
<BR><BR>[Calls]<UL><LI><a href="#[b6]">&gt;&gt;</a>&nbsp;&nbsp;&nbsp;SendChar
</UL>

<P><STRONG><a name="[c6]"></a>DisFlashImage</STRONG> (Thumb, 106 bytes, Stack size 24 bytes, hmi_driver.o(.text), UNUSED)
<BR><BR>[Calls]<UL><LI><a href="#[b6]">&gt;&gt;</a>&nbsp;&nbsp;&nbsp;SendChar
</UL>

<P><STRONG><a name="[c7]"></a>GUI_Dot</STRONG> (Thumb, 68 bytes, Stack size 16 bytes, hmi_driver.o(.text), UNUSED)
<BR><BR>[Calls]<UL><LI><a href="#[b6]">&gt;&gt;</a>&nbsp;&nbsp;&nbsp;SendChar
</UL>

<P><STRONG><a name="[c8]"></a>GUI_Line</STRONG> (Thumb, 100 bytes, Stack size 24 bytes, hmi_driver.o(.text), UNUSED)
<BR><BR>[Calls]<UL><LI><a href="#[b6]">&gt;&gt;</a>&nbsp;&nbsp;&nbsp;SendChar
</UL>

<P><STRONG><a name="[c9]"></a>GUI_ConDots</STRONG> (Thumb, 66 bytes, Stack size 16 bytes, hmi_driver.o(.text), UNUSED)
<BR><BR>[Calls]<UL><LI><a href="#[b6]">&gt;&gt;</a>&nbsp;&nbsp;&nbsp;SendChar
<LI><a href="#[b8]">&gt;&gt;</a>&nbsp;&nbsp;&nbsp;SendNU16
</UL>

<P><STRONG><a name="[ca]"></a>GUI_ConSpaceDots</STRONG> (Thumb, 84 bytes, Stack size 24 bytes, hmi_driver.o(.text), UNUSED)
<BR><BR>[Calls]<UL><LI><a href="#[b6]">&gt;&gt;</a>&nbsp;&nbsp;&nbsp;SendChar
<LI><a href="#[b8]">&gt;&gt;</a>&nbsp;&nbsp;&nbsp;SendNU16
</UL>

<P><STRONG><a name="[cb]"></a>GUI_FcolorConOffsetDots</STRONG> (Thumb, 84 bytes, Stack size 24 bytes, hmi_driver.o(.text), UNUSED)
<BR><BR>[Calls]<UL><LI><a href="#[b6]">&gt;&gt;</a>&nbsp;&nbsp;&nbsp;SendChar
<LI><a href="#[b8]">&gt;&gt;</a>&nbsp;&nbsp;&nbsp;SendNU16
</UL>

<P><STRONG><a name="[cc]"></a>GUI_BcolorConOffsetDots</STRONG> (Thumb, 84 bytes, Stack size 24 bytes, hmi_driver.o(.text), UNUSED)
<BR><BR>[Calls]<UL><LI><a href="#[b6]">&gt;&gt;</a>&nbsp;&nbsp;&nbsp;SendChar
<LI><a href="#[b8]">&gt;&gt;</a>&nbsp;&nbsp;&nbsp;SendNU16
</UL>

<P><STRONG><a name="[cd]"></a>SetPowerSaving</STRONG> (Thumb, 76 bytes, Stack size 24 bytes, hmi_driver.o(.text), UNUSED)
<BR><BR>[Calls]<UL><LI><a href="#[b6]">&gt;&gt;</a>&nbsp;&nbsp;&nbsp;SendChar
</UL>

<P><STRONG><a name="[ce]"></a>GUI_FcolorConDots</STRONG> (Thumb, 58 bytes, Stack size 16 bytes, hmi_driver.o(.text), UNUSED)
<BR><BR>[Calls]<UL><LI><a href="#[b6]">&gt;&gt;</a>&nbsp;&nbsp;&nbsp;SendChar
<LI><a href="#[b8]">&gt;&gt;</a>&nbsp;&nbsp;&nbsp;SendNU16
</UL>

<P><STRONG><a name="[cf]"></a>GUI_BcolorConDots</STRONG> (Thumb, 58 bytes, Stack size 16 bytes, hmi_driver.o(.text), UNUSED)
<BR><BR>[Calls]<UL><LI><a href="#[b6]">&gt;&gt;</a>&nbsp;&nbsp;&nbsp;SendChar
<LI><a href="#[b8]">&gt;&gt;</a>&nbsp;&nbsp;&nbsp;SendNU16
</UL>

<P><STRONG><a name="[d0]"></a>GUI_Circle</STRONG> (Thumb, 82 bytes, Stack size 16 bytes, hmi_driver.o(.text), UNUSED)
<BR><BR>[Calls]<UL><LI><a href="#[b6]">&gt;&gt;</a>&nbsp;&nbsp;&nbsp;SendChar
</UL>

<P><STRONG><a name="[d1]"></a>GUI_CircleFill</STRONG> (Thumb, 82 bytes, Stack size 16 bytes, hmi_driver.o(.text), UNUSED)
<BR><BR>[Calls]<UL><LI><a href="#[b6]">&gt;&gt;</a>&nbsp;&nbsp;&nbsp;SendChar
</UL>

<P><STRONG><a name="[d2]"></a>GUI_Arc</STRONG> (Thumb, 120 bytes, Stack size 24 bytes, hmi_driver.o(.text), UNUSED)
<BR><BR>[Calls]<UL><LI><a href="#[b6]">&gt;&gt;</a>&nbsp;&nbsp;&nbsp;SendChar
</UL>

<P><STRONG><a name="[d3]"></a>GUI_Rectangle</STRONG> (Thumb, 100 bytes, Stack size 24 bytes, hmi_driver.o(.text), UNUSED)
<BR><BR>[Calls]<UL><LI><a href="#[b6]">&gt;&gt;</a>&nbsp;&nbsp;&nbsp;SendChar
</UL>

<P><STRONG><a name="[d4]"></a>GUI_RectangleFill</STRONG> (Thumb, 100 bytes, Stack size 24 bytes, hmi_driver.o(.text), UNUSED)
<BR><BR>[Calls]<UL><LI><a href="#[b6]">&gt;&gt;</a>&nbsp;&nbsp;&nbsp;SendChar
</UL>

<P><STRONG><a name="[d5]"></a>GUI_Ellipse</STRONG> (Thumb, 100 bytes, Stack size 24 bytes, hmi_driver.o(.text), UNUSED)
<BR><BR>[Calls]<UL><LI><a href="#[b6]">&gt;&gt;</a>&nbsp;&nbsp;&nbsp;SendChar
</UL>

<P><STRONG><a name="[d6]"></a>GUI_EllipseFill</STRONG> (Thumb, 100 bytes, Stack size 24 bytes, hmi_driver.o(.text), UNUSED)
<BR><BR>[Calls]<UL><LI><a href="#[b6]">&gt;&gt;</a>&nbsp;&nbsp;&nbsp;SendChar
</UL>

<P><STRONG><a name="[85]"></a>SetBackLight</STRONG> (Thumb, 48 bytes, Stack size 8 bytes, hmi_driver.o(.text))
<BR><BR>[Stack]<UL><LI>Max Depth = 16<LI>Call Chain = SetBackLight &rArr; SendChar
</UL>
<BR>[Calls]<UL><LI><a href="#[b6]">&gt;&gt;</a>&nbsp;&nbsp;&nbsp;SendChar
</UL>
<BR>[Called By]<UL><LI><a href="#[81]">&gt;&gt;</a>&nbsp;&nbsp;&nbsp;NotifySlider
</UL>

<P><STRONG><a name="[80]"></a>SetBuzzer</STRONG> (Thumb, 48 bytes, Stack size 8 bytes, hmi_driver.o(.text))
<BR><BR>[Stack]<UL><LI>Max Depth = 16<LI>Call Chain = SetBuzzer &rArr; SendChar
</UL>
<BR>[Calls]<UL><LI><a href="#[b6]">&gt;&gt;</a>&nbsp;&nbsp;&nbsp;SendChar
</UL>
<BR>[Called By]<UL><LI><a href="#[7f]">&gt;&gt;</a>&nbsp;&nbsp;&nbsp;NotifyTimer
</UL>

<P><STRONG><a name="[d7]"></a>GUI_AreaInycolor</STRONG> (Thumb, 100 bytes, Stack size 24 bytes, hmi_driver.o(.text), UNUSED)
<BR><BR>[Calls]<UL><LI><a href="#[b6]">&gt;&gt;</a>&nbsp;&nbsp;&nbsp;SendChar
</UL>

<P><STRONG><a name="[d8]"></a>SetTouchPaneOption</STRONG> (Thumb, 92 bytes, Stack size 24 bytes, hmi_driver.o(.text), UNUSED)
<BR><BR>[Calls]<UL><LI><a href="#[b6]">&gt;&gt;</a>&nbsp;&nbsp;&nbsp;SendChar
</UL>

<P><STRONG><a name="[d9]"></a>CalibrateTouchPane</STRONG> (Thumb, 40 bytes, Stack size 8 bytes, hmi_driver.o(.text), UNUSED)
<BR><BR>[Calls]<UL><LI><a href="#[b6]">&gt;&gt;</a>&nbsp;&nbsp;&nbsp;SendChar
</UL>

<P><STRONG><a name="[da]"></a>TestTouchPane</STRONG> (Thumb, 40 bytes, Stack size 8 bytes, hmi_driver.o(.text), UNUSED)
<BR><BR>[Calls]<UL><LI><a href="#[b6]">&gt;&gt;</a>&nbsp;&nbsp;&nbsp;SendChar
</UL>

<P><STRONG><a name="[db]"></a>LockDeviceConfig</STRONG> (Thumb, 64 bytes, Stack size 8 bytes, hmi_driver.o(.text), UNUSED)
<BR><BR>[Calls]<UL><LI><a href="#[b6]">&gt;&gt;</a>&nbsp;&nbsp;&nbsp;SendChar
</UL>

<P><STRONG><a name="[dc]"></a>UnlockDeviceConfig</STRONG> (Thumb, 64 bytes, Stack size 8 bytes, hmi_driver.o(.text), UNUSED)
<BR><BR>[Calls]<UL><LI><a href="#[b6]">&gt;&gt;</a>&nbsp;&nbsp;&nbsp;SendChar
</UL>

<P><STRONG><a name="[dd]"></a>SetCommBps</STRONG> (Thumb, 48 bytes, Stack size 8 bytes, hmi_driver.o(.text), UNUSED)
<BR><BR>[Calls]<UL><LI><a href="#[b6]">&gt;&gt;</a>&nbsp;&nbsp;&nbsp;SendChar
</UL>

<P><STRONG><a name="[de]"></a>WriteLayer</STRONG> (Thumb, 48 bytes, Stack size 8 bytes, hmi_driver.o(.text), UNUSED)
<BR><BR>[Calls]<UL><LI><a href="#[b6]">&gt;&gt;</a>&nbsp;&nbsp;&nbsp;SendChar
</UL>

<P><STRONG><a name="[df]"></a>DisplyLayer</STRONG> (Thumb, 48 bytes, Stack size 8 bytes, hmi_driver.o(.text), UNUSED)
<BR><BR>[Calls]<UL><LI><a href="#[b6]">&gt;&gt;</a>&nbsp;&nbsp;&nbsp;SendChar
</UL>

<P><STRONG><a name="[e0]"></a>CopyLayer</STRONG> (Thumb, 56 bytes, Stack size 16 bytes, hmi_driver.o(.text), UNUSED)
<BR><BR>[Calls]<UL><LI><a href="#[b6]">&gt;&gt;</a>&nbsp;&nbsp;&nbsp;SendChar
</UL>

<P><STRONG><a name="[e1]"></a>ClearLayer</STRONG> (Thumb, 48 bytes, Stack size 8 bytes, hmi_driver.o(.text), UNUSED)
<BR><BR>[Calls]<UL><LI><a href="#[b6]">&gt;&gt;</a>&nbsp;&nbsp;&nbsp;SendChar
</UL>

<P><STRONG><a name="[e2]"></a>GUI_DispRTC</STRONG> (Thumb, 118 bytes, Stack size 32 bytes, hmi_driver.o(.text), UNUSED)
<BR><BR>[Calls]<UL><LI><a href="#[b6]">&gt;&gt;</a>&nbsp;&nbsp;&nbsp;SendChar
</UL>

<P><STRONG><a name="[e3]"></a>WriteUserFlash</STRONG> (Thumb, 82 bytes, Stack size 16 bytes, hmi_driver.o(.text), UNUSED)
<BR><BR>[Calls]<UL><LI><a href="#[b6]">&gt;&gt;</a>&nbsp;&nbsp;&nbsp;SendChar
<LI><a href="#[b7]">&gt;&gt;</a>&nbsp;&nbsp;&nbsp;SendNU8
</UL>

<P><STRONG><a name="[e4]"></a>ReadUserFlash</STRONG> (Thumb, 84 bytes, Stack size 16 bytes, hmi_driver.o(.text), UNUSED)
<BR><BR>[Calls]<UL><LI><a href="#[b6]">&gt;&gt;</a>&nbsp;&nbsp;&nbsp;SendChar
</UL>

<P><STRONG><a name="[e5]"></a>GetScreen</STRONG> (Thumb, 48 bytes, Stack size 8 bytes, hmi_driver.o(.text), UNUSED)
<BR><BR>[Calls]<UL><LI><a href="#[b6]">&gt;&gt;</a>&nbsp;&nbsp;&nbsp;SendChar
</UL>

<P><STRONG><a name="[e6]"></a>SetScreen</STRONG> (Thumb, 60 bytes, Stack size 8 bytes, hmi_driver.o(.text), UNUSED)
<BR><BR>[Calls]<UL><LI><a href="#[b6]">&gt;&gt;</a>&nbsp;&nbsp;&nbsp;SendChar
</UL>

<P><STRONG><a name="[e7]"></a>SetScreenUpdateEnable</STRONG> (Thumb, 48 bytes, Stack size 8 bytes, hmi_driver.o(.text), UNUSED)
<BR><BR>[Calls]<UL><LI><a href="#[b6]">&gt;&gt;</a>&nbsp;&nbsp;&nbsp;SendChar
</UL>

<P><STRONG><a name="[e8]"></a>SetControlFocus</STRONG> (Thumb, 82 bytes, Stack size 16 bytes, hmi_driver.o(.text), UNUSED)
<BR><BR>[Calls]<UL><LI><a href="#[b6]">&gt;&gt;</a>&nbsp;&nbsp;&nbsp;SendChar
</UL>

<P><STRONG><a name="[e9]"></a>SetControlVisiable</STRONG> (Thumb, 82 bytes, Stack size 16 bytes, hmi_driver.o(.text), UNUSED)
<BR><BR>[Calls]<UL><LI><a href="#[b6]">&gt;&gt;</a>&nbsp;&nbsp;&nbsp;SendChar
</UL>

<P><STRONG><a name="[ea]"></a>SetControlEnable</STRONG> (Thumb, 82 bytes, Stack size 16 bytes, hmi_driver.o(.text), UNUSED)
<BR><BR>[Calls]<UL><LI><a href="#[b6]">&gt;&gt;</a>&nbsp;&nbsp;&nbsp;SendChar
</UL>

<P><STRONG><a name="[68]"></a>SetButtonValue</STRONG> (Thumb, 82 bytes, Stack size 16 bytes, hmi_driver.o(.text))
<BR><BR>[Stack]<UL><LI>Max Depth = 24<LI>Call Chain = SetButtonValue &rArr; SendChar
</UL>
<BR>[Calls]<UL><LI><a href="#[b6]">&gt;&gt;</a>&nbsp;&nbsp;&nbsp;SendChar
</UL>
<BR>[Called By]<UL><LI><a href="#[8c]">&gt;&gt;</a>&nbsp;&nbsp;&nbsp;NotifyScreen
<LI><a href="#[7e]">&gt;&gt;</a>&nbsp;&nbsp;&nbsp;NOTIFYHandShake
<LI><a href="#[67]">&gt;&gt;</a>&nbsp;&nbsp;&nbsp;set_work_model
</UL>

<P><STRONG><a name="[74]"></a>SetTextValue</STRONG> (Thumb, 82 bytes, Stack size 16 bytes, hmi_driver.o(.text))
<BR><BR>[Stack]<UL><LI>Max Depth = 32<LI>Call Chain = SetTextValue &rArr; SendStrings &rArr; SendChar
</UL>
<BR>[Calls]<UL><LI><a href="#[b6]">&gt;&gt;</a>&nbsp;&nbsp;&nbsp;SendChar
<LI><a href="#[b5]">&gt;&gt;</a>&nbsp;&nbsp;&nbsp;SendStrings
</UL>
<BR>[Called By]<UL><LI><a href="#[61]">&gt;&gt;</a>&nbsp;&nbsp;&nbsp;main
<LI><a href="#[93]">&gt;&gt;</a>&nbsp;&nbsp;&nbsp;NotifyReadRTC
<LI><a href="#[8c]">&gt;&gt;</a>&nbsp;&nbsp;&nbsp;NotifyScreen
<LI><a href="#[72]">&gt;&gt;</a>&nbsp;&nbsp;&nbsp;OPERATION_DISTANCE_MODLE
</UL>

<P><STRONG><a name="[83]"></a>SetTextInt32</STRONG> (Thumb, 140 bytes, Stack size 24 bytes, hmi_driver.o(.text))
<BR><BR>[Stack]<UL><LI>Max Depth = 32<LI>Call Chain = SetTextInt32 &rArr; SendChar
</UL>
<BR>[Calls]<UL><LI><a href="#[b6]">&gt;&gt;</a>&nbsp;&nbsp;&nbsp;SendChar
</UL>
<BR>[Called By]<UL><LI><a href="#[93]">&gt;&gt;</a>&nbsp;&nbsp;&nbsp;NotifyReadRTC
<LI><a href="#[89]">&gt;&gt;</a>&nbsp;&nbsp;&nbsp;NotifyButton
<LI><a href="#[87]">&gt;&gt;</a>&nbsp;&nbsp;&nbsp;NotifyText
<LI><a href="#[86]">&gt;&gt;</a>&nbsp;&nbsp;&nbsp;NotifyProgress
<LI><a href="#[81]">&gt;&gt;</a>&nbsp;&nbsp;&nbsp;NotifySlider
</UL>

<P><STRONG><a name="[78]"></a>SetTextFloat</STRONG> (Thumb, 140 bytes, Stack size 40 bytes, hmi_driver.o(.text))
<BR><BR>[Stack]<UL><LI>Max Depth = 48<LI>Call Chain = SetTextFloat &rArr; SendChar
</UL>
<BR>[Calls]<UL><LI><a href="#[b6]">&gt;&gt;</a>&nbsp;&nbsp;&nbsp;SendChar
</UL>
<BR>[Called By]<UL><LI><a href="#[89]">&gt;&gt;</a>&nbsp;&nbsp;&nbsp;NotifyButton
<LI><a href="#[75]">&gt;&gt;</a>&nbsp;&nbsp;&nbsp;UpdateUI
</UL>

<P><STRONG><a name="[82]"></a>SetProgressValue</STRONG> (Thumb, 104 bytes, Stack size 16 bytes, hmi_driver.o(.text))
<BR><BR>[Stack]<UL><LI>Max Depth = 24<LI>Call Chain = SetProgressValue &rArr; SendChar
</UL>
<BR>[Calls]<UL><LI><a href="#[b6]">&gt;&gt;</a>&nbsp;&nbsp;&nbsp;SendChar
</UL>
<BR>[Called By]<UL><LI><a href="#[89]">&gt;&gt;</a>&nbsp;&nbsp;&nbsp;NotifyButton
<LI><a href="#[81]">&gt;&gt;</a>&nbsp;&nbsp;&nbsp;NotifySlider
</UL>

<P><STRONG><a name="[79]"></a>SetMeterValue</STRONG> (Thumb, 104 bytes, Stack size 16 bytes, hmi_driver.o(.text))
<BR><BR>[Stack]<UL><LI>Max Depth = 24<LI>Call Chain = SetMeterValue &rArr; SendChar
</UL>
<BR>[Calls]<UL><LI><a href="#[b6]">&gt;&gt;</a>&nbsp;&nbsp;&nbsp;SendChar
</UL>
<BR>[Called By]<UL><LI><a href="#[75]">&gt;&gt;</a>&nbsp;&nbsp;&nbsp;UpdateUI
</UL>

<P><STRONG><a name="[7a]"></a>Set_picMeterValue</STRONG> (Thumb, 88 bytes, Stack size 16 bytes, hmi_driver.o(.text))
<BR><BR>[Stack]<UL><LI>Max Depth = 24<LI>Call Chain = Set_picMeterValue &rArr; SendChar
</UL>
<BR>[Calls]<UL><LI><a href="#[b6]">&gt;&gt;</a>&nbsp;&nbsp;&nbsp;SendChar
</UL>
<BR>[Called By]<UL><LI><a href="#[75]">&gt;&gt;</a>&nbsp;&nbsp;&nbsp;UpdateUI
</UL>

<P><STRONG><a name="[eb]"></a>SetSliderValue</STRONG> (Thumb, 104 bytes, Stack size 16 bytes, hmi_driver.o(.text), UNUSED)
<BR><BR>[Calls]<UL><LI><a href="#[b6]">&gt;&gt;</a>&nbsp;&nbsp;&nbsp;SendChar
</UL>

<P><STRONG><a name="[8b]"></a>SetSelectorValue</STRONG> (Thumb, 82 bytes, Stack size 16 bytes, hmi_driver.o(.text))
<BR><BR>[Stack]<UL><LI>Max Depth = 24<LI>Call Chain = SetSelectorValue &rArr; SendChar
</UL>
<BR>[Calls]<UL><LI><a href="#[b6]">&gt;&gt;</a>&nbsp;&nbsp;&nbsp;SendChar
</UL>
<BR>[Called By]<UL><LI><a href="#[89]">&gt;&gt;</a>&nbsp;&nbsp;&nbsp;NotifyButton
</UL>

<P><STRONG><a name="[8e]"></a>GetControlValue</STRONG> (Thumb, 74 bytes, Stack size 16 bytes, hmi_driver.o(.text))
<BR><BR>[Stack]<UL><LI>Max Depth = 24<LI>Call Chain = GetControlValue &rArr; SendChar
</UL>
<BR>[Calls]<UL><LI><a href="#[b6]">&gt;&gt;</a>&nbsp;&nbsp;&nbsp;SendChar
</UL>
<BR>[Called By]<UL><LI><a href="#[8c]">&gt;&gt;</a>&nbsp;&nbsp;&nbsp;NotifyScreen
</UL>

<P><STRONG><a name="[8d]"></a>AnimationStart</STRONG> (Thumb, 74 bytes, Stack size 16 bytes, hmi_driver.o(.text))
<BR><BR>[Stack]<UL><LI>Max Depth = 24<LI>Call Chain = AnimationStart &rArr; SendChar
</UL>
<BR>[Calls]<UL><LI><a href="#[b6]">&gt;&gt;</a>&nbsp;&nbsp;&nbsp;SendChar
</UL>
<BR>[Called By]<UL><LI><a href="#[8c]">&gt;&gt;</a>&nbsp;&nbsp;&nbsp;NotifyScreen
</UL>

<P><STRONG><a name="[ec]"></a>AnimationStop</STRONG> (Thumb, 74 bytes, Stack size 16 bytes, hmi_driver.o(.text), UNUSED)
<BR><BR>[Calls]<UL><LI><a href="#[b6]">&gt;&gt;</a>&nbsp;&nbsp;&nbsp;SendChar
</UL>

<P><STRONG><a name="[ed]"></a>AnimationPause</STRONG> (Thumb, 74 bytes, Stack size 16 bytes, hmi_driver.o(.text), UNUSED)
<BR><BR>[Calls]<UL><LI><a href="#[b6]">&gt;&gt;</a>&nbsp;&nbsp;&nbsp;SendChar
</UL>

<P><STRONG><a name="[69]"></a>AnimationPlayFrame</STRONG> (Thumb, 82 bytes, Stack size 16 bytes, hmi_driver.o(.text))
<BR><BR>[Stack]<UL><LI>Max Depth = 24<LI>Call Chain = AnimationPlayFrame &rArr; SendChar
</UL>
<BR>[Calls]<UL><LI><a href="#[b6]">&gt;&gt;</a>&nbsp;&nbsp;&nbsp;SendChar
</UL>
<BR>[Called By]<UL><LI><a href="#[67]">&gt;&gt;</a>&nbsp;&nbsp;&nbsp;set_work_model
</UL>

<P><STRONG><a name="[ee]"></a>AnimationPlayPrev</STRONG> (Thumb, 74 bytes, Stack size 16 bytes, hmi_driver.o(.text), UNUSED)
<BR><BR>[Calls]<UL><LI><a href="#[b6]">&gt;&gt;</a>&nbsp;&nbsp;&nbsp;SendChar
</UL>

<P><STRONG><a name="[ef]"></a>AnimationPlayNext</STRONG> (Thumb, 74 bytes, Stack size 16 bytes, hmi_driver.o(.text), UNUSED)
<BR><BR>[Calls]<UL><LI><a href="#[b6]">&gt;&gt;</a>&nbsp;&nbsp;&nbsp;SendChar
</UL>

<P><STRONG><a name="[f0]"></a>GraphChannelAdd</STRONG> (Thumb, 100 bytes, Stack size 24 bytes, hmi_driver.o(.text), UNUSED)
<BR><BR>[Calls]<UL><LI><a href="#[b6]">&gt;&gt;</a>&nbsp;&nbsp;&nbsp;SendChar
</UL>

<P><STRONG><a name="[f1]"></a>GraphChannelDel</STRONG> (Thumb, 82 bytes, Stack size 16 bytes, hmi_driver.o(.text), UNUSED)
<BR><BR>[Calls]<UL><LI><a href="#[b6]">&gt;&gt;</a>&nbsp;&nbsp;&nbsp;SendChar
</UL>

<P><STRONG><a name="[7c]"></a>GraphChannelDataAdd</STRONG> (Thumb, 110 bytes, Stack size 24 bytes, hmi_driver.o(.text))
<BR><BR>[Stack]<UL><LI>Max Depth = 48<LI>Call Chain = GraphChannelDataAdd &rArr; SendNU8 &rArr; SendChar
</UL>
<BR>[Calls]<UL><LI><a href="#[b6]">&gt;&gt;</a>&nbsp;&nbsp;&nbsp;SendChar
<LI><a href="#[b7]">&gt;&gt;</a>&nbsp;&nbsp;&nbsp;SendNU8
</UL>
<BR>[Called By]<UL><LI><a href="#[75]">&gt;&gt;</a>&nbsp;&nbsp;&nbsp;UpdateUI
</UL>

<P><STRONG><a name="[f2]"></a>GraphChannelDataClear</STRONG> (Thumb, 82 bytes, Stack size 16 bytes, hmi_driver.o(.text), UNUSED)
<BR><BR>[Calls]<UL><LI><a href="#[b6]">&gt;&gt;</a>&nbsp;&nbsp;&nbsp;SendChar
</UL>

<P><STRONG><a name="[f3]"></a>GraphSetViewport</STRONG> (Thumb, 144 bytes, Stack size 32 bytes, hmi_driver.o(.text), UNUSED)
<BR><BR>[Calls]<UL><LI><a href="#[b6]">&gt;&gt;</a>&nbsp;&nbsp;&nbsp;SendChar
</UL>

<P><STRONG><a name="[f4]"></a>BatchBegin</STRONG> (Thumb, 36 bytes, Stack size 8 bytes, hmi_driver.o(.text), UNUSED)
<BR><BR>[Calls]<UL><LI><a href="#[b6]">&gt;&gt;</a>&nbsp;&nbsp;&nbsp;SendChar
</UL>

<P><STRONG><a name="[f5]"></a>BatchSetButtonValue</STRONG> (Thumb, 38 bytes, Stack size 16 bytes, hmi_driver.o(.text), UNUSED)
<BR><BR>[Calls]<UL><LI><a href="#[b6]">&gt;&gt;</a>&nbsp;&nbsp;&nbsp;SendChar
</UL>

<P><STRONG><a name="[f6]"></a>BatchSetProgressValue</STRONG> (Thumb, 60 bytes, Stack size 16 bytes, hmi_driver.o(.text), UNUSED)
<BR><BR>[Calls]<UL><LI><a href="#[b6]">&gt;&gt;</a>&nbsp;&nbsp;&nbsp;SendChar
</UL>

<P><STRONG><a name="[f7]"></a>BatchSetSliderValue</STRONG> (Thumb, 60 bytes, Stack size 16 bytes, hmi_driver.o(.text), UNUSED)
<BR><BR>[Calls]<UL><LI><a href="#[b6]">&gt;&gt;</a>&nbsp;&nbsp;&nbsp;SendChar
</UL>

<P><STRONG><a name="[f8]"></a>BatchSetMeterValue</STRONG> (Thumb, 60 bytes, Stack size 16 bytes, hmi_driver.o(.text), UNUSED)
<BR><BR>[Calls]<UL><LI><a href="#[b6]">&gt;&gt;</a>&nbsp;&nbsp;&nbsp;SendChar
</UL>

<P><STRONG><a name="[fa]"></a>GetStringLen</STRONG> (Thumb, 18 bytes, Stack size 0 bytes, hmi_driver.o(.text), UNUSED)
<BR><BR>[Called By]<UL><LI><a href="#[f9]">&gt;&gt;</a>&nbsp;&nbsp;&nbsp;BatchSetText
</UL>

<P><STRONG><a name="[f9]"></a>BatchSetText</STRONG> (Thumb, 56 bytes, Stack size 16 bytes, hmi_driver.o(.text), UNUSED)
<BR><BR>[Calls]<UL><LI><a href="#[b6]">&gt;&gt;</a>&nbsp;&nbsp;&nbsp;SendChar
<LI><a href="#[fa]">&gt;&gt;</a>&nbsp;&nbsp;&nbsp;GetStringLen
<LI><a href="#[b5]">&gt;&gt;</a>&nbsp;&nbsp;&nbsp;SendStrings
</UL>

<P><STRONG><a name="[fb]"></a>BatchSetFrame</STRONG> (Thumb, 44 bytes, Stack size 16 bytes, hmi_driver.o(.text), UNUSED)
<BR><BR>[Calls]<UL><LI><a href="#[b6]">&gt;&gt;</a>&nbsp;&nbsp;&nbsp;SendChar
</UL>

<P><STRONG><a name="[fc]"></a>BatchSetVisible</STRONG> (Thumb, 32 bytes, Stack size 16 bytes, hmi_driver.o(.text), UNUSED)
<BR><BR>[Calls]<UL><LI><a href="#[b6]">&gt;&gt;</a>&nbsp;&nbsp;&nbsp;SendChar
</UL>

<P><STRONG><a name="[fd]"></a>BatchSetEnable</STRONG> (Thumb, 32 bytes, Stack size 16 bytes, hmi_driver.o(.text), UNUSED)
<BR><BR>[Calls]<UL><LI><a href="#[b6]">&gt;&gt;</a>&nbsp;&nbsp;&nbsp;SendChar
</UL>

<P><STRONG><a name="[fe]"></a>BatchEnd</STRONG> (Thumb, 28 bytes, Stack size 8 bytes, hmi_driver.o(.text), UNUSED)
<BR><BR>[Calls]<UL><LI><a href="#[b6]">&gt;&gt;</a>&nbsp;&nbsp;&nbsp;SendChar
</UL>

<P><STRONG><a name="[ff]"></a>SeTimer</STRONG> (Thumb, 104 bytes, Stack size 16 bytes, hmi_driver.o(.text), UNUSED)
<BR><BR>[Calls]<UL><LI><a href="#[b6]">&gt;&gt;</a>&nbsp;&nbsp;&nbsp;SendChar
</UL>

<P><STRONG><a name="[100]"></a>StartTimer</STRONG> (Thumb, 74 bytes, Stack size 16 bytes, hmi_driver.o(.text), UNUSED)
<BR><BR>[Calls]<UL><LI><a href="#[b6]">&gt;&gt;</a>&nbsp;&nbsp;&nbsp;SendChar
</UL>

<P><STRONG><a name="[101]"></a>StopTimer</STRONG> (Thumb, 74 bytes, Stack size 16 bytes, hmi_driver.o(.text), UNUSED)
<BR><BR>[Calls]<UL><LI><a href="#[b6]">&gt;&gt;</a>&nbsp;&nbsp;&nbsp;SendChar
</UL>

<P><STRONG><a name="[102]"></a>PauseTimer</STRONG> (Thumb, 74 bytes, Stack size 16 bytes, hmi_driver.o(.text), UNUSED)
<BR><BR>[Calls]<UL><LI><a href="#[b6]">&gt;&gt;</a>&nbsp;&nbsp;&nbsp;SendChar
</UL>

<P><STRONG><a name="[103]"></a>SetControlBackColor</STRONG> (Thumb, 88 bytes, Stack size 16 bytes, hmi_driver.o(.text), UNUSED)
<BR><BR>[Calls]<UL><LI><a href="#[b6]">&gt;&gt;</a>&nbsp;&nbsp;&nbsp;SendChar
</UL>

<P><STRONG><a name="[104]"></a>SetControlForeColor</STRONG> (Thumb, 88 bytes, Stack size 16 bytes, hmi_driver.o(.text), UNUSED)
<BR><BR>[Calls]<UL><LI><a href="#[b6]">&gt;&gt;</a>&nbsp;&nbsp;&nbsp;SendChar
</UL>

<P><STRONG><a name="[105]"></a>ShowPopupMenu</STRONG> (Thumb, 100 bytes, Stack size 24 bytes, hmi_driver.o(.text), UNUSED)
<BR><BR>[Calls]<UL><LI><a href="#[b6]">&gt;&gt;</a>&nbsp;&nbsp;&nbsp;SendChar
</UL>

<P><STRONG><a name="[106]"></a>ShowKeyboard</STRONG> (Thumb, 108 bytes, Stack size 32 bytes, hmi_driver.o(.text), UNUSED)
<BR><BR>[Calls]<UL><LI><a href="#[b6]">&gt;&gt;</a>&nbsp;&nbsp;&nbsp;SendChar
</UL>

<P><STRONG><a name="[107]"></a>SetLanguage</STRONG> (Thumb, 68 bytes, Stack size 16 bytes, hmi_driver.o(.text), UNUSED)
<BR><BR>[Calls]<UL><LI><a href="#[b6]">&gt;&gt;</a>&nbsp;&nbsp;&nbsp;SendChar
</UL>

<P><STRONG><a name="[108]"></a>FlashBeginSaveControl</STRONG> (Thumb, 82 bytes, Stack size 16 bytes, hmi_driver.o(.text), UNUSED)
<BR><BR>[Calls]<UL><LI><a href="#[b6]">&gt;&gt;</a>&nbsp;&nbsp;&nbsp;SendChar
</UL>

<P><STRONG><a name="[109]"></a>FlashSaveControl</STRONG> (Thumb, 32 bytes, Stack size 16 bytes, hmi_driver.o(.text), UNUSED)
<BR><BR>[Calls]<UL><LI><a href="#[b6]">&gt;&gt;</a>&nbsp;&nbsp;&nbsp;SendChar
</UL>

<P><STRONG><a name="[10a]"></a>FlashEndSaveControl</STRONG> (Thumb, 28 bytes, Stack size 8 bytes, hmi_driver.o(.text), UNUSED)
<BR><BR>[Calls]<UL><LI><a href="#[b6]">&gt;&gt;</a>&nbsp;&nbsp;&nbsp;SendChar
</UL>

<P><STRONG><a name="[10b]"></a>FlashRestoreControl</STRONG> (Thumb, 106 bytes, Stack size 16 bytes, hmi_driver.o(.text), UNUSED)
<BR><BR>[Calls]<UL><LI><a href="#[b6]">&gt;&gt;</a>&nbsp;&nbsp;&nbsp;SendChar
</UL>

<P><STRONG><a name="[7d]"></a>HistoryGraph_SetValueInt8</STRONG> (Thumb, 90 bytes, Stack size 24 bytes, hmi_driver.o(.text))
<BR><BR>[Stack]<UL><LI>Max Depth = 48<LI>Call Chain = HistoryGraph_SetValueInt8 &rArr; SendNU8 &rArr; SendChar
</UL>
<BR>[Calls]<UL><LI><a href="#[b6]">&gt;&gt;</a>&nbsp;&nbsp;&nbsp;SendChar
<LI><a href="#[b7]">&gt;&gt;</a>&nbsp;&nbsp;&nbsp;SendNU8
</UL>
<BR>[Called By]<UL><LI><a href="#[75]">&gt;&gt;</a>&nbsp;&nbsp;&nbsp;UpdateUI
</UL>

<P><STRONG><a name="[10c]"></a>HistoryGraph_SetValueInt16</STRONG> (Thumb, 90 bytes, Stack size 24 bytes, hmi_driver.o(.text), UNUSED)
<BR><BR>[Calls]<UL><LI><a href="#[b6]">&gt;&gt;</a>&nbsp;&nbsp;&nbsp;SendChar
<LI><a href="#[b8]">&gt;&gt;</a>&nbsp;&nbsp;&nbsp;SendNU16
</UL>

<P><STRONG><a name="[10d]"></a>HistoryGraph_SetValueInt32</STRONG> (Thumb, 136 bytes, Stack size 24 bytes, hmi_driver.o(.text), UNUSED)
<BR><BR>[Calls]<UL><LI><a href="#[b6]">&gt;&gt;</a>&nbsp;&nbsp;&nbsp;SendChar
</UL>

<P><STRONG><a name="[10e]"></a>HistoryGraph_SetValueFloat</STRONG> (Thumb, 128 bytes, Stack size 32 bytes, hmi_driver.o(.text), UNUSED)
<BR><BR>[Calls]<UL><LI><a href="#[b6]">&gt;&gt;</a>&nbsp;&nbsp;&nbsp;SendChar
</UL>

<P><STRONG><a name="[10f]"></a>HistoryGraph_EnableSampling</STRONG> (Thumb, 82 bytes, Stack size 16 bytes, hmi_driver.o(.text), UNUSED)
<BR><BR>[Calls]<UL><LI><a href="#[b6]">&gt;&gt;</a>&nbsp;&nbsp;&nbsp;SendChar
</UL>

<P><STRONG><a name="[110]"></a>HistoryGraph_ShowChannel</STRONG> (Thumb, 94 bytes, Stack size 24 bytes, hmi_driver.o(.text), UNUSED)
<BR><BR>[Calls]<UL><LI><a href="#[b6]">&gt;&gt;</a>&nbsp;&nbsp;&nbsp;SendChar
</UL>

<P><STRONG><a name="[111]"></a>HistoryGraph_SetTimeLength</STRONG> (Thumb, 94 bytes, Stack size 16 bytes, hmi_driver.o(.text), UNUSED)
<BR><BR>[Calls]<UL><LI><a href="#[b6]">&gt;&gt;</a>&nbsp;&nbsp;&nbsp;SendChar
</UL>

<P><STRONG><a name="[112]"></a>HistoryGraph_SetTimeFullScreen</STRONG> (Thumb, 80 bytes, Stack size 16 bytes, hmi_driver.o(.text), UNUSED)
<BR><BR>[Calls]<UL><LI><a href="#[b6]">&gt;&gt;</a>&nbsp;&nbsp;&nbsp;SendChar
</UL>

<P><STRONG><a name="[113]"></a>HistoryGraph_SetTimeZoom</STRONG> (Thumb, 132 bytes, Stack size 24 bytes, hmi_driver.o(.text), UNUSED)
<BR><BR>[Calls]<UL><LI><a href="#[b6]">&gt;&gt;</a>&nbsp;&nbsp;&nbsp;SendChar
</UL>

<P><STRONG><a name="[8f]"></a>Record_SetEvent</STRONG> (Thumb, 126 bytes, Stack size 24 bytes, hmi_driver.o(.text))
<BR><BR>[Stack]<UL><LI>Max Depth = 32<LI>Call Chain = Record_SetEvent &rArr; SendChar
</UL>
<BR>[Calls]<UL><LI><a href="#[b6]">&gt;&gt;</a>&nbsp;&nbsp;&nbsp;SendChar
</UL>
<BR>[Called By]<UL><LI><a href="#[8c]">&gt;&gt;</a>&nbsp;&nbsp;&nbsp;NotifyScreen
</UL>

<P><STRONG><a name="[91]"></a>Record_ResetEvent</STRONG> (Thumb, 126 bytes, Stack size 24 bytes, hmi_driver.o(.text))
<BR><BR>[Stack]<UL><LI>Max Depth = 32<LI>Call Chain = Record_ResetEvent &rArr; SendChar
</UL>
<BR>[Calls]<UL><LI><a href="#[b6]">&gt;&gt;</a>&nbsp;&nbsp;&nbsp;SendChar
</UL>
<BR>[Called By]<UL><LI><a href="#[8c]">&gt;&gt;</a>&nbsp;&nbsp;&nbsp;NotifyScreen
</UL>

<P><STRONG><a name="[114]"></a>Record_Add</STRONG> (Thumb, 82 bytes, Stack size 16 bytes, hmi_driver.o(.text), UNUSED)
<BR><BR>[Calls]<UL><LI><a href="#[b6]">&gt;&gt;</a>&nbsp;&nbsp;&nbsp;SendChar
<LI><a href="#[b5]">&gt;&gt;</a>&nbsp;&nbsp;&nbsp;SendStrings
</UL>

<P><STRONG><a name="[115]"></a>Record_Clear</STRONG> (Thumb, 74 bytes, Stack size 16 bytes, hmi_driver.o(.text), UNUSED)
<BR><BR>[Calls]<UL><LI><a href="#[b6]">&gt;&gt;</a>&nbsp;&nbsp;&nbsp;SendChar
</UL>

<P><STRONG><a name="[116]"></a>Record_SetOffset</STRONG> (Thumb, 88 bytes, Stack size 16 bytes, hmi_driver.o(.text), UNUSED)
<BR><BR>[Calls]<UL><LI><a href="#[b6]">&gt;&gt;</a>&nbsp;&nbsp;&nbsp;SendChar
</UL>

<P><STRONG><a name="[117]"></a>Record_GetCount</STRONG> (Thumb, 74 bytes, Stack size 16 bytes, hmi_driver.o(.text), UNUSED)
<BR><BR>[Calls]<UL><LI><a href="#[b6]">&gt;&gt;</a>&nbsp;&nbsp;&nbsp;SendChar
</UL>

<P><STRONG><a name="[8a]"></a>ReadRTC</STRONG> (Thumb, 40 bytes, Stack size 8 bytes, hmi_driver.o(.text))
<BR><BR>[Stack]<UL><LI>Max Depth = 16<LI>Call Chain = ReadRTC &rArr; SendChar
</UL>
<BR>[Calls]<UL><LI><a href="#[b6]">&gt;&gt;</a>&nbsp;&nbsp;&nbsp;SendChar
</UL>
<BR>[Called By]<UL><LI><a href="#[89]">&gt;&gt;</a>&nbsp;&nbsp;&nbsp;NotifyButton
</UL>

<P><STRONG><a name="[92]"></a>PlayMusic</STRONG> (Thumb, 58 bytes, Stack size 16 bytes, hmi_driver.o(.text))
<BR><BR>[Stack]<UL><LI>Max Depth = 24<LI>Call Chain = PlayMusic &rArr; SendChar
</UL>
<BR>[Calls]<UL><LI><a href="#[b6]">&gt;&gt;</a>&nbsp;&nbsp;&nbsp;SendChar
</UL>
<BR>[Called By]<UL><LI><a href="#[8c]">&gt;&gt;</a>&nbsp;&nbsp;&nbsp;NotifyScreen
</UL>

<P><STRONG><a name="[66]"></a>_sys_exit</STRONG> (Thumb, 4 bytes, Stack size 0 bytes, hmi_user_uart.o(.text))
<BR><BR>[Called By]<UL><LI><a href="#[65]">&gt;&gt;</a>&nbsp;&nbsp;&nbsp;__rt_exit_exit
</UL>

<P><STRONG><a name="[17f]"></a>fputc</STRONG> (Thumb, 24 bytes, Stack size 0 bytes, hmi_user_uart.o(.text), UNUSED)

<P><STRONG><a name="[9d]"></a>UartInit</STRONG> (Thumb, 152 bytes, Stack size 32 bytes, hmi_user_uart.o(.text))
<BR><BR>[Stack]<UL><LI>Max Depth = 100<LI>Call Chain = UartInit &rArr; USART_Init &rArr; RCC_GetClocksFreq
</UL>
<BR>[Calls]<UL><LI><a href="#[119]">&gt;&gt;</a>&nbsp;&nbsp;&nbsp;USART_Init
<LI><a href="#[11a]">&gt;&gt;</a>&nbsp;&nbsp;&nbsp;USART_ITConfig
<LI><a href="#[11b]">&gt;&gt;</a>&nbsp;&nbsp;&nbsp;USART_Cmd
<LI><a href="#[118]">&gt;&gt;</a>&nbsp;&nbsp;&nbsp;NVIC_Init
<LI><a href="#[a5]">&gt;&gt;</a>&nbsp;&nbsp;&nbsp;RCC_APB2PeriphClockCmd
<LI><a href="#[a7]">&gt;&gt;</a>&nbsp;&nbsp;&nbsp;GPIO_Init
</UL>
<BR>[Called By]<UL><LI><a href="#[61]">&gt;&gt;</a>&nbsp;&nbsp;&nbsp;main
</UL>

<P><STRONG><a name="[b6]"></a>SendChar</STRONG> (Thumb, 42 bytes, Stack size 8 bytes, hmi_user_uart.o(.text))
<BR><BR>[Stack]<UL><LI>Max Depth = 8<LI>Call Chain = SendChar
</UL>
<BR>[Calls]<UL><LI><a href="#[11c]">&gt;&gt;</a>&nbsp;&nbsp;&nbsp;USART_SendData
<LI><a href="#[11d]">&gt;&gt;</a>&nbsp;&nbsp;&nbsp;USART_GetFlagStatus
</UL>
<BR>[Called By]<UL><LI><a href="#[117]">&gt;&gt;</a>&nbsp;&nbsp;&nbsp;Record_GetCount
<LI><a href="#[116]">&gt;&gt;</a>&nbsp;&nbsp;&nbsp;Record_SetOffset
<LI><a href="#[115]">&gt;&gt;</a>&nbsp;&nbsp;&nbsp;Record_Clear
<LI><a href="#[114]">&gt;&gt;</a>&nbsp;&nbsp;&nbsp;Record_Add
<LI><a href="#[113]">&gt;&gt;</a>&nbsp;&nbsp;&nbsp;HistoryGraph_SetTimeZoom
<LI><a href="#[112]">&gt;&gt;</a>&nbsp;&nbsp;&nbsp;HistoryGraph_SetTimeFullScreen
<LI><a href="#[111]">&gt;&gt;</a>&nbsp;&nbsp;&nbsp;HistoryGraph_SetTimeLength
<LI><a href="#[110]">&gt;&gt;</a>&nbsp;&nbsp;&nbsp;HistoryGraph_ShowChannel
<LI><a href="#[10f]">&gt;&gt;</a>&nbsp;&nbsp;&nbsp;HistoryGraph_EnableSampling
<LI><a href="#[10e]">&gt;&gt;</a>&nbsp;&nbsp;&nbsp;HistoryGraph_SetValueFloat
<LI><a href="#[10d]">&gt;&gt;</a>&nbsp;&nbsp;&nbsp;HistoryGraph_SetValueInt32
<LI><a href="#[10c]">&gt;&gt;</a>&nbsp;&nbsp;&nbsp;HistoryGraph_SetValueInt16
<LI><a href="#[10b]">&gt;&gt;</a>&nbsp;&nbsp;&nbsp;FlashRestoreControl
<LI><a href="#[10a]">&gt;&gt;</a>&nbsp;&nbsp;&nbsp;FlashEndSaveControl
<LI><a href="#[109]">&gt;&gt;</a>&nbsp;&nbsp;&nbsp;FlashSaveControl
<LI><a href="#[108]">&gt;&gt;</a>&nbsp;&nbsp;&nbsp;FlashBeginSaveControl
<LI><a href="#[107]">&gt;&gt;</a>&nbsp;&nbsp;&nbsp;SetLanguage
<LI><a href="#[106]">&gt;&gt;</a>&nbsp;&nbsp;&nbsp;ShowKeyboard
<LI><a href="#[105]">&gt;&gt;</a>&nbsp;&nbsp;&nbsp;ShowPopupMenu
<LI><a href="#[104]">&gt;&gt;</a>&nbsp;&nbsp;&nbsp;SetControlForeColor
<LI><a href="#[103]">&gt;&gt;</a>&nbsp;&nbsp;&nbsp;SetControlBackColor
<LI><a href="#[102]">&gt;&gt;</a>&nbsp;&nbsp;&nbsp;PauseTimer
<LI><a href="#[101]">&gt;&gt;</a>&nbsp;&nbsp;&nbsp;StopTimer
<LI><a href="#[100]">&gt;&gt;</a>&nbsp;&nbsp;&nbsp;StartTimer
<LI><a href="#[ff]">&gt;&gt;</a>&nbsp;&nbsp;&nbsp;SeTimer
<LI><a href="#[fe]">&gt;&gt;</a>&nbsp;&nbsp;&nbsp;BatchEnd
<LI><a href="#[fd]">&gt;&gt;</a>&nbsp;&nbsp;&nbsp;BatchSetEnable
<LI><a href="#[fc]">&gt;&gt;</a>&nbsp;&nbsp;&nbsp;BatchSetVisible
<LI><a href="#[fb]">&gt;&gt;</a>&nbsp;&nbsp;&nbsp;BatchSetFrame
<LI><a href="#[f9]">&gt;&gt;</a>&nbsp;&nbsp;&nbsp;BatchSetText
<LI><a href="#[f8]">&gt;&gt;</a>&nbsp;&nbsp;&nbsp;BatchSetMeterValue
<LI><a href="#[f7]">&gt;&gt;</a>&nbsp;&nbsp;&nbsp;BatchSetSliderValue
<LI><a href="#[f6]">&gt;&gt;</a>&nbsp;&nbsp;&nbsp;BatchSetProgressValue
<LI><a href="#[f5]">&gt;&gt;</a>&nbsp;&nbsp;&nbsp;BatchSetButtonValue
<LI><a href="#[f4]">&gt;&gt;</a>&nbsp;&nbsp;&nbsp;BatchBegin
<LI><a href="#[f3]">&gt;&gt;</a>&nbsp;&nbsp;&nbsp;GraphSetViewport
<LI><a href="#[f2]">&gt;&gt;</a>&nbsp;&nbsp;&nbsp;GraphChannelDataClear
<LI><a href="#[f1]">&gt;&gt;</a>&nbsp;&nbsp;&nbsp;GraphChannelDel
<LI><a href="#[f0]">&gt;&gt;</a>&nbsp;&nbsp;&nbsp;GraphChannelAdd
<LI><a href="#[ef]">&gt;&gt;</a>&nbsp;&nbsp;&nbsp;AnimationPlayNext
<LI><a href="#[ee]">&gt;&gt;</a>&nbsp;&nbsp;&nbsp;AnimationPlayPrev
<LI><a href="#[ed]">&gt;&gt;</a>&nbsp;&nbsp;&nbsp;AnimationPause
<LI><a href="#[ec]">&gt;&gt;</a>&nbsp;&nbsp;&nbsp;AnimationStop
<LI><a href="#[eb]">&gt;&gt;</a>&nbsp;&nbsp;&nbsp;SetSliderValue
<LI><a href="#[ea]">&gt;&gt;</a>&nbsp;&nbsp;&nbsp;SetControlEnable
<LI><a href="#[e9]">&gt;&gt;</a>&nbsp;&nbsp;&nbsp;SetControlVisiable
<LI><a href="#[e8]">&gt;&gt;</a>&nbsp;&nbsp;&nbsp;SetControlFocus
<LI><a href="#[e7]">&gt;&gt;</a>&nbsp;&nbsp;&nbsp;SetScreenUpdateEnable
<LI><a href="#[e6]">&gt;&gt;</a>&nbsp;&nbsp;&nbsp;SetScreen
<LI><a href="#[e5]">&gt;&gt;</a>&nbsp;&nbsp;&nbsp;GetScreen
<LI><a href="#[e4]">&gt;&gt;</a>&nbsp;&nbsp;&nbsp;ReadUserFlash
<LI><a href="#[e3]">&gt;&gt;</a>&nbsp;&nbsp;&nbsp;WriteUserFlash
<LI><a href="#[e2]">&gt;&gt;</a>&nbsp;&nbsp;&nbsp;GUI_DispRTC
<LI><a href="#[e1]">&gt;&gt;</a>&nbsp;&nbsp;&nbsp;ClearLayer
<LI><a href="#[e0]">&gt;&gt;</a>&nbsp;&nbsp;&nbsp;CopyLayer
<LI><a href="#[df]">&gt;&gt;</a>&nbsp;&nbsp;&nbsp;DisplyLayer
<LI><a href="#[de]">&gt;&gt;</a>&nbsp;&nbsp;&nbsp;WriteLayer
<LI><a href="#[dd]">&gt;&gt;</a>&nbsp;&nbsp;&nbsp;SetCommBps
<LI><a href="#[dc]">&gt;&gt;</a>&nbsp;&nbsp;&nbsp;UnlockDeviceConfig
<LI><a href="#[db]">&gt;&gt;</a>&nbsp;&nbsp;&nbsp;LockDeviceConfig
<LI><a href="#[da]">&gt;&gt;</a>&nbsp;&nbsp;&nbsp;TestTouchPane
<LI><a href="#[d9]">&gt;&gt;</a>&nbsp;&nbsp;&nbsp;CalibrateTouchPane
<LI><a href="#[d8]">&gt;&gt;</a>&nbsp;&nbsp;&nbsp;SetTouchPaneOption
<LI><a href="#[d7]">&gt;&gt;</a>&nbsp;&nbsp;&nbsp;GUI_AreaInycolor
<LI><a href="#[d6]">&gt;&gt;</a>&nbsp;&nbsp;&nbsp;GUI_EllipseFill
<LI><a href="#[d5]">&gt;&gt;</a>&nbsp;&nbsp;&nbsp;GUI_Ellipse
<LI><a href="#[d4]">&gt;&gt;</a>&nbsp;&nbsp;&nbsp;GUI_RectangleFill
<LI><a href="#[d3]">&gt;&gt;</a>&nbsp;&nbsp;&nbsp;GUI_Rectangle
<LI><a href="#[d2]">&gt;&gt;</a>&nbsp;&nbsp;&nbsp;GUI_Arc
<LI><a href="#[d1]">&gt;&gt;</a>&nbsp;&nbsp;&nbsp;GUI_CircleFill
<LI><a href="#[d0]">&gt;&gt;</a>&nbsp;&nbsp;&nbsp;GUI_Circle
<LI><a href="#[cf]">&gt;&gt;</a>&nbsp;&nbsp;&nbsp;GUI_BcolorConDots
<LI><a href="#[ce]">&gt;&gt;</a>&nbsp;&nbsp;&nbsp;GUI_FcolorConDots
<LI><a href="#[cd]">&gt;&gt;</a>&nbsp;&nbsp;&nbsp;SetPowerSaving
<LI><a href="#[cc]">&gt;&gt;</a>&nbsp;&nbsp;&nbsp;GUI_BcolorConOffsetDots
<LI><a href="#[cb]">&gt;&gt;</a>&nbsp;&nbsp;&nbsp;GUI_FcolorConOffsetDots
<LI><a href="#[ca]">&gt;&gt;</a>&nbsp;&nbsp;&nbsp;GUI_ConSpaceDots
<LI><a href="#[c9]">&gt;&gt;</a>&nbsp;&nbsp;&nbsp;GUI_ConDots
<LI><a href="#[c8]">&gt;&gt;</a>&nbsp;&nbsp;&nbsp;GUI_Line
<LI><a href="#[c7]">&gt;&gt;</a>&nbsp;&nbsp;&nbsp;GUI_Dot
<LI><a href="#[c6]">&gt;&gt;</a>&nbsp;&nbsp;&nbsp;DisFlashImage
<LI><a href="#[c5]">&gt;&gt;</a>&nbsp;&nbsp;&nbsp;DisCut_Image
<LI><a href="#[c4]">&gt;&gt;</a>&nbsp;&nbsp;&nbsp;DisArea_Image
<LI><a href="#[c3]">&gt;&gt;</a>&nbsp;&nbsp;&nbsp;DisFull_Image
<LI><a href="#[c2]">&gt;&gt;</a>&nbsp;&nbsp;&nbsp;DisCursor
<LI><a href="#[c1]">&gt;&gt;</a>&nbsp;&nbsp;&nbsp;DisText
<LI><a href="#[c0]">&gt;&gt;</a>&nbsp;&nbsp;&nbsp;SetFilterColor
<LI><a href="#[bf]">&gt;&gt;</a>&nbsp;&nbsp;&nbsp;SetFont_Region
<LI><a href="#[be]">&gt;&gt;</a>&nbsp;&nbsp;&nbsp;SetTextSpace
<LI><a href="#[bd]">&gt;&gt;</a>&nbsp;&nbsp;&nbsp;GUI_CleanScreen
<LI><a href="#[bc]">&gt;&gt;</a>&nbsp;&nbsp;&nbsp;ColorPicker
<LI><a href="#[bb]">&gt;&gt;</a>&nbsp;&nbsp;&nbsp;SetBcolor
<LI><a href="#[ba]">&gt;&gt;</a>&nbsp;&nbsp;&nbsp;SetFcolor
<LI><a href="#[b9]">&gt;&gt;</a>&nbsp;&nbsp;&nbsp;SetHandShake
<LI><a href="#[b8]">&gt;&gt;</a>&nbsp;&nbsp;&nbsp;SendNU16
<LI><a href="#[b7]">&gt;&gt;</a>&nbsp;&nbsp;&nbsp;SendNU8
<LI><a href="#[b5]">&gt;&gt;</a>&nbsp;&nbsp;&nbsp;SendStrings
<LI><a href="#[7a]">&gt;&gt;</a>&nbsp;&nbsp;&nbsp;Set_picMeterValue
<LI><a href="#[74]">&gt;&gt;</a>&nbsp;&nbsp;&nbsp;SetTextValue
<LI><a href="#[83]">&gt;&gt;</a>&nbsp;&nbsp;&nbsp;SetTextInt32
<LI><a href="#[78]">&gt;&gt;</a>&nbsp;&nbsp;&nbsp;SetTextFloat
<LI><a href="#[8b]">&gt;&gt;</a>&nbsp;&nbsp;&nbsp;SetSelectorValue
<LI><a href="#[82]">&gt;&gt;</a>&nbsp;&nbsp;&nbsp;SetProgressValue
<LI><a href="#[79]">&gt;&gt;</a>&nbsp;&nbsp;&nbsp;SetMeterValue
<LI><a href="#[80]">&gt;&gt;</a>&nbsp;&nbsp;&nbsp;SetBuzzer
<LI><a href="#[68]">&gt;&gt;</a>&nbsp;&nbsp;&nbsp;SetButtonValue
<LI><a href="#[85]">&gt;&gt;</a>&nbsp;&nbsp;&nbsp;SetBackLight
<LI><a href="#[8f]">&gt;&gt;</a>&nbsp;&nbsp;&nbsp;Record_SetEvent
<LI><a href="#[91]">&gt;&gt;</a>&nbsp;&nbsp;&nbsp;Record_ResetEvent
<LI><a href="#[8a]">&gt;&gt;</a>&nbsp;&nbsp;&nbsp;ReadRTC
<LI><a href="#[92]">&gt;&gt;</a>&nbsp;&nbsp;&nbsp;PlayMusic
<LI><a href="#[7d]">&gt;&gt;</a>&nbsp;&nbsp;&nbsp;HistoryGraph_SetValueInt8
<LI><a href="#[7c]">&gt;&gt;</a>&nbsp;&nbsp;&nbsp;GraphChannelDataAdd
<LI><a href="#[8e]">&gt;&gt;</a>&nbsp;&nbsp;&nbsp;GetControlValue
<LI><a href="#[8d]">&gt;&gt;</a>&nbsp;&nbsp;&nbsp;AnimationStart
<LI><a href="#[69]">&gt;&gt;</a>&nbsp;&nbsp;&nbsp;AnimationPlayFrame
</UL>

<P><STRONG><a name="[32]"></a>USART1_IRQHandler</STRONG> (Thumb, 32 bytes, Stack size 8 bytes, hmi_user_uart.o(.text))
<BR><BR>[Stack]<UL><LI>Max Depth = 24<LI>Call Chain = USART1_IRQHandler &rArr; USART_GetITStatus
</UL>
<BR>[Calls]<UL><LI><a href="#[11f]">&gt;&gt;</a>&nbsp;&nbsp;&nbsp;USART_ReceiveData
<LI><a href="#[11e]">&gt;&gt;</a>&nbsp;&nbsp;&nbsp;USART_GetITStatus
<LI><a href="#[120]">&gt;&gt;</a>&nbsp;&nbsp;&nbsp;queue_push
</UL>
[...]

<P><STRONG><a name="[1f4]"></a>TIM_SelectHallSensor</STRONG> (Thumb, 24 bytes, Stack size 0 bytes, stm32f10x_tim.o(.text), UNUSED)

<P><STRONG><a name="[1f5]"></a>TIM_SelectOnePulseMode</STRONG> (Thumb, 18 bytes, Stack size 0 bytes, stm32f10x_tim.o(.text), UNUSED)

<P><STRONG><a name="[1f6]"></a>TIM_SelectOutputTrigger</STRONG> (Thumb, 18 bytes, Stack size 0 bytes, stm32f10x_tim.o(.text), UNUSED)

<P><STRONG><a name="[1f7]"></a>TIM_SelectSlaveMode</STRONG> (Thumb, 18 bytes, Stack size 0 bytes, stm32f10x_tim.o(.text), UNUSED)

<P><STRONG><a name="[1f8]"></a>TIM_SelectMasterSlaveMode</STRONG> (Thumb, 18 bytes, Stack size 0 bytes, stm32f10x_tim.o(.text), UNUSED)

<P><STRONG><a name="[1f9]"></a>TIM_SetCounter</STRONG> (Thumb, 4 bytes, Stack size 0 bytes, stm32f10x_tim.o(.text), UNUSED)

<P><STRONG><a name="[1fa]"></a>TIM_SetAutoreload</STRONG> (Thumb, 4 bytes, Stack size 0 bytes, stm32f10x_tim.o(.text), UNUSED)

<P><STRONG><a name="[1fb]"></a>TIM_SetCompare1</STRONG> (Thumb, 4 bytes, Stack size 0 bytes, stm32f10x_tim.o(.text), UNUSED)

<P><STRONG><a name="[1fc]"></a>TIM_SetCompare2</STRONG> (Thumb, 4 bytes, Stack size 0 bytes, stm32f10x_tim.o(.text), UNUSED)

<P><STRONG><a name="[1fd]"></a>TIM_SetCompare3</STRONG> (Thumb, 4 bytes, Stack size 0 bytes, stm32f10x_tim.o(.text), UNUSED)

<P><STRONG><a name="[1fe]"></a>TIM_SetCompare4</STRONG> (Thumb, 6 bytes, Stack size 0 bytes, stm32f10x_tim.o(.text), UNUSED)

<P><STRONG><a name="[1ff]"></a>TIM_SetClockDivision</STRONG> (Thumb, 18 bytes, Stack size 0 bytes, stm32f10x_tim.o(.text), UNUSED)

<P><STRONG><a name="[200]"></a>TIM_GetCapture1</STRONG> (Thumb, 6 bytes, Stack size 0 bytes, stm32f10x_tim.o(.text), UNUSED)

<P><STRONG><a name="[201]"></a>TIM_GetCapture2</STRONG> (Thumb, 6 bytes, Stack size 0 bytes, stm32f10x_tim.o(.text), UNUSED)

<P><STRONG><a name="[202]"></a>TIM_GetCapture3</STRONG> (Thumb, 6 bytes, Stack size 0 bytes, stm32f10x_tim.o(.text), UNUSED)

<P><STRONG><a name="[203]"></a>TIM_GetCapture4</STRONG> (Thumb, 8 bytes, Stack size 0 bytes, stm32f10x_tim.o(.text), UNUSED)

<P><STRONG><a name="[204]"></a>TIM_GetCounter</STRONG> (Thumb, 6 bytes, Stack size 0 bytes, stm32f10x_tim.o(.text), UNUSED)

<P><STRONG><a name="[205]"></a>TIM_GetPrescaler</STRONG> (Thumb, 6 bytes, Stack size 0 bytes, stm32f10x_tim.o(.text), UNUSED)

<P><STRONG><a name="[206]"></a>TIM_GetFlagStatus</STRONG> (Thumb, 18 bytes, Stack size 0 bytes, stm32f10x_tim.o(.text), UNUSED)

<P><STRONG><a name="[125]"></a>TIM_ClearFlag</STRONG> (Thumb, 6 bytes, Stack size 0 bytes, stm32f10x_tim.o(.text))
<BR><BR>[Called By]<UL><LI><a href="#[2a]">&gt;&gt;</a>&nbsp;&nbsp;&nbsp;TIM3_IRQHandler
</UL>

<P><STRONG><a name="[124]"></a>TIM_GetITStatus</STRONG> (Thumb, 34 bytes, Stack size 12 bytes, stm32f10x_tim.o(.text))
<BR><BR>[Stack]<UL><LI>Max Depth = 12<LI>Call Chain = TIM_GetITStatus
</UL>
<BR>[Called By]<UL><LI><a href="#[2a]">&gt;&gt;</a>&nbsp;&nbsp;&nbsp;TIM3_IRQHandler
</UL>

<P><STRONG><a name="[122]"></a>TIM_ClearITPendingBit</STRONG> (Thumb, 6 bytes, Stack size 0 bytes, stm32f10x_tim.o(.text))
<BR><BR>[Called By]<UL><LI><a href="#[9e]">&gt;&gt;</a>&nbsp;&nbsp;&nbsp;TIM3_Init
</UL>

<P><STRONG><a name="[207]"></a>__use_no_semihosting</STRONG> (Thumb, 2 bytes, Stack size 0 bytes, use_no_semi_2.o(.text), UNUSED)

<P><STRONG><a name="[84]"></a>__2sprintf</STRONG> (Thumb, 34 bytes, Stack size 32 bytes, noretval__2sprintf.o(.text))
<BR><BR>[Stack]<UL><LI>Max Depth = 120 + Unknown Stack Size
<LI>Call Chain = __2sprintf &rArr; _printf_char_common &rArr; __printf
</UL>
<BR>[Calls]<UL><LI><a href="#[4b]">&gt;&gt;</a>&nbsp;&nbsp;&nbsp;_sputc
<LI><a href="#[141]">&gt;&gt;</a>&nbsp;&nbsp;&nbsp;_printf_char_common
</UL>
<BR>[Called By]<UL><LI><a href="#[81]">&gt;&gt;</a>&nbsp;&nbsp;&nbsp;NotifySlider
</UL>

<P><STRONG><a name="[142]"></a>__printf</STRONG> (Thumb, 104 bytes, Stack size 24 bytes, __printf.o(.text))
<BR><BR>[Stack]<UL><LI>Max Depth = 24 + Unknown Stack Size
<LI>Call Chain = __printf
</UL>
<BR>[Calls]<UL><LI><a href="#[143]">&gt;&gt;</a>&nbsp;&nbsp;&nbsp;_printf_percent
</UL>
<BR>[Called By]<UL><LI><a href="#[141]">&gt;&gt;</a>&nbsp;&nbsp;&nbsp;_printf_char_common
</UL>

<P><STRONG><a name="[148]"></a>_printf_str</STRONG> (Thumb, 82 bytes, Stack size 16 bytes, _printf_str.o(.text))
<BR><BR>[Stack]<UL><LI>Max Depth = 16<LI>Call Chain = _printf_str
</UL>
<BR>[Called By]<UL><LI><a href="#[147]">&gt;&gt;</a>&nbsp;&nbsp;&nbsp;_printf_cs_common
</UL>

<P><STRONG><a name="[88]"></a>__0sscanf</STRONG> (Thumb, 52 bytes, Stack size 72 bytes, __0sscanf.o(.text))
<BR><BR>[Stack]<UL><LI>Max Depth = 224<LI>Call Chain = __0sscanf &rArr; __vfscanf_char &rArr; __vfscanf &rArr; _scanf_int
</UL>
<BR>[Calls]<UL><LI><a href="#[144]">&gt;&gt;</a>&nbsp;&nbsp;&nbsp;__vfscanf_char
</UL>
<BR>[Called By]<UL><LI><a href="#[87]">&gt;&gt;</a>&nbsp;&nbsp;&nbsp;NotifyText
</UL>

<P><STRONG><a name="[145]"></a>_scanf_int</STRONG> (Thumb, 332 bytes, Stack size 56 bytes, _scanf_int.o(.text))
<BR><BR>[Stack]<UL><LI>Max Depth = 56<LI>Call Chain = _scanf_int
</UL>
<BR>[Calls]<UL><LI><a href="#[146]">&gt;&gt;</a>&nbsp;&nbsp;&nbsp;_chval
</UL>
<BR>[Called By]<UL><LI><a href="#[14a]">&gt;&gt;</a>&nbsp;&nbsp;&nbsp;__vfscanf
</UL>

<P><STRONG><a name="[7b]"></a>__aeabi_memcpy4</STRONG> (Thumb, 0 bytes, Stack size 8 bytes, rt_memcpy_w.o(.text))
<BR><BR>[Stack]<UL><LI>Max Depth = 8<LI>Call Chain = __aeabi_memcpy4
</UL>
<BR>[Called By]<UL><LI><a href="#[75]">&gt;&gt;</a>&nbsp;&nbsp;&nbsp;UpdateUI
</UL>

<P><STRONG><a name="[208]"></a>__aeabi_memcpy8</STRONG> (Thumb, 0 bytes, Stack size 8 bytes, rt_memcpy_w.o(.text), UNUSED)

<P><STRONG><a name="[209]"></a>__rt_memcpy_w</STRONG> (Thumb, 100 bytes, Stack size 8 bytes, rt_memcpy_w.o(.text), UNUSED)

<P><STRONG><a name="[20a]"></a>_memcpy_lastbytes_aligned</STRONG> (Thumb, 0 bytes, Stack size unknown bytes, rt_memcpy_w.o(.text), UNUSED)

<P><STRONG><a name="[20b]"></a>__use_two_region_memory</STRONG> (Thumb, 2 bytes, Stack size 0 bytes, heapauxi.o(.text), UNUSED)

<P><STRONG><a name="[20c]"></a>__rt_heap_escrow$2region</STRONG> (Thumb, 2 bytes, Stack size 0 bytes, heapauxi.o(.text), UNUSED)

<P><STRONG><a name="[20d]"></a>__rt_heap_expand$2region</STRONG> (Thumb, 2 bytes, Stack size 0 bytes, heapauxi.o(.text), UNUSED)

<P><STRONG><a name="[20e]"></a>__I$use$semihosting</STRONG> (Thumb, 0 bytes, Stack size 0 bytes, use_no_semi.o(.text), UNUSED)

<P><STRONG><a name="[20f]"></a>__use_no_semihosting_swi</STRONG> (Thumb, 2 bytes, Stack size 0 bytes, use_no_semi.o(.text), UNUSED)

<P><STRONG><a name="[141]"></a>_printf_char_common</STRONG> (Thumb, 32 bytes, Stack size 64 bytes, _printf_char_common.o(.text))
<BR><BR>[Stack]<UL><LI>Max Depth = 88 + Unknown Stack Size
<LI>Call Chain = _printf_char_common &rArr; __printf
</UL>
<BR>[Calls]<UL><LI><a href="#[142]">&gt;&gt;</a>&nbsp;&nbsp;&nbsp;__printf
</UL>
<BR>[Called By]<UL><LI><a href="#[84]">&gt;&gt;</a>&nbsp;&nbsp;&nbsp;__2sprintf
</UL>

<P><STRONG><a name="[4b]"></a>_sputc</STRONG> (Thumb, 10 bytes, Stack size 0 bytes, _sputc.o(.text))
<BR><BR>[Called By]<UL><LI><a href="#[84]">&gt;&gt;</a>&nbsp;&nbsp;&nbsp;__2sprintf
</UL>
<BR>[Address Reference Count : 1]<UL><LI> noretval__2sprintf.o(.text)
</UL>
<P><STRONG><a name="[147]"></a>_printf_cs_common</STRONG> (Thumb, 20 bytes, Stack size 8 bytes, _printf_char.o(.text))
<BR><BR>[Stack]<UL><LI>Max Depth = 24<LI>Call Chain = _printf_cs_common &rArr; _printf_str
</UL>
<BR>[Calls]<UL><LI><a href="#[148]">&gt;&gt;</a>&nbsp;&nbsp;&nbsp;_printf_str
</UL>
<BR>[Called By]<UL><LI><a href="#[149]">&gt;&gt;</a>&nbsp;&nbsp;&nbsp;_printf_string
<LI><a href="#[58]">&gt;&gt;</a>&nbsp;&nbsp;&nbsp;_printf_char
</UL>

<P><STRONG><a name="[58]"></a>_printf_char</STRONG> (Thumb, 16 bytes, Stack size 0 bytes, _printf_char.o(.text))
<BR><BR>[Stack]<UL><LI>Max Depth = 24<LI>Call Chain = _printf_char &rArr; _printf_cs_common &rArr; _printf_str
</UL>
<BR>[Calls]<UL><LI><a href="#[147]">&gt;&gt;</a>&nbsp;&nbsp;&nbsp;_printf_cs_common
</UL>
<BR>[Called By]<UL><LI><a href="#[57]">&gt;&gt;</a>&nbsp;&nbsp;&nbsp;_printf_c
</UL>

<P><STRONG><a name="[149]"></a>_printf_string</STRONG> (Thumb, 8 bytes, Stack size 0 bytes, _printf_char.o(.text), UNUSED)
<BR><BR>[Calls]<UL><LI><a href="#[147]">&gt;&gt;</a>&nbsp;&nbsp;&nbsp;_printf_cs_common
</UL>

<P><STRONG><a name="[146]"></a>_chval</STRONG> (Thumb, 28 bytes, Stack size 0 bytes, _chval.o(.text))
<BR><BR>[Called By]<UL><LI><a href="#[145]">&gt;&gt;</a>&nbsp;&nbsp;&nbsp;_scanf_int
</UL>

<P><STRONG><a name="[144]"></a>__vfscanf_char</STRONG> (Thumb, 24 bytes, Stack size 0 bytes, scanf_char.o(.text))
<BR><BR>[Stack]<UL><LI>Max Depth = 152<LI>Call Chain = __vfscanf_char &rArr; __vfscanf &rArr; _scanf_int
</UL>
<BR>[Calls]<UL><LI><a href="#[14a]">&gt;&gt;</a>&nbsp;&nbsp;&nbsp;__vfscanf
</UL>
<BR>[Called By]<UL><LI><a href="#[88]">&gt;&gt;</a>&nbsp;&nbsp;&nbsp;__0sscanf
</UL>

<P><STRONG><a name="[4c]"></a>_sgetc</STRONG> (Thumb, 30 bytes, Stack size 0 bytes, _sgetc.o(.text))
<BR>[Address Reference Count : 1]<UL><LI> __0sscanf.o(.text)
</UL>
<P><STRONG><a name="[4d]"></a>_sbackspace</STRONG> (Thumb, 34 bytes, Stack size 0 bytes, _sgetc.o(.text))
<BR>[Address Reference Count : 1]<UL><LI> __0sscanf.o(.text)
</UL>
<P><STRONG><a name="[50]"></a>isspace</STRONG> (Thumb, 18 bytes, Stack size 8 bytes, isspace.o(.text))
<BR><BR>[Stack]<UL><LI>Max Depth = 16<LI>Call Chain = isspace &rArr; __rt_ctype_table
</UL>
<BR>[Calls]<UL><LI><a href="#[14b]">&gt;&gt;</a>&nbsp;&nbsp;&nbsp;__rt_ctype_table
</UL>
<BR>[Address Reference Count : 1]<UL><LI> scanf_char.o(.text)
</UL>
<P><STRONG><a name="[14a]"></a>__vfscanf</STRONG> (Thumb, 878 bytes, Stack size 96 bytes, _scanf.o(.text))
<BR><BR>[Stack]<UL><LI>Max Depth = 152<LI>Call Chain = __vfscanf &rArr; _scanf_int
</UL>
<BR>[Calls]<UL><LI><a href="#[145]">&gt;&gt;</a>&nbsp;&nbsp;&nbsp;_scanf_int
</UL>
<BR>[Called By]<UL><LI><a href="#[144]">&gt;&gt;</a>&nbsp;&nbsp;&nbsp;__vfscanf_char
</UL>

<P><STRONG><a name="[5d]"></a>__user_setup_stackheap</STRONG> (Thumb, 74 bytes, Stack size 8 bytes, sys_stackheap_outer.o(.text))
<BR><BR>[Stack]<UL><LI>Max Depth = 8 + Unknown Stack Size
<LI>Call Chain = __user_setup_stackheap
</UL>
<BR>[Calls]<UL><LI><a href="#[14d]">&gt;&gt;</a>&nbsp;&nbsp;&nbsp;__user_initial_stackheap
<LI><a href="#[14c]">&gt;&gt;</a>&nbsp;&nbsp;&nbsp;__user_perproc_libspace
</UL>
<BR>[Called By]<UL><LI><a href="#[5c]">&gt;&gt;</a>&nbsp;&nbsp;&nbsp;__rt_entry_sh
</UL>

<P><STRONG><a name="[14b]"></a>__rt_ctype_table</STRONG> (Thumb, 16 bytes, Stack size 8 bytes, rt_ctype_table.o(.text))
<BR><BR>[Stack]<UL><LI>Max Depth = 8<LI>Call Chain = __rt_ctype_table
</UL>
<BR>[Calls]<UL><LI><a href="#[5a]">&gt;&gt;</a>&nbsp;&nbsp;&nbsp;__rt_locale
</UL>
<BR>[Called By]<UL><LI><a href="#[50]">&gt;&gt;</a>&nbsp;&nbsp;&nbsp;isspace
</UL>

<P><STRONG><a name="[62]"></a>exit</STRONG> (Thumb, 12 bytes, Stack size 0 bytes, exit.o(.text))
<BR><BR>[Calls]<UL><LI><a href="#[14e]">&gt;&gt;</a>&nbsp;&nbsp;&nbsp;__rt_exit
</UL>
<BR>[Called By]<UL><LI><a href="#[60]">&gt;&gt;</a>&nbsp;&nbsp;&nbsp;__rt_entry_main
</UL>

<P><STRONG><a name="[210]"></a>__user_libspace</STRONG> (Thumb, 8 bytes, Stack size 0 bytes, libspace.o(.text), UNUSED)

<P><STRONG><a name="[14c]"></a>__user_perproc_libspace</STRONG> (Thumb, 0 bytes, Stack size 0 bytes, libspace.o(.text))
<BR><BR>[Called By]<UL><LI><a href="#[5d]">&gt;&gt;</a>&nbsp;&nbsp;&nbsp;__user_setup_stackheap
</UL>

<P><STRONG><a name="[211]"></a>__user_perthread_libspace</STRONG> (Thumb, 0 bytes, Stack size 0 bytes, libspace.o(.text), UNUSED)

<P><STRONG><a name="[5a]"></a>__rt_locale</STRONG> (Thumb, 8 bytes, Stack size 0 bytes, rt_locale_intlibspace.o(.text))
<BR><BR>[Called By]<UL><LI><a href="#[59]">&gt;&gt;</a>&nbsp;&nbsp;&nbsp;__rt_lib_init_lc_common
<LI><a href="#[14b]">&gt;&gt;</a>&nbsp;&nbsp;&nbsp;__rt_ctype_table
</UL>

<P><STRONG><a name="[14f]"></a>strcmp</STRONG> (Thumb, 128 bytes, Stack size 0 bytes, strcmpv7m.o(.text))
<BR><BR>[Called By]<UL><LI><a href="#[51]">&gt;&gt;</a>&nbsp;&nbsp;&nbsp;_get_lc_ctype
</UL>

<P><STRONG><a name="[51]"></a>_get_lc_ctype</STRONG> (Thumb, 44 bytes, Stack size 8 bytes, lc_ctype_c.o(locale$$code))
<BR><BR>[Stack]<UL><LI>Max Depth = 8<LI>Call Chain = _get_lc_ctype
</UL>
<BR>[Calls]<UL><LI><a href="#[14f]">&gt;&gt;</a>&nbsp;&nbsp;&nbsp;strcmp
</UL>
<BR>[Called By]<UL><LI><a href="#[5b]">&gt;&gt;</a>&nbsp;&nbsp;&nbsp;__rt_lib_init_lc_ctype_2
</UL>
<BR>[Address Reference Count : 1]<UL><LI> rt_ctype_table.o(.text)
</UL>
<P><STRONG><a name="[ad]"></a>__aeabi_ddiv</STRONG> (Thumb, 0 bytes, Stack size 32 bytes, ddiv.o(x$fpl$ddiv))
<BR><BR>[Stack]<UL><LI>Max Depth = 32<LI>Call Chain = __aeabi_ddiv
</UL>
<BR>[Called By]<UL><LI><a href="#[6b]">&gt;&gt;</a>&nbsp;&nbsp;&nbsp;Dac2_Set_Vol
<LI><a href="#[6a]">&gt;&gt;</a>&nbsp;&nbsp;&nbsp;Dac1_Set_Vol
</UL>

<P><STRONG><a name="[150]"></a>_ddiv</STRONG> (Thumb, 552 bytes, Stack size 32 bytes, ddiv.o(x$fpl$ddiv), UNUSED)
<BR><BR>[Calls]<UL><LI><a href="#[151]">&gt;&gt;</a>&nbsp;&nbsp;&nbsp;__fpl_dretinf
<LI><a href="#[152]">&gt;&gt;</a>&nbsp;&nbsp;&nbsp;__fpl_dnaninf
</UL>

<P><STRONG><a name="[af]"></a>__aeabi_d2uiz</STRONG> (Thumb, 0 bytes, Stack size 32 bytes, dfixu.o(x$fpl$dfixu))
<BR><BR>[Stack]<UL><LI>Max Depth = 32<LI>Call Chain = __aeabi_d2uiz
</UL>
<BR>[Called By]<UL><LI><a href="#[6b]">&gt;&gt;</a>&nbsp;&nbsp;&nbsp;Dac2_Set_Vol
<LI><a href="#[6a]">&gt;&gt;</a>&nbsp;&nbsp;&nbsp;Dac1_Set_Vol
</UL>

<P><STRONG><a name="[153]"></a>_dfixu</STRONG> (Thumb, 90 bytes, Stack size 32 bytes, dfixu.o(x$fpl$dfixu), UNUSED)
<BR><BR>[Calls]<UL><LI><a href="#[152]">&gt;&gt;</a>&nbsp;&nbsp;&nbsp;__fpl_dnaninf
</UL>

<P><STRONG><a name="[ae]"></a>__aeabi_dmul</STRONG> (Thumb, 0 bytes, Stack size 32 bytes, dmul.o(x$fpl$dmul))
<BR><BR>[Stack]<UL><LI>Max Depth = 32<LI>Call Chain = __aeabi_dmul
</UL>
<BR>[Called By]<UL><LI><a href="#[6b]">&gt;&gt;</a>&nbsp;&nbsp;&nbsp;Dac2_Set_Vol
<LI><a href="#[6a]">&gt;&gt;</a>&nbsp;&nbsp;&nbsp;Dac1_Set_Vol
</UL>

<P><STRONG><a name="[154]"></a>_dmul</STRONG> (Thumb, 332 bytes, Stack size 32 bytes, dmul.o(x$fpl$dmul), UNUSED)
<BR><BR>[Calls]<UL><LI><a href="#[151]">&gt;&gt;</a>&nbsp;&nbsp;&nbsp;__fpl_dretinf
<LI><a href="#[152]">&gt;&gt;</a>&nbsp;&nbsp;&nbsp;__fpl_dnaninf
</UL>

<P><STRONG><a name="[152]"></a>__fpl_dnaninf</STRONG> (Thumb, 156 bytes, Stack size 16 bytes, dnaninf.o(x$fpl$dnaninf), UNUSED)
<BR><BR>[Called By]<UL><LI><a href="#[154]">&gt;&gt;</a>&nbsp;&nbsp;&nbsp;_dmul
<LI><a href="#[153]">&gt;&gt;</a>&nbsp;&nbsp;&nbsp;_dfixu
<LI><a href="#[150]">&gt;&gt;</a>&nbsp;&nbsp;&nbsp;_ddiv
</UL>

<P><STRONG><a name="[151]"></a>__fpl_dretinf</STRONG> (Thumb, 12 bytes, Stack size 0 bytes, dretinf.o(x$fpl$dretinf), UNUSED)
<BR><BR>[Called By]<UL><LI><a href="#[155]">&gt;&gt;</a>&nbsp;&nbsp;&nbsp;_f2d
<LI><a href="#[154]">&gt;&gt;</a>&nbsp;&nbsp;&nbsp;_dmul
<LI><a href="#[150]">&gt;&gt;</a>&nbsp;&nbsp;&nbsp;_ddiv
</UL>

<P><STRONG><a name="[ac]"></a>__aeabi_f2d</STRONG> (Thumb, 0 bytes, Stack size 16 bytes, f2d.o(x$fpl$f2d))
<BR><BR>[Stack]<UL><LI>Max Depth = 16<LI>Call Chain = __aeabi_f2d
</UL>
<BR>[Called By]<UL><LI><a href="#[6b]">&gt;&gt;</a>&nbsp;&nbsp;&nbsp;Dac2_Set_Vol
<LI><a href="#[6a]">&gt;&gt;</a>&nbsp;&nbsp;&nbsp;Dac1_Set_Vol
</UL>

<P><STRONG><a name="[155]"></a>_f2d</STRONG> (Thumb, 86 bytes, Stack size 16 bytes, f2d.o(x$fpl$f2d), UNUSED)
<BR><BR>[Calls]<UL><LI><a href="#[156]">&gt;&gt;</a>&nbsp;&nbsp;&nbsp;__fpl_fnaninf
<LI><a href="#[151]">&gt;&gt;</a>&nbsp;&nbsp;&nbsp;__fpl_dretinf
</UL>

<P><STRONG><a name="[77]"></a>__aeabi_fdiv</STRONG> (Thumb, 0 bytes, Stack size 16 bytes, fdiv.o(x$fpl$fdiv))
<BR><BR>[Stack]<UL><LI>Max Depth = 16<LI>Call Chain = __aeabi_fdiv
</UL>
<BR>[Called By]<UL><LI><a href="#[89]">&gt;&gt;</a>&nbsp;&nbsp;&nbsp;NotifyButton
<LI><a href="#[75]">&gt;&gt;</a>&nbsp;&nbsp;&nbsp;UpdateUI
</UL>

<P><STRONG><a name="[157]"></a>_fdiv</STRONG> (Thumb, 384 bytes, Stack size 16 bytes, fdiv.o(x$fpl$fdiv), UNUSED)
<BR><BR>[Calls]<UL><LI><a href="#[158]">&gt;&gt;</a>&nbsp;&nbsp;&nbsp;__fpl_fretinf
<LI><a href="#[156]">&gt;&gt;</a>&nbsp;&nbsp;&nbsp;__fpl_fnaninf
</UL>

<P><STRONG><a name="[76]"></a>__aeabi_fmul</STRONG> (Thumb, 0 bytes, Stack size 16 bytes, fmul.o(x$fpl$fmul))
<BR><BR>[Stack]<UL><LI>Max Depth = 16<LI>Call Chain = __aeabi_fmul
</UL>
<BR>[Called By]<UL><LI><a href="#[89]">&gt;&gt;</a>&nbsp;&nbsp;&nbsp;NotifyButton
<LI><a href="#[75]">&gt;&gt;</a>&nbsp;&nbsp;&nbsp;UpdateUI
</UL>

<P><STRONG><a name="[159]"></a>_fmul</STRONG> (Thumb, 258 bytes, Stack size 16 bytes, fmul.o(x$fpl$fmul), UNUSED)
<BR><BR>[Calls]<UL><LI><a href="#[158]">&gt;&gt;</a>&nbsp;&nbsp;&nbsp;__fpl_fretinf
<LI><a href="#[156]">&gt;&gt;</a>&nbsp;&nbsp;&nbsp;__fpl_fnaninf
</UL>

<P><STRONG><a name="[156]"></a>__fpl_fnaninf</STRONG> (Thumb, 140 bytes, Stack size 8 bytes, fnaninf.o(x$fpl$fnaninf), UNUSED)
<BR><BR>[Called By]<UL><LI><a href="#[159]">&gt;&gt;</a>&nbsp;&nbsp;&nbsp;_fmul
<LI><a href="#[157]">&gt;&gt;</a>&nbsp;&nbsp;&nbsp;_fdiv
<LI><a href="#[155]">&gt;&gt;</a>&nbsp;&nbsp;&nbsp;_f2d
</UL>

<P><STRONG><a name="[158]"></a>__fpl_fretinf</STRONG> (Thumb, 10 bytes, Stack size 0 bytes, fretinf.o(x$fpl$fretinf), UNUSED)
<BR><BR>[Called By]<UL><LI><a href="#[159]">&gt;&gt;</a>&nbsp;&nbsp;&nbsp;_fmul
<LI><a href="#[157]">&gt;&gt;</a>&nbsp;&nbsp;&nbsp;_fdiv
</UL>
<P>
<H3>
Local Symbols
</H3>
<P><STRONG><a name="[a4]"></a>SetSysClockTo72</STRONG> (Thumb, 214 bytes, Stack size 12 bytes, system_stm32f10x.o(.text))
<BR><BR>[Stack]<UL><LI>Max Depth = 12<LI>Call Chain = SetSysClockTo72
</UL>
<BR>[Called By]<UL><LI><a href="#[a3]">&gt;&gt;</a>&nbsp;&nbsp;&nbsp;SetSysClock
</UL>

<P><STRONG><a name="[a3]"></a>SetSysClock</STRONG> (Thumb, 8 bytes, Stack size 8 bytes, system_stm32f10x.o(.text))
<BR><BR>[Stack]<UL><LI>Max Depth = 20<LI>Call Chain = SetSysClock &rArr; SetSysClockTo72
</UL>
<BR>[Calls]<UL><LI><a href="#[a4]">&gt;&gt;</a>&nbsp;&nbsp;&nbsp;SetSysClockTo72
</UL>
<BR>[Called By]<UL><LI><a href="#[49]">&gt;&gt;</a>&nbsp;&nbsp;&nbsp;SystemInit
</UL>

<P><STRONG><a name="[b3]"></a>queue_pop</STRONG> (Thumb, 48 bytes, Stack size 0 bytes, cmd_queue.o(.text))
<BR><BR>[Called By]<UL><LI><a href="#[a2]">&gt;&gt;</a>&nbsp;&nbsp;&nbsp;queue_find_cmd
</UL>

<P><STRONG><a name="[b4]"></a>queue_size</STRONG> (Thumb, 30 bytes, Stack size 0 bytes, cmd_queue.o(.text))
<BR><BR>[Called By]<UL><LI><a href="#[a2]">&gt;&gt;</a>&nbsp;&nbsp;&nbsp;queue_find_cmd
</UL>

<P><STRONG><a name="[138]"></a>TI4_Config</STRONG> (Thumb, 130 bytes, Stack size 20 bytes, stm32f10x_tim.o(.text), UNUSED)
<BR><BR>[Called By]<UL><LI><a href="#[131]">&gt;&gt;</a>&nbsp;&nbsp;&nbsp;TIM_ICInit
</UL>

<P><STRONG><a name="[136]"></a>TI3_Config</STRONG> (Thumb, 122 bytes, Stack size 20 bytes, stm32f10x_tim.o(.text), UNUSED)
<BR><BR>[Called By]<UL><LI><a href="#[131]">&gt;&gt;</a>&nbsp;&nbsp;&nbsp;TIM_ICInit
</UL>

<P><STRONG><a name="[134]"></a>TI2_Config</STRONG> (Thumb, 130 bytes, Stack size 20 bytes, stm32f10x_tim.o(.text), UNUSED)
<BR><BR>[Called By]<UL><LI><a href="#[13d]">&gt;&gt;</a>&nbsp;&nbsp;&nbsp;TIM_TIxExternalClockConfig
<LI><a href="#[13a]">&gt;&gt;</a>&nbsp;&nbsp;&nbsp;TIM_PWMIConfig
<LI><a href="#[131]">&gt;&gt;</a>&nbsp;&nbsp;&nbsp;TIM_ICInit
</UL>

<P><STRONG><a name="[132]"></a>TI1_Config</STRONG> (Thumb, 108 bytes, Stack size 20 bytes, stm32f10x_tim.o(.text), UNUSED)
<BR><BR>[Called By]<UL><LI><a href="#[13d]">&gt;&gt;</a>&nbsp;&nbsp;&nbsp;TIM_TIxExternalClockConfig
<LI><a href="#[13a]">&gt;&gt;</a>&nbsp;&nbsp;&nbsp;TIM_PWMIConfig
<LI><a href="#[131]">&gt;&gt;</a>&nbsp;&nbsp;&nbsp;TIM_ICInit
</UL>

<P><STRONG><a name="[4e]"></a>_printf_input_char</STRONG> (Thumb, 10 bytes, Stack size 0 bytes, _printf_char_common.o(.text))
<BR>[Address Reference Count : 1]<UL><LI> _printf_char_common.o(.text)
</UL>
<P><STRONG><a name="[4f]"></a>_scanf_char_input</STRONG> (Thumb, 12 bytes, Stack size 0 bytes, scanf_char.o(.text))
<BR>[Address Reference Count : 1]<UL><LI> scanf_char.o(.text)
</UL><P>
<H3>
Undefined Global Symbols
</H3><HR></body></html>
