<html>
<body>
<pre>
<h1>礦ision Build Log</h1>
<h2>Tool Versions:</h2>
IDE-Version: μVision V5.14.0.0
Copyright (C) 2015 ARM Ltd and ARM Germany GmbH. All rights reserved.
License Information: HG.GJXS HG.GJXS, HG.GJXS, LIC=HF8TG-V1N0W-TJ66H-WWCVA-JQC6V-9X01M
 
Tool Versions:
Toolchain:       MDK-ARM Professional  Version: 5.14.0.0
Toolchain Path:  D:\Keil\ARM\ARMCC\Bin
C Compiler:      Armcc.exe V5.05 update 1 (build 106)
Assembler:       Armasm.exe V5.05 update 1 (build 106)
Linker/Locator:  ArmLink.exe V5.05 update 1 (build 106)
Library Manager: ArmAr.exe V5.05 update 1 (build 106)
Hex Converter:   FromElf.exe V5.05 update 1 (build 106)
CPU DLL:         SARMCM3.DLL V5.14.0.0
Dialog DLL:      DCM.DLL V1.13.1.0
Target DLL:      STLink\ST-LINKIII-KEIL_SWO.dll V2.0.14.0_KEIL
Dialog DLL:      TCM.DLL V1.14.4.0
 
<h2>Project:</h2>
D:\下位机\慧谷工程\慧谷工程\电气柜\电气柜\程序\M3内核版本\Electrical_cabinet_Obj\USER\Electrical_cabinet_Obj.uvprojx
Project File Date:  09/30/2021

<h2>Output:</h2>
Rebuild target 'Electrical_cabinet_Obj'
compiling main.c...
main.c(24): warning:  #177-D: variable "progress_value" was declared but never referenced
  static int32 progress_value = 0;                                                     //进度条测试值
main.c(26): warning:  #177-D: variable "update_en" was declared but never referenced
  static uint8 update_en = 0;                                                          //更新标记
main.c(31): warning:  #177-D: variable "second_flag" was declared but never referenced
  static int32 second_flag=0;                                                          //时间标志位
main.c: 3 warnings, 0 errors
compiling stm32f10x_it.c...
compiling system_stm32f10x.c...
compiling key.c...
compiling adc.c...
compiling dac.c...
compiling cabinet.c...
compiling cmd_queue.c...
compiling hmi_driver.c...
compiling hmi_user_uart.c...
compiling hw_config.c...
compiling tim3.c...
compiling delay.c...
compiling sys.c...
compiling core_cm3.c...
assembling startup_stm32f10x_hd.s...
compiling misc.c...
compiling stm32f10x_adc.c...
compiling stm32f10x_fsmc.c...
compiling stm32f10x_gpio.c...
compiling stm32f10x_usart.c...
compiling stm32f10x_dac.c...
compiling stm32f10x_rcc.c...
compiling stm32f10x_tim.c...
linking...
Program Size: Code=27408 RO-data=1244 RW-data=152 ZI-data=2216  
FromELF: creating hex file...
"..\OBJ\Electrical_cabinet_Obj.axf" - 0 Error(s), 3 Warning(s).

<h2>Collection of Component include folders:</h2>
  D:\下位机\慧谷工程\慧谷工程\电气柜\电气柜\程序\M3内核版本\Electrical_cabinet_Obj\USER\RTE
  D:\Keil\Keil\STM32F1xx_DFP\2.4.0

<h2>Collection of Component Files used:</h2>
</pre>
</body>
</html>
